Component: ARM Compiler 5.06 update 6 (build 750) Tool: armlink [4d35ed]

==============================================================================

Section Cross References

    main.o(i.PIDInit) refers to memseta.o(.text) for __aeabi_memclr4
    main.o(i.STACKInit) refers to memseta.o(.text) for __aeabi_memclr4
    main.o(i.main) refers to stm32f4xx_hal.o(i.HAL_Init) for HAL_Init
    main.o(i.main) refers to sys.o(i.Stm32_Clock_Init) for Stm32_Clock_Init
    main.o(i.main) refers to printfa.o(i.__0printf) for __2printf
    main.o(i.main) refers to stm32f4xx_hal.o(i.HAL_Delay) for HAL_Delay
    main.o(i.main) refers to gpio.o(i.MX_GPIO_Init) for MX_GPIO_Init
    main.o(i.main) refers to dma.o(i.MX_DMA_Init) for MX_DMA_Init
    main.o(i.main) refers to usart.o(i.MX_USART1_UART_Init) for MX_USART1_UART_Init
    main.o(i.main) refers to usart.o(i.MX_USART3_UART_Init) for MX_USART3_UART_Init
    main.o(i.main) refers to usart.o(i.MX_USART6_UART_Init) for MX_USART6_UART_Init
    main.o(i.main) refers to uart_dma.o(i.StartUartRxDMA) for StartUartRxDMA
    main.o(i.main) refers to led.o(i.LED_Init) for LED_Init
    main.o(i.main) refers to key.o(i.KEY_Init) for KEY_Init
    main.o(i.main) refers to sdram.o(i.SDRAM_Init) for SDRAM_Init
    main.o(i.main) refers to lcd.o(i.LCD_Init) for LCD_Init
    main.o(i.main) refers to beep.o(i.BEEP_Init) for BEEP_Init
    main.o(i.main) refers to spi.o(i.MX_SPI1_Init) for MX_SPI1_Init
    main.o(i.main) refers to icm20602.o(i.icm20602_init_spi) for icm20602_init_spi
    main.o(i.main) refers to tim.o(i.MX_TIM2_Init) for MX_TIM2_Init
    main.o(i.main) refers to tim.o(i.MX_TIM10_Init) for MX_TIM10_Init
    main.o(i.main) refers to tim.o(i.MX_TIM11_Init) for MX_TIM11_Init
    main.o(i.main) refers to tim.o(i.MX_TIM13_Init) for MX_TIM13_Init
    main.o(i.main) refers to stm32f4xx_hal_tim.o(i.HAL_TIM_PWM_Start) for HAL_TIM_PWM_Start
    main.o(i.main) refers to delay.o(i.delay_init) for delay_init
    main.o(i.main) refers to mpu6050.o(i.MPU_Init) for MPU_Init
    main.o(i.main) refers to main.o(i.PIDInit) for PIDInit
    main.o(i.main) refers to main.o(i.STACKInit) for STACKInit
    main.o(i.main) refers to stm32f4xx_hal_gpio.o(i.HAL_GPIO_WritePin) for HAL_GPIO_WritePin
    main.o(i.main) refers to stm32f4xx_hal_tim.o(i.HAL_TIM_Base_Start_IT) for HAL_TIM_Base_Start_IT
    main.o(i.main) refers to gun_action.o(i.Yaw_Angle) for Yaw_Angle
    main.o(i.main) refers to gun_action.o(i.Pitch_Angle) for Pitch_Angle
    main.o(i.main) refers to beep.o(i.BEEP_ONCE) for BEEP_ONCE
    main.o(i.main) refers to screen_app.o(i.railgun_button) for railgun_button
    main.o(i.main) refers to delay.o(i.delay_ms) for delay_ms
    main.o(i.main) refers to screen_app.o(i.railgun_FOLLOW_GUI_INIT) for railgun_FOLLOW_GUI_INIT
    main.o(i.main) refers to screen_app.o(i.railgun_INIT_GUI_INIT) for railgun_INIT_GUI_INIT
    main.o(i.main) refers to screen_app.o(i.railgun_MANUAL_GUI_INIT) for railgun_MANUAL_GUI_INIT
    main.o(i.main) refers to screen_app.o(i.railgun_AUTO1_GUI_INIT) for railgun_AUTO1_GUI_INIT
    main.o(i.main) refers to screen_app.o(i.railgun_AUTO2_GUI_INIT) for railgun_AUTO2_GUI_INIT
    main.o(i.main) refers to touch.o(.data) for tp_dev
    main.o(i.main) refers to tim.o(.bss) for htim10
    main.o(i.main) refers to main.o(.bss) for .bss
    main.o(i.main) refers to main.o(.data) for .data
    stm32f4xx_it.o(i.DMA1_Stream1_IRQHandler) refers to stm32f4xx_hal_dma.o(i.HAL_DMA_IRQHandler) for HAL_DMA_IRQHandler
    stm32f4xx_it.o(i.DMA1_Stream1_IRQHandler) refers to usart.o(.bss) for hdma_usart3_rx
    stm32f4xx_it.o(i.DMA1_Stream3_IRQHandler) refers to stm32f4xx_hal_dma.o(i.HAL_DMA_IRQHandler) for HAL_DMA_IRQHandler
    stm32f4xx_it.o(i.DMA1_Stream3_IRQHandler) refers to usart.o(.bss) for hdma_usart3_tx
    stm32f4xx_it.o(i.EXTI2_IRQHandler) refers to stm32f4xx_hal_gpio.o(i.HAL_GPIO_EXTI_IRQHandler) for HAL_GPIO_EXTI_IRQHandler
    stm32f4xx_it.o(i.EXTI3_IRQHandler) refers to stm32f4xx_hal_gpio.o(i.HAL_GPIO_EXTI_IRQHandler) for HAL_GPIO_EXTI_IRQHandler
    stm32f4xx_it.o(i.EXTI9_5_IRQHandler) refers to stm32f4xx_hal_gpio.o(i.HAL_GPIO_EXTI_IRQHandler) for HAL_GPIO_EXTI_IRQHandler
    stm32f4xx_it.o(i.SysTick_Handler) refers to stm32f4xx_hal.o(i.HAL_IncTick) for HAL_IncTick
    stm32f4xx_it.o(i.TIM2_IRQHandler) refers to stm32f4xx_hal_tim.o(i.HAL_TIM_IRQHandler) for HAL_TIM_IRQHandler
    stm32f4xx_it.o(i.TIM2_IRQHandler) refers to tim.o(.bss) for htim2
    stm32f4xx_it.o(i.USART2_IRQHandler) refers to stm32f4xx_hal_uart.o(i.HAL_UART_IRQHandler) for HAL_UART_IRQHandler
    stm32f4xx_it.o(i.USART2_IRQHandler) refers to usart.o(.bss) for huart2
    stm32f4xx_it.o(i.USART3_IRQHandler) refers to uart_dma.o(i.HAL_UART_IdleCallback) for HAL_UART_IdleCallback
    stm32f4xx_it.o(i.USART3_IRQHandler) refers to stm32f4xx_hal_uart.o(i.HAL_UART_IRQHandler) for HAL_UART_IRQHandler
    stm32f4xx_it.o(i.USART3_IRQHandler) refers to usart.o(.bss) for huart3
[...]
    FMC_NORSRAM_Timing_Init                  0x08001559   Thumb Code    86  stm32f4xx_ll_fmc.o(i.FMC_NORSRAM_Timing_Init)
    FMC_SDRAM_Init                           0x080015b5   Thumb Code    76  stm32f4xx_ll_fmc.o(i.FMC_SDRAM_Init)
    FMC_SDRAM_ProgramRefreshRate             0x08001601   Thumb Code    12  stm32f4xx_ll_fmc.o(i.FMC_SDRAM_ProgramRefreshRate)
    FMC_SDRAM_SendCommand                    0x0800160d   Thumb Code    72  stm32f4xx_ll_fmc.o(i.FMC_SDRAM_SendCommand)
    FMC_SDRAM_Timing_Init                    0x08001655   Thumb Code   124  stm32f4xx_ll_fmc.o(i.FMC_SDRAM_Timing_Init)
    FOLLOW_Action                            0x080016d1   Thumb Code    16  gun_action.o(i.FOLLOW_Action)
    FT5206_Init                              0x080016e5   Thumb Code   298  ft5206.o(i.FT5206_Init)
    FT5206_RD_Reg                            0x0800183d   Thumb Code    86  ft5206.o(i.FT5206_RD_Reg)
    FT5206_Scan                              0x08001895   Thumb Code   594  ft5206.o(i.FT5206_Scan)
    FT5206_WR_Reg                            0x08001afd   Thumb Code    72  ft5206.o(i.FT5206_WR_Reg)
    Follow_To_Init                           0x08001b45   Thumb Code    40  status_transmit.o(i.Follow_To_Init)
    GT9147_Init                              0x08001b79   Thumb Code   256  gt9147.o(i.GT9147_Init)
    GT9147_RD_Reg                            0x08001cb5   Thumb Code    96  gt9147.o(i.GT9147_RD_Reg)
    GT9147_Scan                              0x08001d15   Thumb Code   502  gt9147.o(i.GT9147_Scan)
    GT9147_Send_Cfg                          0x08001f1d   Thumb Code    74  gt9147.o(i.GT9147_Send_Cfg)
    GT9147_WR_Reg                            0x08001f6d   Thumb Code    82  gt9147.o(i.GT9147_WR_Reg)
    HAL_DMA_Abort                            0x08001fc1   Thumb Code    84  stm32f4xx_hal_dma.o(i.HAL_DMA_Abort)
    HAL_DMA_IRQHandler                       0x08002015   Thumb Code   412  stm32f4xx_hal_dma.o(i.HAL_DMA_IRQHandler)
    HAL_DMA_Init                             0x080021b5   Thumb Code   116  stm32f4xx_hal_dma.o(i.HAL_DMA_Init)
    HAL_DMA_Start_IT                         0x0800222d   Thumb Code    78  stm32f4xx_hal_dma.o(i.HAL_DMA_Start_IT)
    HAL_Delay                                0x0800227b   Thumb Code    22  stm32f4xx_hal.o(i.HAL_Delay)
    HAL_GPIO_EXTI_Callback                   0x08002291   Thumb Code   200  actuator.o(i.HAL_GPIO_EXTI_Callback)
    HAL_GPIO_EXTI_IRQHandler                 0x08002375   Thumb Code    18  stm32f4xx_hal_gpio.o(i.HAL_GPIO_EXTI_IRQHandler)
    HAL_GPIO_Init                            0x0800238d   Thumb Code   408  stm32f4xx_hal_gpio.o(i.HAL_GPIO_Init)
    HAL_GPIO_ReadPin                         0x08002559   Thumb Code    10  stm32f4xx_hal_gpio.o(i.HAL_GPIO_ReadPin)
    HAL_GPIO_TogglePin                       0x08002563   Thumb Code     8  stm32f4xx_hal_gpio.o(i.HAL_GPIO_TogglePin)
    HAL_GPIO_WritePin                        0x0800256b   Thumb Code    10  stm32f4xx_hal_gpio.o(i.HAL_GPIO_WritePin)
    HAL_GetTick                              0x08002575   Thumb Code     6  stm32f4xx_hal.o(i.HAL_GetTick)
    HAL_IncTick                              0x08002581   Thumb Code    10  stm32f4xx_hal.o(i.HAL_IncTick)
    HAL_Init                                 0x08002591   Thumb Code    48  stm32f4xx_hal.o(i.HAL_Init)
    HAL_InitTick                             0x080025c5   Thumb Code    34  stm32f4xx_hal.o(i.HAL_InitTick)
    HAL_LTDC_ConfigLayer                     0x080025e7   Thumb Code    82  stm32f4xx_hal_ltdc.o(i.HAL_LTDC_ConfigLayer)
    HAL_LTDC_Init                            0x08002639   Thumb Code   248  stm32f4xx_hal_ltdc.o(i.HAL_LTDC_Init)
    HAL_LTDC_MspInit                         0x08002735   Thumb Code   218  ltdc.o(i.HAL_LTDC_MspInit)
    HAL_LTDC_SetWindowPosition               0x08002829   Thumb Code    84  stm32f4xx_hal_ltdc.o(i.HAL_LTDC_SetWindowPosition)
    HAL_LTDC_SetWindowSize                   0x0800287d   Thumb Code    84  stm32f4xx_hal_ltdc.o(i.HAL_LTDC_SetWindowSize)
    HAL_MspInit                              0x080028d1   Thumb Code     8  stm32f4xx_hal.o(i.HAL_MspInit)
    HAL_NVIC_EnableIRQ                       0x080028d9   Thumb Code    22  stm32f4xx_hal_cortex.o(i.HAL_NVIC_EnableIRQ)
    HAL_NVIC_SetPriority                     0x080028f1   Thumb Code    60  stm32f4xx_hal_cortex.o(i.HAL_NVIC_SetPriority)
    HAL_NVIC_SetPriorityGrouping             0x08002931   Thumb Code    26  stm32f4xx_hal_cortex.o(i.HAL_NVIC_SetPriorityGrouping)
    HAL_PWREx_EnableOverDrive                0x08002955   Thumb Code   126  stm32f4xx_hal_pwr_ex.o(i.HAL_PWREx_EnableOverDrive)
    HAL_RCCEx_PeriphCLKConfig                0x080029e1   Thumb Code   644  stm32f4xx_hal_rcc_ex.o(i.HAL_RCCEx_PeriphCLKConfig)
    HAL_RCC_ClockConfig                      0x08002c89   Thumb Code   514  stm32f4xx_hal_rcc.o(i.HAL_RCC_ClockConfig)
    HAL_RCC_GetHCLKFreq                      0x08002e95   Thumb Code    38  stm32f4xx_hal_rcc.o(i.HAL_RCC_GetHCLKFreq)
    HAL_RCC_GetPCLK1Freq                     0x08002ec9   Thumb Code    36  stm32f4xx_hal_rcc.o(i.HAL_RCC_GetPCLK1Freq)
    HAL_RCC_GetPCLK2Freq                     0x08002ef5   Thumb Code    36  stm32f4xx_hal_rcc.o(i.HAL_RCC_GetPCLK2Freq)
    HAL_RCC_GetSysClockFreq                  0x08002f21   Thumb Code   104  stm32f4xx_hal_rcc.o(i.HAL_RCC_GetSysClockFreq)
    HAL_RCC_OscConfig                        0x08002f95   Thumb Code   806  stm32f4xx_hal_rcc.o(i.HAL_RCC_OscConfig)
    HAL_SDRAM_Init                           0x080032d1   Thumb Code    66  stm32f4xx_hal_sdram.o(i.HAL_SDRAM_Init)
    HAL_SDRAM_MspInit                        0x08003315   Thumb Code   194  sdram.o(i.HAL_SDRAM_MspInit)
    HAL_SDRAM_ProgramRefreshRate             0x080033f1   Thumb Code    34  stm32f4xx_hal_sdram.o(i.HAL_SDRAM_ProgramRefreshRate)
    HAL_SDRAM_SendCommand                    0x08003415   Thumb Code    48  stm32f4xx_hal_sdram.o(i.HAL_SDRAM_SendCommand)
    HAL_SPI_Init                             0x08003445   Thumb Code   132  stm32f4xx_hal_spi.o(i.HAL_SPI_Init)
    HAL_SPI_MspInit                          0x080034c9   Thumb Code    92  spi.o(i.HAL_SPI_MspInit)
    HAL_SPI_Transmit                         0x08003531   Thumb Code   324  stm32f4xx_hal_spi.o(i.HAL_SPI_Transmit)
    HAL_SPI_TransmitReceive                  0x08003675   Thumb Code   682  stm32f4xx_hal_spi.o(i.HAL_SPI_TransmitReceive)
    HAL_SRAM_Init                            0x0800391f   Thumb Code    86  stm32f4xx_hal_sram.o(i.HAL_SRAM_Init)
    HAL_SRAM_MspInit                         0x08003975   Thumb Code   106  lcd.o(i.HAL_SRAM_MspInit)
    HAL_SYSTICK_CLKSourceConfig              0x080039ed   Thumb Code    24  stm32f4xx_hal_cortex.o(i.HAL_SYSTICK_CLKSourceConfig)
    HAL_SYSTICK_Config                       0x08003a05   Thumb Code    40  stm32f4xx_hal_cortex.o(i.HAL_SYSTICK_Config)
    HAL_TIMEx_BreakCallback                  0x08003a2d   Thumb Code     2  stm32f4xx_hal_tim_ex.o(i.HAL_TIMEx_BreakCallback)
    HAL_TIMEx_CommutationCallback            0x08003a2f   Thumb Code     2  stm32f4xx_hal_tim_ex.o(i.HAL_TIMEx_CommutationCallback)
    HAL_TIMEx_MasterConfigSynchronization    0x08003a31   Thumb Code    80  stm32f4xx_hal_tim_ex.o(i.HAL_TIMEx_MasterConfigSynchronization)
    HAL_TIM_Base_Init                        0x08003a81   Thumb Code    54  stm32f4xx_hal_tim.o(i.HAL_TIM_Base_Init)
    HAL_TIM_Base_MspInit                     0x08003ab9   Thumb Code   124  tim.o(i.HAL_TIM_Base_MspInit)
    HAL_TIM_Base_Start_IT                    0x08003b45   Thumb Code    24  stm32f4xx_hal_tim.o(i.HAL_TIM_Base_Start_IT)
    HAL_TIM_ConfigClockSource                0x08003b5d   Thumb Code   242  stm32f4xx_hal_tim.o(i.HAL_TIM_ConfigClockSource)
    HAL_TIM_IC_CaptureCallback               0x08003c4f   Thumb Code     2  stm32f4xx_hal_tim.o(i.HAL_TIM_IC_CaptureCallback)
    HAL_TIM_IRQHandler                       0x08003c51   Thumb Code   358  stm32f4xx_hal_tim.o(i.HAL_TIM_IRQHandler)
    HAL_TIM_MspPostInit                      0x08003db9   Thumb Code   150  tim.o(i.HAL_TIM_MspPostInit)
    HAL_TIM_OC_DelayElapsedCallback          0x08003e65   Thumb Code     2  stm32f4xx_hal_tim.o(i.HAL_TIM_OC_DelayElapsedCallback)
    HAL_TIM_PWM_ConfigChannel                0x08003e67   Thumb Code   208  stm32f4xx_hal_tim.o(i.HAL_TIM_PWM_ConfigChannel)
    HAL_TIM_PWM_Init                         0x08003f37   Thumb Code    54  stm32f4xx_hal_tim.o(i.HAL_TIM_PWM_Init)
    HAL_TIM_PWM_MspInit                      0x08003f6d   Thumb Code     2  stm32f4xx_hal_tim.o(i.HAL_TIM_PWM_MspInit)
    HAL_TIM_PWM_PulseFinishedCallback        0x08003f6f   Thumb Code     2  stm32f4xx_hal_tim.o(i.HAL_TIM_PWM_PulseFinishedCallback)
    HAL_TIM_PWM_Start                        0x08003f71   Thumb Code    48  stm32f4xx_hal_tim.o(i.HAL_TIM_PWM_Start)
    HAL_TIM_PeriodElapsedCallback            0x08003fa9   Thumb Code  1416  actuator.o(i.HAL_TIM_PeriodElapsedCallback)
    HAL_TIM_TriggerCallback                  0x0800456d   Thumb Code     2  stm32f4xx_hal_tim.o(i.HAL_TIM_TriggerCallback)
    HAL_UART_DMAStop                         0x0800456f   Thumb Code    50  stm32f4xx_hal_uart.o(i.HAL_UART_DMAStop)
    HAL_UART_ErrorCallback                   0x080045a1   Thumb Code     2  stm32f4xx_hal_uart.o(i.HAL_UART_ErrorCallback)
    HAL_UART_IRQHandler                      0x080045a5   Thumb Code   246  stm32f4xx_hal_uart.o(i.HAL_UART_IRQHandler)
    HAL_UART_IdleCallback                    0x0800469b   Thumb Code    26  uart_dma.o(i.HAL_UART_IdleCallback)
    HAL_UART_Init                            0x080046b5   Thumb Code    94  stm32f4xx_hal_uart.o(i.HAL_UART_Init)
    HAL_UART_MspInit                         0x08004715   Thumb Code   412  usart.o(i.HAL_UART_MspInit)
    HAL_UART_Receive                         0x080048d9   Thumb Code   204  stm32f4xx_hal_uart.o(i.HAL_UART_Receive)
    HAL_UART_Receive_DMA                     0x080049a5   Thumb Code   122  stm32f4xx_hal_uart.o(i.HAL_UART_Receive_DMA)
    HAL_UART_RxCpltCallback                  0x08004a2d   Thumb Code    22  uart_dma.o(i.HAL_UART_RxCpltCallback)
    HAL_UART_RxHalfCpltCallback              0x08004a49   Thumb Code     2  stm32f4xx_hal_uart.o(i.HAL_UART_RxHalfCpltCallback)
    HAL_UART_Transmit                        0x08004a4d   Thumb Code   204  stm32f4xx_hal_uart.o(i.HAL_UART_Transmit)
    HAL_UART_Transmit_DMA                    0x08004b19   Thumb Code   130  stm32f4xx_hal_uart.o(i.HAL_UART_Transmit_DMA)
    HAL_UART_TxCpltCallback                  0x08004ba9   Thumb Code    14  uart_dma.o(i.HAL_UART_TxCpltCallback)
    HAL_UART_TxHalfCpltCallback              0x08004bc1   Thumb Code     2  stm32f4xx_hal_uart.o(i.HAL_UART_TxHalfCpltCallback)
    HardFault_Handler                        0x08004bc3   Thumb Code     2  stm32f4xx_it.o(i.HardFault_Handler)
    IIC_Ack                                  0x08004bc5   Thumb Code    58  myiic.o(i.IIC_Ack)
    IIC_Init                                 0x08004c0d   Thumb Code    16  myiic.o(i.IIC_Init)
    IIC_NAck                                 0x08004c25   Thumb Code    58  myiic.o(i.IIC_NAck)
    IIC_Read_Byte                            0x08004c6d   Thumb Code   100  myiic.o(i.IIC_Read_Byte)
    IIC_Send_Byte                            0x08004cdd   Thumb Code    90  myiic.o(i.IIC_Send_Byte)
    IIC_Start                                0x08004d45   Thumb Code    62  myiic.o(i.IIC_Start)
    IIC_Stop                                 0x08004d91   Thumb Code    64  myiic.o(i.IIC_Stop)
    IIC_Wait_Ack                             0x08004ddd   Thumb Code    80  myiic.o(i.IIC_Wait_Ack)
    IMU_getValues                            0x0800514d   Thumb Code   306  attitude_solution.o(i.IMU_getValues)
    IMU_getValues_mpu6050                    0x080052b5   Thumb Code   330  attitude_solution.o(i.IMU_getValues_mpu6050)
    IMU_quaterToEulerianAngles               0x08005435   Thumb Code   316  attitude_solution.o(i.IMU_quaterToEulerianAngles)
    IMU_quaterToEulerianAngles_mpu6050       0x08005589   Thumb Code   316  attitude_solution.o(i.IMU_quaterToEulerianAngles_mpu6050)
    Init_To_Auto1                            0x080056dd   Thumb Code    76  status_transmit.o(i.Init_To_Auto1)
    Init_To_Auto2                            0x08005741   Thumb Code    88  status_transmit.o(i.Init_To_Auto2)
    Init_To_Follow                           0x080057b5   Thumb Code    68  status_transmit.o(i.Init_To_Follow)
    Init_To_Manual                           0x08005811   Thumb Code  1136  status_transmit.o(i.Init_To_Manual)
    KEY_Init                                 0x08005c81   Thumb Code    80  key.o(i.KEY_Init)
    LCD_Clear                                0x08005cdd   Thumb Code    58  lcd.o(i.LCD_Clear)
    LCD_Display_Dir                          0x08005d25   Thumb Code   234  lcd.o(i.LCD_Display_Dir)
    LCD_DrawLine                             0x08005e19   Thumb Code   154  lcd.o(i.LCD_DrawLine)
    LCD_DrawPoint                            0x08005eb5   Thumb Code    36  lcd.o(i.LCD_DrawPoint)
    LCD_DrawRectangle                        0x08005ee5   Thumb Code    58  lcd.o(i.LCD_DrawRectangle)
    LCD_Draw_Circle                          0x08005f1f   Thumb Code   176  lcd.o(i.LCD_Draw_Circle)
    LCD_Fast_DrawPoint                       0x08005fd1   Thumb Code   232  lcd.o(i.LCD_Fast_DrawPoint)
    LCD_Init                                 0x080060c5   Thumb Code  9094  lcd.o(i.LCD_Init)
    LCD_Pow                                  0x08008451   Thumb Code    16  lcd.o(i.LCD_Pow)
    LCD_RD_DATA                              0x08008461   Thumb Code    16  lcd.o(i.LCD_RD_DATA)
    LCD_SSD_BackLightSet                     0x08008475   Thumb Code    72  lcd.o(i.LCD_SSD_BackLightSet)
    LCD_Scan_Dir                             0x080084c5   Thumb Code   434  lcd.o(i.LCD_Scan_Dir)
    LCD_SetCursor                            0x0800867d   Thumb Code   254  lcd.o(i.LCD_SetCursor)
    LCD_ShowChar                             0x08008781   Thumb Code   204  lcd.o(i.LCD_ShowChar)
    LCD_ShowNum                              0x08008865   Thumb Code   118  lcd.o(i.LCD_ShowNum)
    LCD_ShowString                           0x080088db   Thumb Code    84  lcd.o(i.LCD_ShowString)
    LCD_ShowxNum                             0x0800892f   Thumb Code   134  lcd.o(i.LCD_ShowxNum)
    LCD_WR_DATA                              0x080089b5   Thumb Code    20  lcd.o(i.LCD_WR_DATA)
    LCD_WR_REG                               0x080089cd   Thumb Code    20  lcd.o(i.LCD_WR_REG)
    LCD_WriteRAM_Prepare                     0x080089e5   Thumb Code    10  lcd.o(i.LCD_WriteRAM_Prepare)
    LCD_WriteReg                             0x080089f9   Thumb Code    10  lcd.o(i.LCD_WriteReg)
    LED_Init                                 0x08008a09   Thumb Code    68  led.o(i.LED_Init)
    LTDC_Clear                               0x08008a55   Thumb Code    28  ltdc.o(i.LTDC_Clear)
    LTDC_Clk_Set                             0x08008a75   Thumb Code    30  ltdc.o(i.LTDC_Clk_Set)
    LTDC_Display_Dir                         0x08008a95   Thumb Code    32  ltdc.o(i.LTDC_Display_Dir)
    LTDC_Draw_Point                          0x08008ab9   Thumb Code    52  ltdc.o(i.LTDC_Draw_Point)
    LTDC_Fill                                0x08008af5   Thumb Code   162  ltdc.o(i.LTDC_Fill)
    LTDC_Init                                0x08008ba9   Thumb Code   458  ltdc.o(i.LTDC_Init)
    LTDC_Layer_Parameter_Config              0x08008d8d   Thumb Code    86  ltdc.o(i.LTDC_Layer_Parameter_Config)
    LTDC_Layer_Window_Config                 0x08008de9   Thumb Code    32  ltdc.o(i.LTDC_Layer_Window_Config)
    LTDC_PanelID_Read                        0x08008e0d   Thumb Code   170  ltdc.o(i.LTDC_PanelID_Read)
    MANUAL_Action                            0x08009029   Thumb Code   452  gun_action.o(i.MANUAL_Action)
    MPU_Get_Accelerometer                    0x0800923d   Thumb Code    50  mpu6050.o(i.MPU_Get_Accelerometer)
    MPU_Get_Gyroscope                        0x0800926f   Thumb Code    50  mpu6050.o(i.MPU_Get_Gyroscope)
    MPU_Init                                 0x080092a1   Thumb Code   128  mpu6050.o(i.MPU_Init)
    MPU_Read_Byte                            0x08009331   Thumb Code    58  mpu6050.o(i.MPU_Read_Byte)
    MPU_Read_Len                             0x0800936d   Thumb Code   108  mpu6050.o(i.MPU_Read_Len)
    MPU_Set_Accel_Fsr                        0x080093d9   Thumb Code    10  mpu6050.o(i.MPU_Set_Accel_Fsr)
    MPU_Set_Gyro_Fsr                         0x080093e3   Thumb Code    10  mpu6050.o(i.MPU_Set_Gyro_Fsr)
    MPU_Set_LPF                              0x080093ed   Thumb Code    48  mpu6050.o(i.MPU_Set_LPF)
    MPU_Set_Rate                             0x0800941d   Thumb Code    46  mpu6050.o(i.MPU_Set_Rate)
    MPU_Write_Byte                           0x0800944b   Thumb Code    60  mpu6050.o(i.MPU_Write_Byte)
    MX_DMA_Init                              0x08009489   Thumb Code   104  dma.o(i.MX_DMA_Init)
    MX_GPIO_Init                             0x080094f5   Thumb Code   352  gpio.o(i.MX_GPIO_Init)
    MX_SPI1_Init                             0x0800966d   Thumb Code    58  spi.o(i.MX_SPI1_Init)
    MX_TIM10_Init                            0x080096b1   Thumb Code    90  tim.o(i.MX_TIM10_Init)
    MX_TIM11_Init                            0x08009715   Thumb Code    90  tim.o(i.MX_TIM11_Init)
    MX_TIM13_Init                            0x08009779   Thumb Code    78  tim.o(i.MX_TIM13_Init)
    MX_TIM2_Init                             0x080097d1   Thumb Code    74  tim.o(i.MX_TIM2_Init)
    MX_USART1_UART_Init                      0x08009821   Thumb Code    32  usart.o(i.MX_USART1_UART_Init)
    MX_USART3_UART_Init                      0x08009849   Thumb Code    32  usart.o(i.MX_USART3_UART_Init)
    MX_USART6_UART_Init                      0x08009871   Thumb Code    32  usart.o(i.MX_USART6_UART_Init)
    Manual_To_Init                           0x08009899   Thumb Code    30  status_transmit.o(i.Manual_To_Init)
    MemManage_Handler                        0x080098bd   Thumb Code     2  stm32f4xx_it.o(i.MemManage_Handler)
    NMI_Handler                              0x080098bf   Thumb Code     2  stm32f4xx_it.o(i.NMI_Handler)
    OTT2001A_Init                            0x080098e1   Thumb Code   152  ott2001a.o(i.OTT2001A_Init)
    OTT2001A_RD_Reg                          0x08009995   Thumb Code    96  ott2001a.o(i.OTT2001A_RD_Reg)
    OTT2001A_Scan                            0x080099f5   Thumb Code   350  ott2001a.o(i.OTT2001A_Scan)
    OTT2001A_SensorControl                   0x08009b79   Thumb Code    30  ott2001a.o(i.OTT2001A_SensorControl)
    OTT2001A_WR_Reg                          0x08009b97   Thumb Code    82  ott2001a.o(i.OTT2001A_WR_Reg)
    PIDCalc                                  0x08009be9   Thumb Code   184  actuator.o(i.PIDCalc)
    PIDInit                                  0x08009cad   Thumb Code     6  main.o(i.PIDInit)
    PendSV_Handler                           0x08009cb3   Thumb Code     2  stm32f4xx_it.o(i.PendSV_Handler)
    Pitch_Angle                              0x08009cb5   Thumb Code    58  gun_action.o(i.Pitch_Angle)
    ProcessData                              0x08009d05   Thumb Code    60  uart_dma.o(i.ProcessData)
    SDRAM_Init                               0x08009d4d   Thumb Code    86  sdram.o(i.SDRAM_Init)
    SDRAM_Initialization_Sequence            0x08009dad   Thumb Code    74  sdram.o(i.SDRAM_Initialization_Sequence)
    SDRAM_Send_Cmd                           0x08009dfd   Thumb Code    48  sdram.o(i.SDRAM_Send_Cmd)
    STACKInit                                0x08009ecf   Thumb Code     6  main.o(i.STACKInit)
    SVC_Handler                              0x08009ed5   Thumb Code     2  stm32f4xx_it.o(i.SVC_Handler)
    StartUartRxDMA                           0x08009ed9   Thumb Code    10  uart_dma.o(i.StartUartRxDMA)
    StartUartTxDMA                           0x08009eed   Thumb Code    12  uart_dma.o(i.StartUartTxDMA)
    Stm32_Clock_Init                         0x08009f05   Thumb Code   122  sys.o(i.Stm32_Clock_Init)
    SysTick_Handler                          0x08009f89   Thumb Code     4  stm32f4xx_it.o(i.SysTick_Handler)
    SystemInit                               0x08009f8d   Thumb Code    66  system_stm32f4xx.o(i.SystemInit)
    TIM2_IRQHandler                          0x08009fe1   Thumb Code     6  stm32f4xx_it.o(i.TIM2_IRQHandler)
    TIM_Base_SetConfig                       0x08009fed   Thumb Code   148  stm32f4xx_hal_tim.o(i.TIM_Base_SetConfig)
    TIM_CCxChannelCmd                        0x0800a0ad   Thumb Code    22  stm32f4xx_hal_tim.o(i.TIM_CCxChannelCmd)
    TIM_OC2_SetConfig                        0x0800a141   Thumb Code    90  stm32f4xx_hal_tim.o(i.TIM_OC2_SetConfig)
    TP_Adj_Info_Show                         0x0800a29d   Thumb Code   326  touch.o(i.TP_Adj_Info_Show)
    TP_Adjust                                0x0800a415   Thumb Code  1430  touch.o(i.TP_Adjust)
    TP_Drow_Touch_Point                      0x0800a9dd   Thumb Code   106  touch.o(i.TP_Drow_Touch_Point)
    TP_Get_Adjdata                           0x0800aa4d   Thumb Code   132  touch.o(i.TP_Get_Adjdata)
    TP_Init                                  0x0800aad9   Thumb Code   294  touch.o(i.TP_Init)
    TP_Read_AD                               0x0800ac25   Thumb Code   130  touch.o(i.TP_Read_AD)
    TP_Read_XOY                              0x0800acb5   Thumb Code   100  touch.o(i.TP_Read_XOY)
    TP_Read_XY                               0x0800ad19   Thumb Code    34  touch.o(i.TP_Read_XY)
    TP_Read_XY2                              0x0800ad41   Thumb Code   122  touch.o(i.TP_Read_XY2)
    TP_Save_Adjdata                          0x0800adbd   Thumb Code   110  touch.o(i.TP_Save_Adjdata)
    TP_Scan                                  0x0800ae35   Thumb Code   182  touch.o(i.TP_Scan)
    TP_Write_Byte                            0x0800aef5   Thumb Code    64  touch.o(i.TP_Write_Byte)
    USART2_IRQHandler                        0x0800b2ed   Thumb Code     6  stm32f4xx_it.o(i.USART2_IRQHandler)
    USART3_IRQHandler                        0x0800b2f9   Thumb Code    28  stm32f4xx_it.o(i.USART3_IRQHandler)
    UartRxData                               0x0800b319   Thumb Code    32  uart_dma.o(i.UartRxData)
    UartTxData                               0x0800b339   Thumb Code    38  uart_dma.o(i.UartTxData)
    UsageFault_Handler                       0x0800b365   Thumb Code     2  stm32f4xx_it.o(i.UsageFault_Handler)
    Yaw_Angle                                0x0800b369   Thumb Code    58  gun_action.o(i.Yaw_Angle)
    __0printf                                0x0800b3b9   Thumb Code    22  printfa.o(i.__0printf)
    __1printf                                0x0800b3b9   Thumb Code     0  printfa.o(i.__0printf)
    __2printf                                0x0800b3b9   Thumb Code     0  printfa.o(i.__0printf)
    __c89printf                              0x0800b3b9   Thumb Code     0  printfa.o(i.__0printf)
    printf                                   0x0800b3b9   Thumb Code     0  printfa.o(i.__0printf)
    __ARM_fpclassify                         0x0800b3d9   Thumb Code    48  fpclassify.o(i.__ARM_fpclassify)
    __aeabi_errno_addr                       0x0800b409   Thumb Code     4  errno.o(i.__aeabi_errno_addr)
    __rt_errno_addr                          0x0800b409   Thumb Code     0  errno.o(i.__aeabi_errno_addr)
    __hardfp_asin                            0x0800b411   Thumb Code   770  asin.o(i.__hardfp_asin)
    __hardfp_atan                            0x0800b771   Thumb Code   622  atan.o(i.__hardfp_atan)
    __hardfp_atan2                           0x0800ba49   Thumb Code   432  atan2.o(i.__hardfp_atan2)
    __hardfp_pow                             0x0800bc39   Thumb Code  3072  pow.o(i.__hardfp_pow)
    __hardfp_sqrt                            0x0800c889   Thumb Code   122  sqrt.o(i.__hardfp_sqrt)
    __kernel_poly                            0x0800c903   Thumb Code   248  poly.o(i.__kernel_poly)
    __mathlib_dbl_divzero                    0x0800ca01   Thumb Code    28  dunder.o(i.__mathlib_dbl_divzero)
    __mathlib_dbl_infnan                     0x0800ca31   Thumb Code    20  dunder.o(i.__mathlib_dbl_infnan)
    __mathlib_dbl_infnan2                    0x0800ca45   Thumb Code    20  dunder.o(i.__mathlib_dbl_infnan2)
    __mathlib_dbl_invalid                    0x0800ca59   Thumb Code    24  dunder.o(i.__mathlib_dbl_invalid)
    __mathlib_dbl_overflow                   0x0800ca79   Thumb Code    24  dunder.o(i.__mathlib_dbl_overflow)
    __mathlib_dbl_underflow                  0x0800ca99   Thumb Code    24  dunder.o(i.__mathlib_dbl_underflow)
    __scatterload_copy                       0x0800cab9   Thumb Code    14  handlers.o(i.__scatterload_copy)
    __scatterload_null                       0x0800cac7   Thumb Code     2  handlers.o(i.__scatterload_null)
    __scatterload_zeroinit                   0x0800cac9   Thumb Code    14  handlers.o(i.__scatterload_zeroinit)
    __set_errno                              0x0800cad9   Thumb Code     6  errno.o(i.__set_errno)
    atan                                     0x0800d397   Thumb Code    16  atan.o(i.atan)
    delay_init                               0x0800d3a9   Thumb Code    16  delay.o(i.delay_init)
    delay_ms                                 0x0800d3bd   Thumb Code    26  delay.o(i.delay_ms)
    delay_us                                 0x0800d3d9   Thumb Code    48  delay.o(i.delay_us)
    fabs                                     0x0800d40d   Thumb Code    24  fabs.o(i.fabs)
    fire                                     0x0800d425   Thumb Code   130  actuator.o(i.fire)
    fputc                                    0x0800d4b1   Thumb Code    24  usart.o(i.fputc)
    get_icm20602_accdata_spi                 0x0800d4cd   Thumb Code    50  icm20602.o(i.get_icm20602_accdata_spi)
    get_icm20602_gyro_spi                    0x0800d505   Thumb Code    50  icm20602.o(i.get_icm20602_gyro_spi)
    icm20602_init_spi                        0x0800d53d   Thumb Code   106  icm20602.o(i.icm20602_init_spi)
    icm20602_self3_check                     0x0800d5a7   Thumb Code    32  icm20602.o(i.icm20602_self3_check)
    icm_spi_r_reg_byte                       0x0800d5c9   Thumb Code    68  icm20602.o(i.icm_spi_r_reg_byte)
    icm_spi_r_reg_bytes                      0x0800d615   Thumb Code    50  icm20602.o(i.icm_spi_r_reg_bytes)
    icm_spi_w_reg_byte                       0x0800d651   Thumb Code    52  icm20602.o(i.icm_spi_w_reg_byte)
    invSqrt                                  0x0800d68d   Thumb Code    40  attitude_solution.o(i.invSqrt)
    main                                     0x0800d6b9   Thumb Code   406  main.o(i.main)
    railgun_AUTO1_GUI_INIT                   0x0800d8f9   Thumb Code    72  screen_app.o(i.railgun_AUTO1_GUI_INIT)
    railgun_AUTO2_GUI_INIT                   0x0800d951   Thumb Code    72  screen_app.o(i.railgun_AUTO2_GUI_INIT)
    railgun_FOLLOW_GUI_INIT                  0x0800d9a9   Thumb Code    66  screen_app.o(i.railgun_FOLLOW_GUI_INIT)
    railgun_INIT_GUI_INIT                    0x0800d9fd   Thumb Code   382  screen_app.o(i.railgun_INIT_GUI_INIT)
    railgun_MANUAL_GUI_INIT                  0x0800dbb9   Thumb Code  1596  screen_app.o(i.railgun_MANUAL_GUI_INIT)
    railgun_button                           0x0800e1fd   Thumb Code    20  screen_app.o(i.railgun_button)
    sqrt                                     0x0800e221   Thumb Code   110  sqrt.o(i.sqrt)
    stack_pop                                0x0800e28f   Thumb Code    22  stack.o(i.stack_pop)
    stack_push                               0x0800e2a5   Thumb Code    22  stack.o(i.stack_push)
    str2int                                  0x0800e2bb   Thumb Code    68  numandstr.o(i.str2int)
    APBAHBPrescTable                         0x0800e2fe   Data          16  stm32f4xx_hal_rcc.o(.constdata)
    asc2_1206                                0x0800e316   Data        1140  lcd.o(.constdata)
    asc2_1608                                0x0800e78a   Data        1520  lcd.o(.constdata)
    asc2_2412                                0x0800ed7a   Data        3420  lcd.o(.constdata)
    asc2_3216                                0x0800fad6   Data       12160  lcd.o(.constdata)
    FT5206_TPX_TBL                           0x08012a56   Data          10  ft5206.o(.constdata)
    GT911_TPX_TBL                            0x08012a60   Data          10  ft5206.o(.constdata)
    GT9147_CFG_TBL                           0x08012a6a   Data         184  gt9147.o(.constdata)
    GT9147_TPX_TBL                           0x08012b22   Data          10  gt9147.o(.constdata)
    OTT_TPX_TBL                              0x08012b2c   Data          10  ott2001a.o(.constdata)
    TP_REMIND_MSG_TBL                        0x08012b38   Data           4  touch.o(.constdata)
    __mathlib_zero                           0x08012cb0   Data           8  qnan.o(.constdata)
    __ctype_table                            0x08012cb8   Data         129  ctype_o.o(.constdata)
    Region$$Table$$Base                      0x08012e04   Number         0  anon$$obj.o(Region$$Table)
    Region$$Table$$Limit                     0x08012e24   Number         0  anon$$obj.o(Region$$Table)
    staSystem                                0x20000000   Data           1  main.o(.data)
    cnt                                      0x20000002   Data           2  main.o(.data)
    manual_distance                          0x20000008   Data           8  main.o(.data)
    manual_angle                             0x20000010   Data           8  main.o(.data)
    tim_angle                                0x20000018   Data           4  main.o(.data)
    distance                                 0x2000001c   Data           4  main.o(.data)
    fire_distance                            0x20000020   Data           4  main.o(.data)
    difference                               0x20000024   Data           4  main.o(.data)
    pitch_Reach_flag                         0x20000028   Data           1  main.o(.data)
    track_flag                               0x2000002a   Data           2  main.o(.data)
    follow_flag                              0x2000002c   Data           2  main.o(.data)
    fire_flag                                0x2000002e   Data           1  main.o(.data)
    yaw_angle_now                            0x20000030   Data           2  main.o(.data)
    pitch_anle_icm20602                      0x20000034   Data           4  main.o(.data)
    angle_distance_48v_45v                   0x20000038   Data        1440  main.o(.data)
    aacx                                     0x200005d8   Data           2  main.o(.data)
    aacy                                     0x200005da   Data           2  main.o(.data)
    aacz                                     0x200005dc   Data           2  main.o(.data)
    gyrox                                    0x200005de   Data           2  main.o(.data)
    gyroy                                    0x200005e0   Data           2  main.o(.data)
    gyroz                                    0x200005e2   Data           2  main.o(.data)
    SystemCoreClock                          0x200005e4   Data           4  system_stm32f4xx.o(.data)
    AHBPrescTable                            0x200005e8   Data          16  system_stm32f4xx.o(.data)
    POINT_COLOR                              0x20000600   Data           4  lcd.o(.data)
    BACK_COLOR                               0x20000604   Data           4  lcd.o(.data)
    ltdc_framebuf                            0x20000608   Data           8  ltdc.o(.data)
    g_gt_tnum                                0x20000610   Data           1  ft5206.o(.data)
    CIP                                      0x20000612   Data           5  ft5206.o(.data)
    CMD_RDX                                  0x2000061c   Data           1  touch.o(.data)
    CMD_RDY                                  0x2000061d   Data           1  touch.o(.data)
    tp_dev                                   0x20000620   Data          72  touch.o(.data)
    t                                        0x20000668   Data           1  screen_app.o(.data)
    sendCompleteSign                         0x2000066c   Data           1  uart_dma.o(.data)
    TxLen                                    0x2000066d   Data           1  uart_dma.o(.data)
    a                                        0x20000670   Data           4  uart_dma.o(.data)
    param_Kp                                 0x20000674   Data           4  attitude_solution.o(.data)
    param_Ki                                 0x20000678   Data           4  attitude_solution.o(.data)
    I_ex                                     0x2000067c   Data           4  attitude_solution.o(.data)
    I_ey                                     0x20000680   Data           4  attitude_solution.o(.data)
    I_ez                                     0x20000684   Data           4  attitude_solution.o(.data)
    Q_info                                   0x20000688   Data          16  attitude_solution.o(.data)
    Q_info_mpu6050                           0x20000698   Data          16  attitude_solution.o(.data)
    icm_gyro_x                               0x200006a8   Data           4  icm20602.o(.data)
    icm_gyro_y                               0x200006ac   Data           4  icm20602.o(.data)
    icm_gyro_z                               0x200006b0   Data           4  icm20602.o(.data)
    icm_acc_x                                0x200006b4   Data           4  icm20602.o(.data)
    icm_acc_y                                0x200006b8   Data           4  icm20602.o(.data)
    icm_acc_z                                0x200006bc   Data           4  icm20602.o(.data)
    unit_icm_acc_x                           0x200006c0   Data           4  icm20602.o(.data)
    unit_icm_acc_y                           0x200006c4   Data           4  icm20602.o(.data)
    unit_icm_acc_z                           0x200006c8   Data           4  icm20602.o(.data)
    xiangzuo                                 0x200006cc   Data           1  actuator.o(.data)
    angle_flag                               0x200006cd   Data           1  actuator.o(.data)
    judge_cnt                                0x200006ce   Data           1  actuator.o(.data)
    tim_cnt_50                               0x200006d0   Data           2  actuator.o(.data)
    tim_cnt_10                               0x200006d2   Data           2  actuator.o(.data)
    tim_cnt_40                               0x200006d4   Data           2  actuator.o(.data)
    tim_cnt_5                                0x200006d6   Data           2  actuator.o(.data)
    __stdout                                 0x200006d8   Data           4  stdout.o(.data)
    sPID                                     0x200006e0   Data          56  main.o(.bss)
    distance_stack                           0x20000718   Data         104  main.o(.bss)
    temp_uart6                               0x20000780   Data          64  main.o(.bss)
    huart1                                   0x200007c0   Data          64  usart.o(.bss)
    huart3                                   0x20000800   Data          64  usart.o(.bss)
    huart2                                   0x20000840   Data          64  usart.o(.bss)
    huart6                                   0x20000880   Data          64  usart.o(.bss)
    hdma_usart3_rx                           0x200008c0   Data          88  usart.o(.bss)
    hdma_usart3_tx                           0x20000918   Data          88  usart.o(.bss)
    SRAM_Handler                             0x20000970   Data          80  lcd.o(.bss)
    lcddev                                   0x200009c0   Data          14  lcd.o(.bss)
    SDRAM_Handler                            0x200009d0   Data          52  sdram.o(.bss)
    LTDC_Handler                             0x20000a04   Data         168  ltdc.o(.bss)
    lcdltdc                                  0x20000aac   Data          32  ltdc.o(.bss)
    RxBuffer                                 0x20000acc   Data         128  uart_dma.o(.bss)
    TxBuffer                                 0x20000b4c   Data         128  uart_dma.o(.bss)
    eulerAngle                               0x20000c00   Data          12  attitude_solution.o(.bss)
    eulerAngle_mpu6050                       0x20000c0c   Data          12  attitude_solution.o(.bss)
    values                                   0x20000c18   Data          40  attitude_solution.o(.bss)
    values_mpu6050                           0x20000c40   Data          40  attitude_solution.o(.bss)
    hspi1                                    0x20000c68   Data          88  spi.o(.bss)
    judge_difference                         0x20000cc0   Data          40  actuator.o(.bss)
    htim10                                   0x20000ce8   Data          60  tim.o(.bss)
    htim11                                   0x20000d24   Data          60  tim.o(.bss)
    htim2                                    0x20000d60   Data          60  tim.o(.bss)
    htim13                                   0x20000d9c   Data          60  tim.o(.bss)
    __initial_sp                             0x200011d8   Data           0  startup_stm32f429xx.o(STACK)
    ltdc_lcd_framebuf                        0xc0000000   Data       2048000  ltdc.o(.ARM.__AT_0xC0000000)



==============================================================================

Memory Map of the image

  Image Entry point : 0x080001ad

  Load Region LR_IROM1 (Base: 0x08000000, Size: 0x00013504, Max: 0x00100000, ABSOLUTE, COMPRESSED[0x00012ff0])

    Execution Region ER_IROM1 (Exec base: 0x08000000, Load base: 0x08000000, Size: 0x00012e24, Max: 0x00100000, ABSOLUTE)

    Exec Addr    Load Addr    Size         Type   Attr      Idx    E Section Name        Object

    0x08000000   0x08000000   0x000001ac   Data   RO          672    RESET               startup_stm32f429xx.o
    0x080001ac   0x080001ac   0x00000000   Code   RO         6472  * .ARM.Collect$$$$00000000  mc_w.l(entry.o)
    0x080001ac   0x080001ac   0x00000004   Code   RO         6813    .ARM.Collect$$$$00000001  mc_w.l(entry2.o)
    0x080001b0   0x080001b0   0x00000004   Code   RO         6816    .ARM.Collect$$$$00000004  mc_w.l(entry5.o)
    0x080001b4   0x080001b4   0x00000000   Code   RO         6818    .ARM.Collect$$$$00000008  mc_w.l(entry7b.o)
    0x080001b4   0x080001b4   0x00000000   Code   RO         6820    .ARM.Collect$$$$0000000A  mc_w.l(entry8b.o)
    0x080001b4   0x080001b4   0x00000008   Code   RO         6821    .ARM.Collect$$$$0000000B  mc_w.l(entry9a.o)
    0x080001bc   0x080001bc   0x00000000   Code   RO         6823    .ARM.Collect$$$$0000000D  mc_w.l(entry10a.o)
    0x080001bc   0x080001bc   0x00000000   Code   RO         6825    .ARM.Collect$$$$0000000F  mc_w.l(entry11a.o)
    0x080001bc   0x080001bc   0x00000004   Code   RO         6814    .ARM.Collect$$$$00002712  mc_w.l(entry2.o)
    0x080001c0   0x080001c0   0x00000024   Code   RO          673    .text               startup_stm32f429xx.o
    0x080001e4   0x080001e4   0x00000062   Code   RO         6475    .text               mc_w.l(ldiv.o)
    0x08000246   0x08000246   0x00000024   Code   RO         6477    .text               mc_w.l(memcpya.o)
    0x0800026a   0x0800026a   0x00000024   Code   RO         6479    .text               mc_w.l(memseta.o)
    0x0800028e   0x0800028e   0x0000001c   Code   RO         6481    .text               mc_w.l(strcmp.o)
    0x080002aa   0x080002aa   0x0000001a   Code   RO         6748    .text               mc_w.l(atoi.o)
    0x080002c4   0x080002c4   0x0000014e   Code   RO         6750    .text               mf_w.l(dadd.o)
    0x08000412   0x08000412   0x000000e4   Code   RO         6752    .text               mf_w.l(dmul.o)
    0x080004f6   0x080004f6   0x000000de   Code   RO         6754    .text               mf_w.l(ddiv.o)
    0x080005d4   0x080005d4   0x00000022   Code   RO         6756    .text               mf_w.l(dflti.o)
    0x080005f6   0x080005f6   0x0000001a   Code   RO         6758    .text               mf_w.l(dfltui.o)
    0x08000610   0x08000610   0x00000028   Code   RO         6760    .text               mf_w.l(dfltl.o)
    0x08000638   0x08000638   0x0000003e   Code   RO         6762    .text               mf_w.l(dfixi.o)
    0x08000676   0x08000676   0x00000032   Code   RO         6764    .text               mf_w.l(dfixui.o)
    0x080006a8   0x080006a8   0x00000026   Code   RO         6766    .text               mf_w.l(f2d.o)
    0x080006ce   0x080006ce   0x00000002   PAD
    0x080006d0   0x080006d0   0x00000030   Code   RO         6768    .text               mf_w.l(cdcmple.o)
    0x08000700   0x08000700   0x00000030   Code   RO         6770    .text               mf_w.l(cdrcmple.o)
    0x08000730   0x08000730   0x00000038   Code   RO         6772    .text               mf_w.l(d2f.o)
    0x08000768   0x08000768   0x0000002c   Code   RO         6828    .text               mc_w.l(uidiv.o)
    0x08000794   0x08000794   0x00000062   Code   RO         6830    .text               mc_w.l(uldiv.o)
    0x080007f6   0x080007f6   0x0000001e   Code   RO         6832    .text               mc_w.l(llshl.o)
    0x08000814   0x08000814   0x00000020   Code   RO         6834    .text               mc_w.l(llushr.o)
    0x08000834   0x08000834   0x00000024   Code   RO         6836    .text               mc_w.l(llsshr.o)
    0x08000858   0x08000858   0x00000070   Code   RO         6845    .text               mc_w.l(strtol.o)
    0x080008c8   0x080008c8   0x00000000   Code   RO         6847    .text               mc_w.l(iusefp.o)
    0x080008c8   0x080008c8   0x0000006e   Code   RO         6848    .text               mf_w.l(fepilogue.o)
    0x08000936   0x08000936   0x000000ba   Code   RO         6850    .text               mf_w.l(depilogue.o)
    0x080009f0   0x080009f0   0x0000002e   Code   RO         6854    .text               mf_w.l(dscalb.o)
    0x08000a1e   0x08000a1e   0x000000a2   Code   RO         6856    .text               mf_w.l(dsqrt.o)
    0x08000ac0   0x08000ac0   0x00000030   Code   RO         6858    .text               mf_w.l(dfixul.o)
    0x08000af0   0x08000af0   0x00000024   Code   RO         6860    .text               mc_w.l(init.o)
    0x08000b14   0x08000b14   0x00000008   Code   RO         6862    .text               mc_w.l(ctype_o.o)
    0x08000b1c   0x08000b1c   0x0000009e   Code   RO         6890    .text               mc_w.l(_strtoul.o)
    0x08000bba   0x08000bba   0x0000001c   Code   RO         6892    .text               mc_w.l(_chval.o)
    0x08000bd6   0x08000bd6   0x00000056   Code   RO         6902    .text               mc_w.l(__dczerorl2.o)
    0x08000c2c   0x08000c2c   0x00000004   Code   RO         4632    i.AT24CXX_Init      24cxx.o
    0x08000c30   0x08000c30   0x0000002a   Code   RO         4634    i.AT24CXX_ReadLenByte  24cxx.o
    0x08000c5a   0x08000c5a   0x00000042   Code   RO         4635    i.AT24CXX_ReadOneByte  24cxx.o
    0x08000c9c   0x08000c9c   0x0000002a   Code   RO         4637    i.AT24CXX_WriteLenByte  24cxx.o
    0x08000cc6   0x08000cc6   0x0000003e   Code   RO         4638    i.AT24CXX_WriteOneByte  24cxx.o
    0x08000d04   0x08000d04   0x000001c0   Code   RO         5582    i.AUTO1_Action      gun_action.o
    0x08000ec4   0x08000ec4   0x00000006   Code   RO         5583    i.AUTO2_Action      gun_action.o
    0x08000eca   0x08000eca   0x00000002   PAD
    0x08000ecc   0x08000ecc   0x0000002c   Code   RO         5516    i.Auto1_To_Init     status_transmit.o
    0x08000ef8   0x08000ef8   0x00000044   Code   RO         5517    i.Auto2_To_Init     status_transmit.o
    0x08000f3c   0x08000f3c   0x00000044   Code   RO         5306    i.BEEP_Init         beep.o
    0x08000f80   0x08000f80   0x00000028   Code   RO         5307    i.BEEP_ONCE         beep.o
    0x08000fa8   0x08000fa8   0x00000002   Code   RO          393    i.BusFault_Handler  stm32f4xx_it.o
    0x08000faa   0x08000faa   0x00000002   PAD
    0x08000fac   0x08000fac   0x00000048   Code   RO         4701    i.CT_IIC_Ack        ctiic.o
    0x08000ff4   0x08000ff4   0x0000006c   Code   RO         4702    i.CT_IIC_Init       ctiic.o
    0x08001060   0x08001060   0x00000048   Code   RO         4703    i.CT_IIC_NAck       ctiic.o
    0x080010a8   0x080010a8   0x00000078   Code   RO         4704    i.CT_IIC_Read_Byte  ctiic.o
    0x08001120   0x08001120   0x00000068   Code   RO         4705    i.CT_IIC_Send_Byte  ctiic.o
    0x08001188   0x08001188   0x0000004c   Code   RO         4706    i.CT_IIC_Start      ctiic.o
    0x080011d4   0x080011d4   0x0000004c   Code   RO         4707    i.CT_IIC_Stop       ctiic.o
    0x08001220   0x08001220   0x00000054   Code   RO         4708    i.CT_IIC_Wait_Ack   ctiic.o
    0x08001274   0x08001274   0x0000000c   Code   RO          394    i.DMA1_Stream1_IRQHandler  stm32f4xx_it.o
    0x08001280   0x08001280   0x0000000c   Code   RO          395    i.DMA1_Stream3_IRQHandler  stm32f4xx_it.o
    0x0800128c   0x0800128c   0x00000028   Code   RO         1815    i.DMA_CalcBaseAndBitshift  stm32f4xx_hal_dma.o
    0x080012b4   0x080012b4   0x00000028   Code   RO         1816    i.DMA_SetConfig     stm32f4xx_hal_dma.o
    0x080012dc   0x080012dc   0x00000024   Code   RO         5150    i.DataProcess       uart_dma.o
    0x08001300   0x08001300   0x00000002   Code   RO          396    i.DebugMon_Handler  stm32f4xx_it.o
    0x08001302   0x08001302   0x00000002   PAD
    0x08001304   0x08001304   0x00000188   Code   RO         5151    i.Distance_Process  uart_dma.o
    0x0800148c   0x0800148c   0x00000006   Code   RO          397    i.EXTI2_IRQHandler  stm32f4xx_it.o
    0x08001492   0x08001492   0x00000006   Code   RO          398    i.EXTI3_IRQHandler  stm32f4xx_it.o
    0x08001498   0x08001498   0x00000006   Code   RO          399    i.EXTI9_5_IRQHandler  stm32f4xx_it.o
    0x0800149e   0x0800149e   0x00000002   PAD
    0x080014a0   0x080014a0   0x00000040   Code   RO         2817    i.FMC_NORSRAM_Extended_Timing_Init  stm32f4xx_ll_fmc.o
    0x080014e0   0x080014e0   0x00000078   Code   RO         2818    i.FMC_NORSRAM_Init  stm32f4xx_ll_fmc.o
    0x08001558   0x08001558   0x0000005c   Code   RO         2819    i.FMC_NORSRAM_Timing_Init  stm32f4xx_ll_fmc.o
    0x080015b4   0x080015b4   0x0000004c   Code   RO         2829    i.FMC_SDRAM_Init    stm32f4xx_ll_fmc.o
    0x08001600   0x08001600   0x0000000c   Code   RO         2830    i.FMC_SDRAM_ProgramRefreshRate  stm32f4xx_ll_fmc.o
    0x0800160c   0x0800160c   0x00000048   Code   RO         2831    i.FMC_SDRAM_SendCommand  stm32f4xx_ll_fmc.o
    0x08001654   0x08001654   0x0000007c   Code   RO         2833    i.FMC_SDRAM_Timing_Init  stm32f4xx_ll_fmc.o
    0x080016d0   0x080016d0   0x00000014   Code   RO         5584    i.FOLLOW_Action     gun_action.o
    0x080016e4   0x080016e4   0x00000158   Code   RO         4775    i.FT5206_Init       ft5206.o
    0x0800183c   0x0800183c   0x00000056   Code   RO         4776    i.FT5206_RD_Reg     ft5206.o
    0x08001892   0x08001892   0x00000002   PAD
    0x08001894   0x08001894   0x00000268   Code   RO         4777    i.FT5206_Scan       ft5206.o
    0x08001afc   0x08001afc   0x00000048   Code   RO         4778    i.FT5206_WR_Reg     ft5206.o
    0x08001b44   0x08001b44   0x00000034   Code   RO         5518    i.Follow_To_Init    status_transmit.o
    0x08001b78   0x08001b78   0x0000013c   Code   RO         4821    i.GT9147_Init       gt9147.o
    0x08001cb4   0x08001cb4   0x00000060   Code   RO         4822    i.GT9147_RD_Reg     gt9147.o
    0x08001d14   0x08001d14   0x00000208   Code   RO         4823    i.GT9147_Scan       gt9147.o
    0x08001f1c   0x08001f1c   0x00000050   Code   RO         4824    i.GT9147_Send_Cfg   gt9147.o
    0x08001f6c   0x08001f6c   0x00000052   Code   RO         4825    i.GT9147_WR_Reg     gt9147.o
    0x08001fbe   0x08001fbe   0x00000002   PAD
    0x08001fc0   0x08001fc0   0x00000054   Code   RO         1817    i.HAL_DMA_Abort     stm32f4xx_hal_dma.o
    0x08002014   0x08002014   0x000001a0   Code   RO         1821    i.HAL_DMA_IRQHandler  stm32f4xx_hal_dma.o
    0x080021b4   0x080021b4   0x00000078   Code   RO         1822    i.HAL_DMA_Init      stm32f4xx_hal_dma.o
    0x0800222c   0x0800222c   0x0000004e   Code   RO         1825    i.HAL_DMA_Start_IT  stm32f4xx_hal_dma.o
    0x0800227a   0x0800227a   0x00000016   Code   RO          687    i.HAL_Delay         stm32f4xx_hal.o
    0x08002290   0x08002290   0x000000e4   Code   RO         5637    i.HAL_GPIO_EXTI_Callback  actuator.o
    0x08002374   0x08002374   0x00000018   Code   RO          963    i.HAL_GPIO_EXTI_IRQHandler  stm32f4xx_hal_gpio.o
    0x0800238c   0x0800238c   0x000001cc   Code   RO          964    i.HAL_GPIO_Init     stm32f4xx_hal_gpio.o
    0x08002558   0x08002558   0x0000000a   Code   RO          966    i.HAL_GPIO_ReadPin  stm32f4xx_hal_gpio.o
    0x08002562   0x08002562   0x00000008   Code   RO          967    i.HAL_GPIO_TogglePin  stm32f4xx_hal_gpio.o
    0x0800256a   0x0800256a   0x0000000a   Code   RO          968    i.HAL_GPIO_WritePin  stm32f4xx_hal_gpio.o
    0x08002574   0x08002574   0x0000000c   Code   RO          695    i.HAL_GetTick       stm32f4xx_hal.o
    0x08002580   0x08002580   0x00000010   Code   RO          696    i.HAL_IncTick       stm32f4xx_hal.o
    0x08002590   0x08002590   0x00000034   Code   RO          697    i.HAL_Init          stm32f4xx_hal.o
    0x080025c4   0x080025c4   0x00000022   Code   RO          698    i.HAL_InitTick      stm32f4xx_hal.o
    0x080025e6   0x080025e6   0x00000052   Code   RO         3267    i.HAL_LTDC_ConfigLayer  stm32f4xx_hal_ltdc.o
    0x08002638   0x08002638   0x000000fc   Code   RO         3279    i.HAL_LTDC_Init     stm32f4xx_hal_ltdc.o
    0x08002734   0x08002734   0x000000f4   Code   RO         4451    i.HAL_LTDC_MspInit  ltdc.o
    0x08002828   0x08002828   0x00000054   Code   RO         3288    i.HAL_LTDC_SetWindowPosition  stm32f4xx_hal_ltdc.o
    0x0800287c   0x0800287c   0x00000054   Code   RO         3289    i.HAL_LTDC_SetWindowSize  stm32f4xx_hal_ltdc.o
    0x080028d0   0x080028d0   0x00000008   Code   RO          700    i.HAL_MspInit       stm32f4xx_hal.o
    0x080028d8   0x080028d8   0x00000016   Code   RO          841    i.HAL_NVIC_EnableIRQ  stm32f4xx_hal_cortex.o
    0x080028ee   0x080028ee   0x00000002   PAD
    0x080028f0   0x080028f0   0x00000040   Code   RO          847    i.HAL_NVIC_SetPriority  stm32f4xx_hal_cortex.o
    0x08002930   0x08002930   0x00000024   Code   RO          848    i.HAL_NVIC_SetPriorityGrouping  stm32f4xx_hal_cortex.o
    0x08002954   0x08002954   0x0000008c   Code   RO         1153    i.HAL_PWREx_EnableOverDrive  stm32f4xx_hal_pwr_ex.o
    0x080029e0   0x080029e0   0x000002a8   Code   RO         1325    i.HAL_RCCEx_PeriphCLKConfig  stm32f4xx_hal_rcc_ex.o
    0x08002c88   0x08002c88   0x0000020c   Code   RO         1220    i.HAL_RCC_ClockConfig  stm32f4xx_hal_rcc.o
    0x08002e94   0x08002e94   0x00000034   Code   RO         1225    i.HAL_RCC_GetHCLKFreq  stm32f4xx_hal_rcc.o
    0x08002ec8   0x08002ec8   0x0000002c   Code   RO         1227    i.HAL_RCC_GetPCLK1Freq  stm32f4xx_hal_rcc.o
    0x08002ef4   0x08002ef4   0x0000002c   Code   RO         1228    i.HAL_RCC_GetPCLK2Freq  stm32f4xx_hal_rcc.o
    0x08002f20   0x08002f20   0x00000074   Code   RO         1229    i.HAL_RCC_GetSysClockFreq  stm32f4xx_hal_rcc.o
    0x08002f94   0x08002f94   0x0000033c   Code   RO         1232    i.HAL_RCC_OscConfig  stm32f4xx_hal_rcc.o
    0x080032d0   0x080032d0   0x00000042   Code   RO         3115    i.HAL_SDRAM_Init    stm32f4xx_hal_sdram.o
    0x08003312   0x08003312   0x00000002   PAD
    0x08003314   0x08003314   0x000000dc   Code   RO         4393    i.HAL_SDRAM_MspInit  sdram.o
    0x080033f0   0x080033f0   0x00000022   Code   RO         3118    i.HAL_SDRAM_ProgramRefreshRate  stm32f4xx_hal_sdram.o
    0x08003412   0x08003412   0x00000002   PAD
    0x08003414   0x08003414   0x00000030   Code   RO         3124    i.HAL_SDRAM_SendCommand  stm32f4xx_hal_sdram.o
    0x08003444   0x08003444   0x00000084   Code   RO         3607    i.HAL_SPI_Init      stm32f4xx_hal_spi.o
    0x080034c8   0x080034c8   0x00000068   Code   RO         5475    i.HAL_SPI_MspInit   spi.o
    0x08003530   0x08003530   0x00000144   Code   RO         3615    i.HAL_SPI_Transmit  stm32f4xx_hal_spi.o
    0x08003674   0x08003674   0x000002aa   Code   RO         3616    i.HAL_SPI_TransmitReceive  stm32f4xx_hal_spi.o
    0x0800391e   0x0800391e   0x00000056   Code   RO         2993    i.HAL_SRAM_Init     stm32f4xx_hal_sram.o
    0x08003974   0x08003974   0x00000078   Code   RO         4164    i.HAL_SRAM_MspInit  lcd.o
    0x080039ec   0x080039ec   0x00000018   Code   RO          850    i.HAL_SYSTICK_CLKSourceConfig  stm32f4xx_hal_cortex.o
    0x08003a04   0x08003a04   0x00000028   Code   RO          852    i.HAL_SYSTICK_Config  stm32f4xx_hal_cortex.o
    0x08003a2c   0x08003a2c   0x00000002   Code   RO         2570    i.HAL_TIMEx_BreakCallback  stm32f4xx_hal_tim_ex.o
    0x08003a2e   0x08003a2e   0x00000002   Code   RO         2571    i.HAL_TIMEx_CommutationCallback  stm32f4xx_hal_tim_ex.o
    0x08003a30   0x08003a30   0x00000050   Code   RO         2587    i.HAL_TIMEx_MasterConfigSynchronization  stm32f4xx_hal_tim_ex.o
    0x08003a80   0x08003a80   0x00000036   Code   RO         1941    i.HAL_TIM_Base_Init  stm32f4xx_hal_tim.o
    0x08003ab6   0x08003ab6   0x00000002   PAD
    0x08003ab8   0x08003ab8   0x0000008c   Code   RO         5691    i.HAL_TIM_Base_MspInit  tim.o
    0x08003b44   0x08003b44   0x00000018   Code   RO         1946    i.HAL_TIM_Base_Start_IT  stm32f4xx_hal_tim.o
    0x08003b5c   0x08003b5c   0x000000f2   Code   RO         1950    i.HAL_TIM_ConfigClockSource  stm32f4xx_hal_tim.o
    0x08003c4e   0x08003c4e   0x00000002   Code   RO         1970    i.HAL_TIM_IC_CaptureCallback  stm32f4xx_hal_tim.o
    0x08003c50   0x08003c50   0x00000166   Code   RO         1983    i.HAL_TIM_IRQHandler  stm32f4xx_hal_tim.o
    0x08003db6   0x08003db6   0x00000002   PAD
    0x08003db8   0x08003db8   0x000000ac   Code   RO         5692    i.HAL_TIM_MspPostInit  tim.o
    0x08003e64   0x08003e64   0x00000002   Code   RO         1986    i.HAL_TIM_OC_DelayElapsedCallback  stm32f4xx_hal_tim.o
    0x08003e66   0x08003e66   0x000000d0   Code   RO         2007    i.HAL_TIM_PWM_ConfigChannel  stm32f4xx_hal_tim.o
    0x08003f36   0x08003f36   0x00000036   Code   RO         2010    i.HAL_TIM_PWM_Init  stm32f4xx_hal_tim.o
    0x08003f6c   0x08003f6c   0x00000002   Code   RO         2012    i.HAL_TIM_PWM_MspInit  stm32f4xx_hal_tim.o
    0x08003f6e   0x08003f6e   0x00000002   Code   RO         2013    i.HAL_TIM_PWM_PulseFinishedCallback  stm32f4xx_hal_tim.o
    0x08003f70   0x08003f70   0x00000038   Code   RO         2014    i.HAL_TIM_PWM_Start  stm32f4xx_hal_tim.o
    0x08003fa8   0x08003fa8   0x000005c4   Code   RO         5638    i.HAL_TIM_PeriodElapsedCallback  actuator.o
    0x0800456c   0x0800456c   0x00000002   Code   RO         2024    i.HAL_TIM_TriggerCallback  stm32f4xx_hal_tim.o
    0x0800456e   0x0800456e   0x00000032   Code   RO         1370    i.HAL_UART_DMAStop  stm32f4xx_hal_uart.o
    0x080045a0   0x080045a0   0x00000002   Code   RO         1372    i.HAL_UART_ErrorCallback  stm32f4xx_hal_uart.o
    0x080045a2   0x080045a2   0x00000002   PAD
    0x080045a4   0x080045a4   0x000000f6   Code   RO         1375    i.HAL_UART_IRQHandler  stm32f4xx_hal_uart.o
    0x0800469a   0x0800469a   0x0000001a   Code   RO         5152    i.HAL_UART_IdleCallback  uart_dma.o
    0x080046b4   0x080046b4   0x0000005e   Code   RO         1376    i.HAL_UART_Init     stm32f4xx_hal_uart.o
    0x08004712   0x08004712   0x00000002   PAD
    0x08004714   0x08004714   0x000001c4   Code   RO         4002    i.HAL_UART_MspInit  usart.o
    0x080048d8   0x080048d8   0x000000cc   Code   RO         1379    i.HAL_UART_Receive  stm32f4xx_hal_uart.o
    0x080049a4   0x080049a4   0x00000088   Code   RO         1380    i.HAL_UART_Receive_DMA  stm32f4xx_hal_uart.o
    0x08004a2c   0x08004a2c   0x0000001c   Code   RO         5153    i.HAL_UART_RxCpltCallback  uart_dma.o
    0x08004a48   0x08004a48   0x00000002   Code   RO         1383    i.HAL_UART_RxHalfCpltCallback  stm32f4xx_hal_uart.o
    0x08004a4a   0x08004a4a   0x00000002   PAD
    0x08004a4c   0x08004a4c   0x000000cc   Code   RO         1384    i.HAL_UART_Transmit  stm32f4xx_hal_uart.o
    0x08004b18   0x08004b18   0x00000090   Code   RO         1385    i.HAL_UART_Transmit_DMA  stm32f4xx_hal_uart.o
    0x08004ba8   0x08004ba8   0x00000018   Code   RO         5154    i.HAL_UART_TxCpltCallback  uart_dma.o
    0x08004bc0   0x08004bc0   0x00000002   Code   RO         1388    i.HAL_UART_TxHalfCpltCallback  stm32f4xx_hal_uart.o
    0x08004bc2   0x08004bc2   0x00000002   Code   RO          400    i.HardFault_Handler  stm32f4xx_it.o
    0x08004bc4   0x08004bc4   0x00000048   Code   RO         4565    i.IIC_Ack           myiic.o
    0x08004c0c   0x08004c0c   0x00000018   Code   RO         4566    i.IIC_Init          myiic.o
    0x08004c24   0x08004c24   0x00000048   Code   RO         4567    i.IIC_NAck          myiic.o
    0x08004c6c   0x08004c6c   0x00000070   Code   RO         4568    i.IIC_Read_Byte     myiic.o
    0x08004cdc   0x08004cdc   0x00000068   Code   RO         4569    i.IIC_Send_Byte     myiic.o
    0x08004d44   0x08004d44   0x0000004c   Code   RO         4570    i.IIC_Start         myiic.o
    0x08004d90   0x08004d90   0x0000004c   Code   RO         4571    i.IIC_Stop          myiic.o
    0x08004ddc   0x08004ddc   0x0000005c   Code   RO         4572    i.IIC_Wait_Ack      myiic.o
    0x08004e38   0x08004e38   0x00000170   Code   RO         5336    i.IMU_AHRSupdate_noMagnetic  attitude_solution.o
    0x08004fa8   0x08004fa8   0x000001a4   Code   RO         5337    i.IMU_AHRSupdate_noMagnetic_mpu6050  attitude_solution.o
    0x0800514c   0x0800514c   0x00000168   Code   RO         5338    i.IMU_getValues     attitude_solution.o
    0x080052b4   0x080052b4   0x00000180   Code   RO         5339    i.IMU_getValues_mpu6050  attitude_solution.o
    0x08005434   0x08005434   0x00000154   Code   RO         5340    i.IMU_quaterToEulerianAngles  attitude_solution.o
    0x08005588   0x08005588   0x00000154   Code   RO         5341    i.IMU_quaterToEulerianAngles_mpu6050  attitude_solution.o
    0x080056dc   0x080056dc   0x00000064   Code   RO         5519    i.Init_To_Auto1     status_transmit.o
    0x08005740   0x08005740   0x00000074   Code   RO         5520    i.Init_To_Auto2     status_transmit.o
    0x080057b4   0x080057b4   0x0000005c   Code   RO         5521    i.Init_To_Follow    status_transmit.o
    0x08005810   0x08005810   0x00000470   Code   RO         5522    i.Init_To_Manual    status_transmit.o
    0x08005c80   0x08005c80   0x0000005c   Code   RO         4133    i.KEY_Init          key.o
    0x08005cdc   0x08005cdc   0x00000048   Code   RO         4166    i.LCD_Clear         lcd.o
    0x08005d24   0x08005d24   0x000000f4   Code   RO         4170    i.LCD_Display_Dir   lcd.o
    0x08005e18   0x08005e18   0x0000009a   Code   RO         4171    i.LCD_DrawLine      lcd.o
    0x08005eb2   0x08005eb2   0x00000002   PAD
    0x08005eb4   0x08005eb4   0x00000030   Code   RO         4172    i.LCD_DrawPoint     lcd.o
    0x08005ee4   0x08005ee4   0x0000003a   Code   RO         4173    i.LCD_DrawRectangle  lcd.o
    0x08005f1e   0x08005f1e   0x000000b0   Code   RO         4174    i.LCD_Draw_Circle   lcd.o
    0x08005fce   0x08005fce   0x00000002   PAD
    0x08005fd0   0x08005fd0   0x000000f4   Code   RO         4175    i.LCD_Fast_DrawPoint  lcd.o
    0x080060c4   0x080060c4   0x0000238c   Code   RO         4177    i.LCD_Init          lcd.o
    0x08008450   0x08008450   0x00000010   Code   RO         4178    i.LCD_Pow           lcd.o
    0x08008460   0x08008460   0x00000014   Code   RO         4179    i.LCD_RD_DATA       lcd.o
    0x08008474   0x08008474   0x00000050   Code   RO         4182    i.LCD_SSD_BackLightSet  lcd.o
    0x080084c4   0x080084c4   0x000001b8   Code   RO         4183    i.LCD_Scan_Dir      lcd.o
    0x0800867c   0x0800867c   0x00000104   Code   RO         4184    i.LCD_SetCursor     lcd.o
    0x08008780   0x08008780   0x000000e4   Code   RO         4186    i.LCD_ShowChar      lcd.o
    0x08008864   0x08008864   0x00000076   Code   RO         4187    i.LCD_ShowNum       lcd.o
    0x080088da   0x080088da   0x00000054   Code   RO         4188    i.LCD_ShowString    lcd.o
    0x0800892e   0x0800892e   0x00000086   Code   RO         4189    i.LCD_ShowxNum      lcd.o
    0x080089b4   0x080089b4   0x00000018   Code   RO         4190    i.LCD_WR_DATA       lcd.o
    0x080089cc   0x080089cc   0x00000018   Code   RO         4191    i.LCD_WR_REG        lcd.o
    0x080089e4   0x080089e4   0x00000014   Code   RO         4193    i.LCD_WriteRAM_Prepare  lcd.o
    0x080089f8   0x080089f8   0x00000010   Code   RO         4194    i.LCD_WriteReg      lcd.o
    0x08008a08   0x08008a08   0x0000004c   Code   RO         4109    i.LED_Init          led.o
    0x08008a54   0x08008a54   0x00000020   Code   RO         4452    i.LTDC_Clear        ltdc.o
    0x08008a74   0x08008a74   0x0000001e   Code   RO         4453    i.LTDC_Clk_Set      ltdc.o
    0x08008a92   0x08008a92   0x00000002   PAD
    0x08008a94   0x08008a94   0x00000024   Code   RO         4455    i.LTDC_Display_Dir  ltdc.o
    0x08008ab8   0x08008ab8   0x0000003c   Code   RO         4456    i.LTDC_Draw_Point   ltdc.o
    0x08008af4   0x08008af4   0x000000b4   Code   RO         4457    i.LTDC_Fill         ltdc.o
    0x08008ba8   0x08008ba8   0x000001e4   Code   RO         4458    i.LTDC_Init         ltdc.o
    0x08008d8c   0x08008d8c   0x0000005c   Code   RO         4459    i.LTDC_Layer_Parameter_Config  ltdc.o
    0x08008de8   0x08008de8   0x00000024   Code   RO         4461    i.LTDC_Layer_Window_Config  ltdc.o
    0x08008e0c   0x08008e0c   0x000000b8   Code   RO         4462    i.LTDC_PanelID_Read  ltdc.o
    0x08008ec4   0x08008ec4   0x00000162   Code   RO         3290    i.LTDC_SetConfig    stm32f4xx_hal_ltdc.o
    0x08009026   0x08009026   0x00000002   PAD
    0x08009028   0x08009028   0x00000214   Code   RO         5585    i.MANUAL_Action     gun_action.o
    0x0800923c   0x0800923c   0x00000032   Code   RO         5810    i.MPU_Get_Accelerometer  mpu6050.o
    0x0800926e   0x0800926e   0x00000032   Code   RO         5811    i.MPU_Get_Gyroscope  mpu6050.o
    0x080092a0   0x080092a0   0x00000090   Code   RO         5813    i.MPU_Init          mpu6050.o
    0x08009330   0x08009330   0x0000003a   Code   RO         5814    i.MPU_Read_Byte     mpu6050.o
    0x0800936a   0x0800936a   0x00000002   PAD
    0x0800936c   0x0800936c   0x0000006c   Code   RO         5815    i.MPU_Read_Len      mpu6050.o
    0x080093d8   0x080093d8   0x0000000a   Code   RO         5816    i.MPU_Set_Accel_Fsr  mpu6050.o
    0x080093e2   0x080093e2   0x0000000a   Code   RO         5817    i.MPU_Set_Gyro_Fsr  mpu6050.o
    0x080093ec   0x080093ec   0x00000030   Code   RO         5818    i.MPU_Set_LPF       mpu6050.o
    0x0800941c   0x0800941c   0x0000002e   Code   RO         5819    i.MPU_Set_Rate      mpu6050.o
    0x0800944a   0x0800944a   0x0000003c   Code   RO         5820    i.MPU_Write_Byte    mpu6050.o
    0x08009486   0x08009486   0x00000002   PAD
    0x08009488   0x08009488   0x0000006c   Code   RO         5258    i.MX_DMA_Init       dma.o
    0x080094f4   0x080094f4   0x00000178   Code   RO         5282    i.MX_GPIO_Init      gpio.o
    0x0800966c   0x0800966c   0x00000044   Code   RO         5476    i.MX_SPI1_Init      spi.o
    0x080096b0   0x080096b0   0x00000064   Code   RO         5693    i.MX_TIM10_Init     tim.o
    0x08009714   0x08009714   0x00000064   Code   RO         5694    i.MX_TIM11_Init     tim.o
    0x08009778   0x08009778   0x00000058   Code   RO         5695    i.MX_TIM13_Init     tim.o
    0x080097d0   0x080097d0   0x00000050   Code   RO         5696    i.MX_TIM2_Init      tim.o
    0x08009820   0x08009820   0x00000028   Code   RO         4003    i.MX_USART1_UART_Init  usart.o
    0x08009848   0x08009848   0x00000028   Code   RO         4005    i.MX_USART3_UART_Init  usart.o
    0x08009870   0x08009870   0x00000028   Code   RO         4006    i.MX_USART6_UART_Init  usart.o
    0x08009898   0x08009898   0x00000024   Code   RO         5523    i.Manual_To_Init    status_transmit.o
    0x080098bc   0x080098bc   0x00000002   Code   RO          401    i.MemManage_Handler  stm32f4xx_it.o
    0x080098be   0x080098be   0x00000002   Code   RO          402    i.NMI_Handler       stm32f4xx_it.o
    0x080098c0   0x080098c0   0x00000020   Code   RO          854    i.NVIC_SetPriority  stm32f4xx_hal_cortex.o
    0x080098e0   0x080098e0   0x000000b4   Code   RO         4873    i.OTT2001A_Init     ott2001a.o
    0x08009994   0x08009994   0x00000060   Code   RO         4874    i.OTT2001A_RD_Reg   ott2001a.o
    0x080099f4   0x080099f4   0x00000184   Code   RO         4875    i.OTT2001A_Scan     ott2001a.o
    0x08009b78   0x08009b78   0x0000001e   Code   RO         4876    i.OTT2001A_SensorControl  ott2001a.o
    0x08009b96   0x08009b96   0x00000052   Code   RO         4877    i.OTT2001A_WR_Reg   ott2001a.o
    0x08009be8   0x08009be8   0x000000c4   Code   RO         5639    i.PIDCalc           actuator.o
    0x08009cac   0x08009cac   0x00000006   Code   RO            4    i.PIDInit           main.o
    0x08009cb2   0x08009cb2   0x00000002   Code   RO          403    i.PendSV_Handler    stm32f4xx_it.o
    0x08009cb4   0x08009cb4   0x00000050   Code   RO         5586    i.Pitch_Angle       gun_action.o
    0x08009d04   0x08009d04   0x00000048   Code   RO         5155    i.ProcessData       uart_dma.o
    0x08009d4c   0x08009d4c   0x00000060   Code   RO         4394    i.SDRAM_Init        sdram.o
    0x08009dac   0x08009dac   0x00000050   Code   RO         4395    i.SDRAM_Initialization_Sequence  sdram.o
    0x08009dfc   0x08009dfc   0x00000034   Code   RO         4396    i.SDRAM_Send_Cmd    sdram.o
    0x08009e30   0x08009e30   0x0000009e   Code   RO         3638    i.SPI_WaitOnFlagUntilTimeout  stm32f4xx_hal_spi.o
    0x08009ece   0x08009ece   0x00000006   Code   RO            5    i.STACKInit         main.o
    0x08009ed4   0x08009ed4   0x00000002   Code   RO          404    i.SVC_Handler       stm32f4xx_it.o
    0x08009ed6   0x08009ed6   0x00000002   PAD
    0x08009ed8   0x08009ed8   0x00000014   Code   RO         5156    i.StartUartRxDMA    uart_dma.o
    0x08009eec   0x08009eec   0x00000018   Code   RO         5157    i.StartUartTxDMA    uart_dma.o
    0x08009f04   0x08009f04   0x00000084   Code   RO         3974    i.Stm32_Clock_Init  sys.o
    0x08009f88   0x08009f88   0x00000004   Code   RO          405    i.SysTick_Handler   stm32f4xx_it.o
    0x08009f8c   0x08009f8c   0x00000054   Code   RO          538    i.SystemInit        system_stm32f4xx.o
    0x08009fe0   0x08009fe0   0x0000000c   Code   RO          406    i.TIM2_IRQHandler   stm32f4xx_it.o
    0x08009fec   0x08009fec   0x000000c0   Code   RO         2025    i.TIM_Base_SetConfig  stm32f4xx_hal_tim.o
    0x0800a0ac   0x0800a0ac   0x00000016   Code   RO         2026    i.TIM_CCxChannelCmd  stm32f4xx_hal_tim.o
    0x0800a0c2   0x0800a0c2   0x00000014   Code   RO         2032    i.TIM_ETR_SetConfig  stm32f4xx_hal_tim.o
    0x0800a0d6   0x0800a0d6   0x00000010   Code   RO         2033    i.TIM_ITRx_SetConfig  stm32f4xx_hal_tim.o
    0x0800a0e6   0x0800a0e6   0x00000002   PAD
    0x0800a0e8   0x0800a0e8   0x00000058   Code   RO         2034    i.TIM_OC1_SetConfig  stm32f4xx_hal_tim.o
    0x0800a140   0x0800a140   0x00000064   Code   RO         2035    i.TIM_OC2_SetConfig  stm32f4xx_hal_tim.o
    0x0800a1a4   0x0800a1a4   0x00000060   Code   RO         2036    i.TIM_OC3_SetConfig  stm32f4xx_hal_tim.o
    0x0800a204   0x0800a204   0x00000050   Code   RO         2037    i.TIM_OC4_SetConfig  stm32f4xx_hal_tim.o
    0x0800a254   0x0800a254   0x00000022   Code   RO         2039    i.TIM_TI1_ConfigInputStage  stm32f4xx_hal_tim.o
    0x0800a276   0x0800a276   0x00000024   Code   RO         2041    i.TIM_TI2_ConfigInputStage  stm32f4xx_hal_tim.o
    0x0800a29a   0x0800a29a   0x00000002   PAD
    0x0800a29c   0x0800a29c   0x00000178   Code   RO         4925    i.TP_Adj_Info_Show  touch.o
    0x0800a414   0x0800a414   0x000005c8   Code   RO         4926    i.TP_Adjust         touch.o
    0x0800a9dc   0x0800a9dc   0x00000070   Code   RO         4928    i.TP_Drow_Touch_Point  touch.o
    0x0800aa4c   0x0800aa4c   0x0000008c   Code   RO         4929    i.TP_Get_Adjdata    touch.o
    0x0800aad8   0x0800aad8   0x0000014c   Code   RO         4930    i.TP_Init           touch.o
    0x0800ac24   0x0800ac24   0x00000090   Code   RO         4931    i.TP_Read_AD        touch.o
    0x0800acb4   0x0800acb4   0x00000064   Code   RO         4932    i.TP_Read_XOY       touch.o
    0x0800ad18   0x0800ad18   0x00000028   Code   RO         4933    i.TP_Read_XY        touch.o
    0x0800ad40   0x0800ad40   0x0000007a   Code   RO         4934    i.TP_Read_XY2       touch.o
    0x0800adba   0x0800adba   0x00000002   PAD
    0x0800adbc   0x0800adbc   0x00000078   Code   RO         4935    i.TP_Save_Adjdata   touch.o
    0x0800ae34   0x0800ae34   0x000000c0   Code   RO         4936    i.TP_Scan           touch.o
    0x0800aef4   0x0800aef4   0x00000048   Code   RO         4937    i.TP_Write_Byte     touch.o
    0x0800af3c   0x0800af3c   0x0000001e   Code   RO         1389    i.UART_DMAError     stm32f4xx_hal_uart.o
    0x0800af5a   0x0800af5a   0x00000002   PAD
    0x0800af5c   0x0800af5c   0x00000036   Code   RO         1390    i.UART_DMAReceiveCplt  stm32f4xx_hal_uart.o
    0x0800af92   0x0800af92   0x0000000a   Code   RO         1391    i.UART_DMARxHalfCplt  stm32f4xx_hal_uart.o
    0x0800af9c   0x0800af9c   0x0000002e   Code   RO         1392    i.UART_DMATransmitCplt  stm32f4xx_hal_uart.o
    0x0800afca   0x0800afca   0x0000000a   Code   RO         1393    i.UART_DMATxHalfCplt  stm32f4xx_hal_uart.o
    0x0800afd4   0x0800afd4   0x000000a8   Code   RO         1394    i.UART_Receive_IT   stm32f4xx_hal_uart.o
    0x0800b07c   0x0800b07c   0x00000178   Code   RO         1395    i.UART_SetConfig    stm32f4xx_hal_uart.o
    0x0800b1f4   0x0800b1f4   0x00000066   Code   RO         1396    i.UART_Transmit_IT  stm32f4xx_hal_uart.o
    0x0800b25a   0x0800b25a   0x00000092   Code   RO         1397    i.UART_WaitOnFlagUntilTimeout  stm32f4xx_hal_uart.o
    0x0800b2ec   0x0800b2ec   0x0000000c   Code   RO          407    i.USART2_IRQHandler  stm32f4xx_it.o
    0x0800b2f8   0x0800b2f8   0x00000020   Code   RO          408    i.USART3_IRQHandler  stm32f4xx_it.o
    0x0800b318   0x0800b318   0x00000020   Code   RO         5160    i.UartRxData        uart_dma.o
    0x0800b338   0x0800b338   0x0000002c   Code   RO         5161    i.UartTxData        uart_dma.o
    0x0800b364   0x0800b364   0x00000002   Code   RO          409    i.UsageFault_Handler  stm32f4xx_it.o
    0x0800b366   0x0800b366   0x00000002   PAD
    0x0800b368   0x0800b368   0x00000050   Code   RO         5587    i.Yaw_Angle         gun_action.o
    0x0800b3b8   0x0800b3b8   0x00000020   Code   RO         6720    i.__0printf         mc_w.l(printfa.o)
    0x0800b3d8   0x0800b3d8   0x00000030   Code   RO         6808    i.__ARM_fpclassify  m_wm.l(fpclassify.o)
    0x0800b408   0x0800b408   0x00000008   Code   RO         6838    i.__aeabi_errno_addr  mc_w.l(errno.o)
    0x0800b410   0x0800b410   0x00000360   Code   RO         6420    i.__hardfp_asin     m_wm.l(asin.o)
    0x0800b770   0x0800b770   0x000002d8   Code   RO         6774    i.__hardfp_atan     m_wm.l(atan.o)
    0x0800ba48   0x0800ba48   0x000001f0   Code   RO         6434    i.__hardfp_atan2    m_wm.l(atan2.o)
    0x0800bc38   0x0800bc38   0x00000c50   Code   RO         6446    i.__hardfp_pow      m_wm.l(pow.o)
    0x0800c888   0x0800c888   0x0000007a   Code   RO         6460    i.__hardfp_sqrt     m_wm.l(sqrt.o)
    0x0800c902   0x0800c902   0x000000f8   Code   RO         6810    i.__kernel_poly     m_wm.l(poly.o)
    0x0800c9fa   0x0800c9fa   0x00000006   PAD
    0x0800ca00   0x0800ca00   0x00000030   Code   RO         6788    i.__mathlib_dbl_divzero  m_wm.l(dunder.o)
    0x0800ca30   0x0800ca30   0x00000014   Code   RO         6789    i.__mathlib_dbl_infnan  m_wm.l(dunder.o)
    0x0800ca44   0x0800ca44   0x00000014   Code   RO         6790    i.__mathlib_dbl_infnan2  m_wm.l(dunder.o)
    0x0800ca58   0x0800ca58   0x00000020   Code   RO         6791    i.__mathlib_dbl_invalid  m_wm.l(dunder.o)
    0x0800ca78   0x0800ca78   0x00000020   Code   RO         6792    i.__mathlib_dbl_overflow  m_wm.l(dunder.o)
    0x0800ca98   0x0800ca98   0x00000020   Code   RO         6794    i.__mathlib_dbl_underflow  m_wm.l(dunder.o)
    0x0800cab8   0x0800cab8   0x0000000e   Code   RO         6896    i.__scatterload_copy  mc_w.l(handlers.o)
    0x0800cac6   0x0800cac6   0x00000002   Code   RO         6897    i.__scatterload_null  mc_w.l(handlers.o)
    0x0800cac8   0x0800cac8   0x0000000e   Code   RO         6898    i.__scatterload_zeroinit  mc_w.l(handlers.o)
    0x0800cad6   0x0800cad6   0x00000002   PAD
    0x0800cad8   0x0800cad8   0x0000000c   Code   RO         6840    i.__set_errno       mc_w.l(errno.o)
    0x0800cae4   0x0800cae4   0x00000184   Code   RO         6727    i._fp_digits        mc_w.l(printfa.o)
    0x0800cc68   0x0800cc68   0x000006dc   Code   RO         6728    i._printf_core      mc_w.l(printfa.o)
    0x0800d344   0x0800d344   0x00000024   Code   RO         6729    i._printf_post_padding  mc_w.l(printfa.o)
    0x0800d368   0x0800d368   0x0000002e   Code   RO         6730    i._printf_pre_padding  mc_w.l(printfa.o)
    0x0800d396   0x0800d396   0x00000010   Code   RO         6776    i.atan              m_wm.l(atan.o)
    0x0800d3a6   0x0800d3a6   0x00000002   PAD
    0x0800d3a8   0x0800d3a8   0x00000014   Code   RO         4071    i.delay_init        delay.o
    0x0800d3bc   0x0800d3bc   0x0000001a   Code   RO         4072    i.delay_ms          delay.o
    0x0800d3d6   0x0800d3d6   0x00000002   PAD
    0x0800d3d8   0x0800d3d8   0x00000034   Code   RO         4073    i.delay_us          delay.o
    0x0800d40c   0x0800d40c   0x00000018   Code   RO         6804    i.fabs              m_wm.l(fabs.o)
    0x0800d424   0x0800d424   0x0000008c   Code   RO         5640    i.fire              actuator.o
    0x0800d4b0   0x0800d4b0   0x0000001c   Code   RO         4007    i.fputc             usart.o
    0x0800d4cc   0x0800d4cc   0x00000038   Code   RO         5401    i.get_icm20602_accdata_spi  icm20602.o
    0x0800d504   0x0800d504   0x00000038   Code   RO         5402    i.get_icm20602_gyro_spi  icm20602.o
    0x0800d53c   0x0800d53c   0x0000006a   Code   RO         5404    i.icm20602_init_spi  icm20602.o
    0x0800d5a6   0x0800d5a6   0x00000020   Code   RO         5405    i.icm20602_self3_check  icm20602.o
    0x0800d5c6   0x0800d5c6   0x00000002   PAD
    0x0800d5c8   0x0800d5c8   0x0000004c   Code   RO         5406    i.icm_spi_r_reg_byte  icm20602.o
    0x0800d614   0x0800d614   0x0000003c   Code   RO         5407    i.icm_spi_r_reg_bytes  icm20602.o
    0x0800d650   0x0800d650   0x0000003c   Code   RO         5408    i.icm_spi_w_reg_byte  icm20602.o
    0x0800d68c   0x0800d68c   0x0000002c   Code   RO         5342    i.invSqrt           attitude_solution.o
    0x0800d6b8   0x0800d6b8   0x00000240   Code   RO            6    i.main              main.o
    0x0800d8f8   0x0800d8f8   0x00000058   Code   RO         5033    i.railgun_AUTO1_GUI_INIT  screen_app.o
    0x0800d950   0x0800d950   0x00000058   Code   RO         5034    i.railgun_AUTO2_GUI_INIT  screen_app.o
    0x0800d9a8   0x0800d9a8   0x00000054   Code   RO         5035    i.railgun_FOLLOW_GUI_INIT  screen_app.o
    0x0800d9fc   0x0800d9fc   0x000001bc   Code   RO         5036    i.railgun_INIT_GUI_INIT  screen_app.o
    0x0800dbb8   0x0800dbb8   0x00000644   Code   RO         5037    i.railgun_MANUAL_GUI_INIT  screen_app.o
    0x0800e1fc   0x0800e1fc   0x00000024   Code   RO         5038    i.railgun_button    screen_app.o
    0x0800e220   0x0800e220   0x0000006e   Code   RO         6462    i.sqrt              m_wm.l(sqrt.o)
    0x0800e28e   0x0800e28e   0x00000016   Code   RO         5774    i.stack_pop         stack.o
    0x0800e2a4   0x0800e2a4   0x00000016   Code   RO         5775    i.stack_push        stack.o
    0x0800e2ba   0x0800e2ba   0x00000044   Code   RO         5118    i.str2int           numandstr.o
    0x0800e2fe   0x0800e2fe   0x00000010   Data   RO         1233    .constdata          stm32f4xx_hal_rcc.o
    0x0800e30e   0x0800e30e   0x00000008   Data   RO         1826    .constdata          stm32f4xx_hal_dma.o
    0x0800e316   0x0800e316   0x00004740   Data   RO         4197    .constdata          lcd.o
    0x08012a56   0x08012a56   0x00000014   Data   RO         4779    .constdata          ft5206.o
    0x08012a6a   0x08012a6a   0x000000c2   Data   RO         4826    .constdata          gt9147.o
    0x08012b2c   0x08012b2c   0x0000000a   Data   RO         4878    .constdata          ott2001a.o
    0x08012b36   0x08012b36   0x00000002   PAD
    0x08012b38   0x08012b38   0x00000004   Data   RO         4938    .constdata          touch.o
    0x08012b3c   0x08012b3c   0x00000004   PAD
    0x08012b40   0x08012b40   0x00000050   Data   RO         6423    .constdata          m_wm.l(asin.o)
    0x08012b90   0x08012b90   0x00000088   Data   RO         6449    .constdata          m_wm.l(pow.o)
    0x08012c18   0x08012c18   0x00000098   Data   RO         6777    .constdata          m_wm.l(atan.o)
    0x08012cb0   0x08012cb0   0x00000008   Data   RO         6812    .constdata          m_wm.l(qnan.o)
    0x08012cb8   0x08012cb8   0x00000081   Data   RO         6863    .constdata          mc_w.l(ctype_o.o)
    0x08012d39   0x08012d39   0x00000003   PAD
    0x08012d3c   0x08012d3c   0x00000004   Data   RO         6864    .constdata          mc_w.l(ctype_o.o)
    0x08012d40   0x08012d40   0x00000079   Data   RO         4939    .conststring        touch.o
    0x08012db9   0x08012db9   0x00000003   PAD
    0x08012dbc   0x08012dbc   0x00000048   Data   RO         5643    .conststring        actuator.o
    0x08012e04   0x08012e04   0x00000020   Data   RO         6894    Region$$Table       anon$$obj.o


    Execution Region RW_IRAM1 (Exec base: 0x20000000, Load base: 0x08012e24, Size: 0x000011d8, Max: 0x00030000, ABSOLUTE, COMPRESSED[0x000001cc])

    Exec Addr    Load Addr    Size         Type   Attr      Idx    E Section Name        Object

    0x20000000   COMPRESSED   0x00000004   Data   RW           10    .data               main.o
    0x20000004   COMPRESSED   0x00000004   PAD
    0x20000008   COMPRESSED   0x00000008   Data   RW           11    .data               main.o
    0x20000010   COMPRESSED   0x00000008   Data   RW           12    .data               main.o
    0x20000018   COMPRESSED   0x00000004   Data   RW           13    .data               main.o
    0x2000001c   COMPRESSED   0x00000004   Data   RW           14    .data               main.o
    0x20000020   COMPRESSED   0x00000004   Data   RW           15    .data               main.o
    0x20000024   COMPRESSED   0x00000004   Data   RW           16    .data               main.o
    0x20000028   COMPRESSED   0x00000001   Data   RW           17    .data               main.o
    0x20000029   COMPRESSED   0x00000001   PAD
    0x2000002a   COMPRESSED   0x00000002   Data   RW           18    .data               main.o
    0x2000002c   COMPRESSED   0x00000002   Data   RW           19    .data               main.o
    0x2000002e   COMPRESSED   0x00000001   Data   RW           20    .data               main.o
    0x2000002f   COMPRESSED   0x00000001   PAD
    0x20000030   COMPRESSED   0x00000002   Data   RW           21    .data               main.o
    0x20000032   COMPRESSED   0x00000002   PAD
    0x20000034   COMPRESSED   0x00000004   Data   RW           23    .data               main.o
    0x20000038   COMPRESSED   0x000005a0   Data   RW           24    .data               main.o
    0x200005d8   COMPRESSED   0x00000002   Data   RW           28    .data               main.o
    0x200005da   COMPRESSED   0x00000002   Data   RW           29    .data               main.o
    0x200005dc   COMPRESSED   0x00000002   Data   RW           30    .data               main.o
    0x200005de   COMPRESSED   0x00000002   Data   RW           31    .data               main.o
    0x200005e0   COMPRESSED   0x00000002   Data   RW           32    .data               main.o
    0x200005e2   COMPRESSED   0x00000002   Data   RW           33    .data               main.o
    0x200005e4   COMPRESSED   0x00000014   Data   RW          539    .data               system_stm32f4xx.o
    0x200005f8   COMPRESSED   0x00000004   Data   RW          703    .data               stm32f4xx_hal.o
    0x200005fc   COMPRESSED   0x00000004   Data   RW         4074    .data               delay.o
    0x20000600   COMPRESSED   0x00000008   Data   RW         4198    .data               lcd.o
    0x20000608   COMPRESSED   0x00000008   Data   RW         4469    .data               ltdc.o
    0x20000610   COMPRESSED   0x00000007   Data   RW         4780    .data               ft5206.o
    0x20000617   COMPRESSED   0x00000001   Data   RW         4827    .data               gt9147.o
    0x20000618   COMPRESSED   0x00000001   Data   RW         4879    .data               ott2001a.o
    0x20000619   COMPRESSED   0x00000003   PAD
    0x2000061c   COMPRESSED   0x0000004c   Data   RW         4940    .data               touch.o
    0x20000668   COMPRESSED   0x00000001   Data   RW         5040    .data               screen_app.o
    0x20000669   COMPRESSED   0x00000003   PAD
    0x2000066c   COMPRESSED   0x00000008   Data   RW         5164    .data               uart_dma.o
    0x20000674   COMPRESSED   0x00000034   Data   RW         5344    .data               attitude_solution.o
    0x200006a8   COMPRESSED   0x00000024   Data   RW         5409    .data               icm20602.o
    0x200006cc   COMPRESSED   0x0000000c   Data   RW         5644    .data               actuator.o
    0x200006d8   COMPRESSED   0x00000004   Data   RW         6827    .data               mc_w.l(stdout.o)
    0x200006dc   COMPRESSED   0x00000004   Data   RW         6841    .data               mc_w.l(errno.o)
    0x200006e0        -       0x000000a0   Zero   RW            7    .bss                main.o
    0x20000780        -       0x00000040   Zero   RW            9    .bss                main.o
    0x200007c0        -       0x000001b0   Zero   RW         4008    .bss                usart.o
    0x20000970        -       0x0000005e   Zero   RW         4196    .bss                lcd.o
    0x200009ce   COMPRESSED   0x00000002   PAD
    0x200009d0        -       0x00000034   Zero   RW         4397    .bss                sdram.o
    0x20000a04        -       0x000000c8   Zero   RW         4467    .bss                ltdc.o
    0x20000acc        -       0x00000100   Zero   RW         5162    .bss                uart_dma.o
    0x20000bcc   COMPRESSED   0x00000004   PAD
    0x20000bd0        -       0x00000098   Zero   RW         5343    .bss                attitude_solution.o
    0x20000c68        -       0x00000058   Zero   RW         5477    .bss                spi.o
    0x20000cc0        -       0x00000028   Zero   RW         5641    .bss                actuator.o
    0x20000ce8        -       0x000000f0   Zero   RW         5697    .bss                tim.o
    0x20000dd8        -       0x00000400   Zero   RW          670    STACK               startup_stm32f429xx.o



  Load Region LR$$.ARM.__AT_0xC0000000 (Base: 0xc0000000, Size: 0x00000000, Max: 0x001f4000, ABSOLUTE)

    Execution Region ER$$.ARM.__AT_0xC0000000 (Exec base: 0xc0000000, Load base: 0xc0000000, Size: 0x001f4000, Max: 0x001f4000, ABSOLUTE, UNINIT)

    Exec Addr    Load Addr    Size         Type   Attr      Idx    E Section Name        Object

    0xc0000000        -       0x001f4000   Zero   RW         4466    .ARM.__AT_0xC0000000  ltdc.o


==============================================================================

Image component sizes


      Code (inc. data)   RO Data    RW Data    ZI Data      Debug   Object Name

       216          0          0          0          0       3129   24cxx.o
      2040        268         72         12         40       4757   actuator.o
      2256        188          0         52        152       7361   attitude_solution.o
       108         14          0          0          0       1360   beep.o
       712        116          0          0          0       5417   ctiic.o
        98          8          0          4          0       1923   delay.o
       108          4          0          0          0        850   dma.o
      1118         68         20          7          0       4505   ft5206.o
       376         24          0          0          0       1151   gpio.o
      1094         84        194          1          0       4862   gt9147.o
      1166        218          0          0          0       3892   gun_action.o
       446         38          0         36          0       5424   icm20602.o
        92         12          0          0          0        927   key.o
     11680        188      18240          8         94      24151   lcd.o
        76          8          0          0          0        851   led.o
      1378        116          0          8    2048200       9288   ltdc.o
       588        170          0       1500        224     444681   main.o
       584         16          0          0          0       7057   mpu6050.o
       628        100          0          0          0       4486   myiic.o
        68          0          0          0          0       1118   numandstr.o
       776         66         10          1          0       4555   ott2001a.o
      2344        162          0          1          0       5203   screen_app.o
       448         46          0          0         52       3326   sdram.o
       172         22          0          0         88       1681   spi.o
        44          0          0          0          0       1497   stack.o
        36          8        428          0       1024        812   startup_stm32f429xx.o
      1644        250          0          0          0       4644   status_transmit.o
       144         16          0          4          0       4668   stm32f4xx_hal.o
       218         14          0          0          0      30889   stm32f4xx_hal_cortex.o
       778         14          8          0          0       5259   stm32f4xx_hal_dma.o
       512         58          0          0          0       4399   stm32f4xx_hal_gpio.o
       856          4          0          0          0       4709   stm32f4xx_hal_ltdc.o
       140         14          0          0          0       1272   stm32f4xx_hal_pwr_ex.o
      1608         74         16          0          0       6127   stm32f4xx_hal_rcc.o
       680         36          0          0          0       1568   stm32f4xx_hal_rcc_ex.o
       148          0          0          0          0       2696   stm32f4xx_hal_sdram.o
      1296          0          0          0          0       4944   stm32f4xx_hal_spi.o
        86          0          0          0          0       1204   stm32f4xx_hal_sram.o
      1690         88          0          0          0      16200   stm32f4xx_hal_tim.o
        84          0          0          0          0       2390   stm32f4xx_hal_tim_ex.o
      2026         38          0          0          0      15056   stm32f4xx_hal_uart.o
       118         28          0          0          0      10001   stm32f4xx_it.o
       560         20          0          0          0       5772   stm32f4xx_ll_fmc.o
       132         10          0          0          0       1127   sys.o
        84         18          0         20          0       1021   system_stm32f4xx.o
       680         74          0          0        240       4621   tim.o
      3230        248        125         76          0      10881   touch.o
       698         94          0          8        256       7344   uart_dma.o
       600         68          0          0        432       6927   usart.o

    ----------------------------------------------------------------------
     46720       3110      19154       1752    2050808     707983   Object Totals
         0          0         32          0          0          0   (incl. Generated)
        56          0          9         14          6          0   (incl. Padding)

    ----------------------------------------------------------------------

      Code (inc. data)   RO Data    RW Data    ZI Data      Debug   Library Member Name

       864         94         80          0          0        280   asin.o
       744        106        152          0          0        352   atan.o
       496         64          0          0          0        192   atan2.o
       184         44          0          0          0        744   dunder.o
        24          0          0          0          0        124   fabs.o
        48          0          0          0          0        124   fpclassify.o
       248          0          0          0          0        152   poly.o
      3152        296        136          0          0        352   pow.o
         0          0          8          0          0          0   qnan.o
       232          0          0          0          0        296   sqrt.o
        86          0          0          0          0          0   __dczerorl2.o
        28          0          0          0          0         68   _chval.o
       158          0          0          0          0         92   _strtoul.o
        26          0          0          0          0         80   atoi.o
         8          4        133          0          0         68   ctype_o.o
         0          0          0          0          0          0   entry.o
         0          0          0          0          0          0   entry10a.o
         0          0          0          0          0          0   entry11a.o
         8          4          0          0          0          0   entry2.o
         4          0          0          0          0          0   entry5.o
         0          0          0          0          0          0   entry7b.o
         0          0          0          0          0          0   entry8b.o
         8          4          0          0          0          0   entry9a.o
        20         10          0          4          0        136   errno.o
        30          0          0          0          0          0   handlers.o
        36          8          0          0          0         68   init.o
         0          0          0          0          0          0   iusefp.o
        98          0          0          0          0         84   ldiv.o
        30          0          0          0          0         68   llshl.o
        36          0          0          0          0         68   llsshr.o
        32          0          0          0          0         68   llushr.o
        36          0          0          0          0         68   memcpya.o
        36          0          0          0          0        108   memseta.o
      2258         90          0          0          0        452   printfa.o
         0          0          0          4          0          0   stdout.o
        28          0          0          0          0         76   strcmp.o
       112          0          0          0          0         88   strtol.o
        44          0          0          0          0         80   uidiv.o
        98          0          0          0          0         92   uldiv.o
        48          0          0          0          0         68   cdcmple.o
        48          0          0          0          0         68   cdrcmple.o
        56          0          0          0          0         88   d2f.o
       334          0          0          0          0        148   dadd.o
       222          0          0          0          0        100   ddiv.o
       186          0          0          0          0        176   depilogue.o
        62          0          0          0          0         80   dfixi.o
        50          0          0          0          0         76   dfixui.o
        48          0          0          0          0         68   dfixul.o
        34          0          0          0          0         76   dflti.o
        40          0          0          0          0         80   dfltl.o
        26          0          0          0          0         76   dfltui.o
       228          0          0          0          0         96   dmul.o
        46          0          0          0          0         80   dscalb.o
       162          0          0          0          0        100   dsqrt.o
        38          0          0          0          0         68   f2d.o
       110          0          0          0          0        168   fepilogue.o

    ----------------------------------------------------------------------
     10962        724        512          8          0       5996   Library Totals
        12          0          3          0          0          0   (incl. Padding)

    ----------------------------------------------------------------------

      Code (inc. data)   RO Data    RW Data    ZI Data      Debug   Library Name

      5992        604        376          0          0       2616   m_wm.l
      3220        120        133          8          0       1764   mc_w.l
      1738          0          0          0          0       1616   mf_w.l

    ----------------------------------------------------------------------
     10962        724        512          8          0       5996   Library Totals

    ----------------------------------------------------------------------

==============================================================================


      Code (inc. data)   RO Data    RW Data    ZI Data      Debug   

     57682       3834      19666       1760    2050808     683443   Grand Totals
     57682       3834      19666        460    2050808     683443   ELF Image Totals (compressed)
     57682       3834      19666        460          0          0   ROM Totals

==============================================================================

    Total RO  Size (Code + RO Data)                77348 (  75.54kB)
    Total RW  Size (RW Data + ZI Data)           2052568 (2004.46kB)
    Total ROM Size (Code + RO Data + RW Data)      77808 (  75.98kB)

==============================================================================

