Component: ARM Compiler 5.06 update 6 (build 750) Tool: armlink [4d35ed]

==============================================================================

Section Cross References

    main.o(i.PIDInit) refers to memseta.o(.text) for __aeabi_memclr4
    main.o(i.STACKInit) refers to memseta.o(.text) for __aeabi_memclr4
    main.o(i.main) refers to stm32f4xx_hal.o(i.HAL_Init) for HAL_Init
    main.o(i.main) refers to sys.o(i.Stm32_Clock_Init) for Stm32_Clock_Init
    main.o(i.main) refers to printfa.o(i.__0printf) for __2printf
    main.o(i.main) refers to stm32f4xx_hal.o(i.HAL_Delay) for HAL_Delay
    main.o(i.main) refers to gpio.o(i.MX_GPIO_Init) for MX_GPIO_Init
    main.o(i.main) refers to dma.o(i.MX_DMA_Init) for MX_DMA_Init
    main.o(i.main) refers to usart.o(i.MX_USART1_UART_Init) for MX_USART1_UART_Init
    main.o(i.main) refers to usart.o(i.MX_USART3_UART_Init) for MX_USART3_UART_Init
    main.o(i.main) refers to usart.o(i.MX_USART6_UART_Init) for MX_USART6_UART_Init
    main.o(i.main) refers to uart_dma.o(i.StartUartRxDMA) for StartUartRxDMA
    main.o(i.main) refers to stm32f4xx_hal_uart.o(i.HAL_UART_Receive_IT) for HAL_UART_Receive_IT
    main.o(i.main) refers to led.o(i.LED_Init) for LED_Init
    main.o(i.main) refers to key.o(i.KEY_Init) for KEY_Init
    main.o(i.main) refers to sdram.o(i.SDRAM_Init) for SDRAM_Init
    main.o(i.main) refers to lcd.o(i.LCD_Init) for LCD_Init
    main.o(i.main) refers to beep.o(i.BEEP_Init) for BEEP_Init
    main.o(i.main) refers to spi.o(i.MX_SPI1_Init) for MX_SPI1_Init
    main.o(i.main) refers to icm20602.o(i.icm20602_init_spi) for icm20602_init_spi
    main.o(i.main) refers to tim.o(i.MX_TIM2_Init) for MX_TIM2_Init
    main.o(i.main) refers to tim.o(i.MX_TIM10_Init) for MX_TIM10_Init
    main.o(i.main) refers to tim.o(i.MX_TIM11_Init) for MX_TIM11_Init
    main.o(i.main) refers to tim.o(i.MX_TIM13_Init) for MX_TIM13_Init
    main.o(i.main) refers to stm32f4xx_hal_tim.o(i.HAL_TIM_PWM_Start) for HAL_TIM_PWM_Start
    main.o(i.main) refers to delay.o(i.delay_init) for delay_init
    main.o(i.main) refers to mpu6050.o(i.MPU_Init) for MPU_Init
    main.o(i.main) refers to main.o(i.PIDInit) for PIDInit
    main.o(i.main) refers to main.o(i.STACKInit) for STACKInit
    main.o(i.main) refers to stm32f4xx_hal_gpio.o(i.HAL_GPIO_WritePin) for HAL_GPIO_WritePin
    main.o(i.main) refers to stm32f4xx_hal_tim.o(i.HAL_TIM_Base_Start_IT) for HAL_TIM_Base_Start_IT
    main.o(i.main) refers to beep.o(i.BEEP_ONCE) for BEEP_ONCE
    main.o(i.main) refers to screen_app.o(i.railgun_button) for railgun_button
    main.o(i.main) refers to delay.o(i.delay_ms) for delay_ms
    main.o(i.main) refers to screen_app.o(i.railgun_FOLLOW_GUI_INIT) for railgun_FOLLOW_GUI_INIT
    main.o(i.main) refers to screen_app.o(i.railgun_INIT_GUI_INIT) for railgun_INIT_GUI_INIT
    main.o(i.main) refers to screen_app.o(i.railgun_MANUAL_GUI_INIT) for railgun_MANUAL_GUI_INIT
    main.o(i.main) refers to screen_app.o(i.railgun_AUTO1_GUI_INIT) for railgun_AUTO1_GUI_INIT
    main.o(i.main) refers to screen_app.o(i.railgun_AUTO2_GUI_INIT) for railgun_AUTO2_GUI_INIT
    main.o(i.main) refers to main.o(.data) for .data
    main.o(i.main) refers to usart.o(.bss) for huart3
    main.o(i.main) refers to main.o(.bss) for .bss
    main.o(i.main) refers to touch.o(.data) for tp_dev
    main.o(i.main) refers to tim.o(.bss) for htim10
    stm32f4xx_it.o(i.DMA1_Stream1_IRQHandler) refers to stm32f4xx_hal_dma.o(i.HAL_DMA_IRQHandler) for HAL_DMA_IRQHandler
    stm32f4xx_it.o(i.DMA1_Stream1_IRQHandler) refers to usart.o(.bss) for hdma_usart3_rx
    stm32f4xx_it.o(i.DMA1_Stream3_IRQHandler) refers to stm32f4xx_hal_dma.o(i.HAL_DMA_IRQHandler) for HAL_DMA_IRQHandler
    stm32f4xx_it.o(i.DMA1_Stream3_IRQHandler) refers to usart.o(.bss) for hdma_usart3_tx
    stm32f4xx_it.o(i.DMA2_Stream1_IRQHandler) refers to stm32f4xx_hal_dma.o(i.HAL_DMA_IRQHandler) for HAL_DMA_IRQHandler
    stm32f4xx_it.o(i.DMA2_Stream1_IRQHandler) refers to usart.o(.bss) for hdma_usart6_rx
    stm32f4xx_it.o(i.DMA2_Stream6_IRQHandler) refers to stm32f4xx_hal_dma.o(i.HAL_DMA_IRQHandler) for HAL_DMA_IRQHandler
    stm32f4xx_it.o(i.DMA2_Stream6_IRQHandler) refers to usart.o(.bss) for hdma_usart6_tx
    stm32f4xx_it.o(i.EXTI2_IRQHandler) refers to stm32f4xx_hal_gpio.o(i.HAL_GPIO_EXTI_IRQHandler) for HAL_GPIO_EXTI_IRQHandler
    stm32f4xx_it.o(i.EXTI3_IRQHandler) refers to stm32f4xx_hal_gpio.o(i.HAL_GPIO_EXTI_IRQHandler) for HAL_GPIO_EXTI_IRQHandler
    stm32f4xx_it.o(i.EXTI9_5_IRQHandler) refers to stm32f4xx_hal_gpio.o(i.HAL_GPIO_EXTI_IRQHandler) for HAL_GPIO_EXTI_IRQHandler
    stm32f4xx_it.o(i.SysTick_Handler) refers to stm32f4xx_hal.o(i.HAL_IncTick) for HAL_IncTick
    stm32f4xx_it.o(i.TIM2_IRQHandler) refers to stm32f4xx_hal_tim.o(i.HAL_TIM_IRQHandler) for HAL_TIM_IRQHandler
    stm32f4xx_it.o(i.TIM2_IRQHandler) refers to tim.o(.bss) for htim2
[...]
    FT5206_Init                              0x080013fd   Thumb Code   298  ft5206.o(i.FT5206_Init)
    FT5206_RD_Reg                            0x08001555   Thumb Code    86  ft5206.o(i.FT5206_RD_Reg)
    FT5206_Scan                              0x080015ad   Thumb Code   594  ft5206.o(i.FT5206_Scan)
    FT5206_WR_Reg                            0x08001815   Thumb Code    72  ft5206.o(i.FT5206_WR_Reg)
    Follow_To_Init                           0x0800185d   Thumb Code    50  status_transmit.o(i.Follow_To_Init)
    GT9147_Init                              0x080018a9   Thumb Code   256  gt9147.o(i.GT9147_Init)
    GT9147_RD_Reg                            0x080019e5   Thumb Code    96  gt9147.o(i.GT9147_RD_Reg)
    GT9147_Scan                              0x08001a45   Thumb Code   502  gt9147.o(i.GT9147_Scan)
    GT9147_Send_Cfg                          0x08001c4d   Thumb Code    74  gt9147.o(i.GT9147_Send_Cfg)
    GT9147_WR_Reg                            0x08001c9d   Thumb Code    82  gt9147.o(i.GT9147_WR_Reg)
    HAL_DMA_Abort                            0x08001cf1   Thumb Code    84  stm32f4xx_hal_dma.o(i.HAL_DMA_Abort)
    HAL_DMA_IRQHandler                       0x08001d45   Thumb Code   412  stm32f4xx_hal_dma.o(i.HAL_DMA_IRQHandler)
    HAL_DMA_Init                             0x08001ee5   Thumb Code   116  stm32f4xx_hal_dma.o(i.HAL_DMA_Init)
    HAL_DMA_Start_IT                         0x08001f5d   Thumb Code    78  stm32f4xx_hal_dma.o(i.HAL_DMA_Start_IT)
    HAL_Delay                                0x08001fab   Thumb Code    22  stm32f4xx_hal.o(i.HAL_Delay)
    HAL_GPIO_EXTI_Callback                   0x08001fc1   Thumb Code    68  actuator.o(i.HAL_GPIO_EXTI_Callback)
    HAL_GPIO_EXTI_IRQHandler                 0x0800200d   Thumb Code    18  stm32f4xx_hal_gpio.o(i.HAL_GPIO_EXTI_IRQHandler)
    HAL_GPIO_Init                            0x08002025   Thumb Code   408  stm32f4xx_hal_gpio.o(i.HAL_GPIO_Init)
    HAL_GPIO_ReadPin                         0x080021f1   Thumb Code    10  stm32f4xx_hal_gpio.o(i.HAL_GPIO_ReadPin)
    HAL_GPIO_TogglePin                       0x080021fb   Thumb Code     8  stm32f4xx_hal_gpio.o(i.HAL_GPIO_TogglePin)
    HAL_GPIO_WritePin                        0x08002203   Thumb Code    10  stm32f4xx_hal_gpio.o(i.HAL_GPIO_WritePin)
    HAL_GetTick                              0x0800220d   Thumb Code     6  stm32f4xx_hal.o(i.HAL_GetTick)
    HAL_IncTick                              0x08002219   Thumb Code    10  stm32f4xx_hal.o(i.HAL_IncTick)
    HAL_Init                                 0x08002229   Thumb Code    48  stm32f4xx_hal.o(i.HAL_Init)
    HAL_InitTick                             0x0800225d   Thumb Code    34  stm32f4xx_hal.o(i.HAL_InitTick)
    HAL_LTDC_ConfigLayer                     0x0800227f   Thumb Code    82  stm32f4xx_hal_ltdc.o(i.HAL_LTDC_ConfigLayer)
    HAL_LTDC_Init                            0x080022d1   Thumb Code   248  stm32f4xx_hal_ltdc.o(i.HAL_LTDC_Init)
    HAL_LTDC_MspInit                         0x080023cd   Thumb Code   218  ltdc.o(i.HAL_LTDC_MspInit)
    HAL_LTDC_SetWindowPosition               0x080024c1   Thumb Code    84  stm32f4xx_hal_ltdc.o(i.HAL_LTDC_SetWindowPosition)
    HAL_LTDC_SetWindowSize                   0x08002515   Thumb Code    84  stm32f4xx_hal_ltdc.o(i.HAL_LTDC_SetWindowSize)
    HAL_MspInit                              0x08002569   Thumb Code     8  stm32f4xx_hal.o(i.HAL_MspInit)
    HAL_NVIC_EnableIRQ                       0x08002571   Thumb Code    22  stm32f4xx_hal_cortex.o(i.HAL_NVIC_EnableIRQ)
    HAL_NVIC_SetPriority                     0x08002589   Thumb Code    60  stm32f4xx_hal_cortex.o(i.HAL_NVIC_SetPriority)
    HAL_NVIC_SetPriorityGrouping             0x080025c9   Thumb Code    26  stm32f4xx_hal_cortex.o(i.HAL_NVIC_SetPriorityGrouping)
    HAL_PWREx_EnableOverDrive                0x080025ed   Thumb Code   126  stm32f4xx_hal_pwr_ex.o(i.HAL_PWREx_EnableOverDrive)
    HAL_RCCEx_PeriphCLKConfig                0x08002679   Thumb Code   644  stm32f4xx_hal_rcc_ex.o(i.HAL_RCCEx_PeriphCLKConfig)
    HAL_RCC_ClockConfig                      0x08002921   Thumb Code   514  stm32f4xx_hal_rcc.o(i.HAL_RCC_ClockConfig)
    HAL_RCC_GetHCLKFreq                      0x08002b2d   Thumb Code    38  stm32f4xx_hal_rcc.o(i.HAL_RCC_GetHCLKFreq)
    HAL_RCC_GetPCLK1Freq                     0x08002b61   Thumb Code    36  stm32f4xx_hal_rcc.o(i.HAL_RCC_GetPCLK1Freq)
    HAL_RCC_GetPCLK2Freq                     0x08002b8d   Thumb Code    36  stm32f4xx_hal_rcc.o(i.HAL_RCC_GetPCLK2Freq)
    HAL_RCC_GetSysClockFreq                  0x08002bb9   Thumb Code   104  stm32f4xx_hal_rcc.o(i.HAL_RCC_GetSysClockFreq)
    HAL_RCC_OscConfig                        0x08002c2d   Thumb Code   806  stm32f4xx_hal_rcc.o(i.HAL_RCC_OscConfig)
    HAL_SDRAM_Init                           0x08002f69   Thumb Code    66  stm32f4xx_hal_sdram.o(i.HAL_SDRAM_Init)
    HAL_SDRAM_MspInit                        0x08002fad   Thumb Code   194  sdram.o(i.HAL_SDRAM_MspInit)
    HAL_SDRAM_ProgramRefreshRate             0x08003089   Thumb Code    34  stm32f4xx_hal_sdram.o(i.HAL_SDRAM_ProgramRefreshRate)
    HAL_SDRAM_SendCommand                    0x080030ad   Thumb Code    48  stm32f4xx_hal_sdram.o(i.HAL_SDRAM_SendCommand)
    HAL_SPI_Init                             0x080030dd   Thumb Code   132  stm32f4xx_hal_spi.o(i.HAL_SPI_Init)
    HAL_SPI_MspInit                          0x08003161   Thumb Code    92  spi.o(i.HAL_SPI_MspInit)
    HAL_SPI_Transmit                         0x080031c9   Thumb Code   324  stm32f4xx_hal_spi.o(i.HAL_SPI_Transmit)
    HAL_SPI_TransmitReceive                  0x0800330d   Thumb Code   682  stm32f4xx_hal_spi.o(i.HAL_SPI_TransmitReceive)
    HAL_SRAM_Init                            0x080035b7   Thumb Code    86  stm32f4xx_hal_sram.o(i.HAL_SRAM_Init)
    HAL_SRAM_MspInit                         0x0800360d   Thumb Code   106  lcd.o(i.HAL_SRAM_MspInit)
    HAL_SYSTICK_CLKSourceConfig              0x08003685   Thumb Code    24  stm32f4xx_hal_cortex.o(i.HAL_SYSTICK_CLKSourceConfig)
    HAL_SYSTICK_Config                       0x0800369d   Thumb Code    40  stm32f4xx_hal_cortex.o(i.HAL_SYSTICK_Config)
    HAL_TIMEx_BreakCallback                  0x080036c5   Thumb Code     2  stm32f4xx_hal_tim_ex.o(i.HAL_TIMEx_BreakCallback)
    HAL_TIMEx_CommutationCallback            0x080036c7   Thumb Code     2  stm32f4xx_hal_tim_ex.o(i.HAL_TIMEx_CommutationCallback)
    HAL_TIMEx_MasterConfigSynchronization    0x080036c9   Thumb Code    80  stm32f4xx_hal_tim_ex.o(i.HAL_TIMEx_MasterConfigSynchronization)
    HAL_TIM_Base_Init                        0x08003719   Thumb Code    54  stm32f4xx_hal_tim.o(i.HAL_TIM_Base_Init)
    HAL_TIM_Base_MspInit                     0x08003751   Thumb Code   124  tim.o(i.HAL_TIM_Base_MspInit)
    HAL_TIM_Base_Start_IT                    0x080037dd   Thumb Code    24  stm32f4xx_hal_tim.o(i.HAL_TIM_Base_Start_IT)
    HAL_TIM_ConfigClockSource                0x080037f5   Thumb Code   242  stm32f4xx_hal_tim.o(i.HAL_TIM_ConfigClockSource)
    HAL_TIM_IC_CaptureCallback               0x080038e7   Thumb Code     2  stm32f4xx_hal_tim.o(i.HAL_TIM_IC_CaptureCallback)
    HAL_TIM_IRQHandler                       0x080038e9   Thumb Code   358  stm32f4xx_hal_tim.o(i.HAL_TIM_IRQHandler)
    HAL_TIM_MspPostInit                      0x08003a51   Thumb Code   150  tim.o(i.HAL_TIM_MspPostInit)
    HAL_TIM_OC_DelayElapsedCallback          0x08003afd   Thumb Code     2  stm32f4xx_hal_tim.o(i.HAL_TIM_OC_DelayElapsedCallback)
    HAL_TIM_PWM_ConfigChannel                0x08003aff   Thumb Code   208  stm32f4xx_hal_tim.o(i.HAL_TIM_PWM_ConfigChannel)
    HAL_TIM_PWM_Init                         0x08003bcf   Thumb Code    54  stm32f4xx_hal_tim.o(i.HAL_TIM_PWM_Init)
    HAL_TIM_PWM_MspInit                      0x08003c05   Thumb Code     2  stm32f4xx_hal_tim.o(i.HAL_TIM_PWM_MspInit)
    HAL_TIM_PWM_PulseFinishedCallback        0x08003c07   Thumb Code     2  stm32f4xx_hal_tim.o(i.HAL_TIM_PWM_PulseFinishedCallback)
    HAL_TIM_PWM_Start                        0x08003c09   Thumb Code    48  stm32f4xx_hal_tim.o(i.HAL_TIM_PWM_Start)
    HAL_TIM_PeriodElapsedCallback            0x08003c41   Thumb Code  1286  actuator.o(i.HAL_TIM_PeriodElapsedCallback)
    HAL_TIM_TriggerCallback                  0x0800414d   Thumb Code     2  stm32f4xx_hal_tim.o(i.HAL_TIM_TriggerCallback)
    HAL_UART_DMAStop                         0x0800414f   Thumb Code    50  stm32f4xx_hal_uart.o(i.HAL_UART_DMAStop)
    HAL_UART_ErrorCallback                   0x08004181   Thumb Code     2  stm32f4xx_hal_uart.o(i.HAL_UART_ErrorCallback)
    HAL_UART_IRQHandler                      0x08004185   Thumb Code   246  stm32f4xx_hal_uart.o(i.HAL_UART_IRQHandler)
    HAL_UART_IdleCallback                    0x0800427b   Thumb Code    26  uart_dma.o(i.HAL_UART_IdleCallback)
    HAL_UART_Init                            0x08004295   Thumb Code    94  stm32f4xx_hal_uart.o(i.HAL_UART_Init)
    HAL_UART_MspInit                         0x080042f5   Thumb Code   514  usart.o(i.HAL_UART_MspInit)
    HAL_UART_Receive_DMA                     0x08004525   Thumb Code   122  stm32f4xx_hal_uart.o(i.HAL_UART_Receive_DMA)
    HAL_UART_Receive_IT                      0x080045ad   Thumb Code   106  stm32f4xx_hal_uart.o(i.HAL_UART_Receive_IT)
    HAL_UART_RxCpltCallback                  0x08004619   Thumb Code   460  uart_dma.o(i.HAL_UART_RxCpltCallback)
    HAL_UART_RxHalfCpltCallback              0x08004809   Thumb Code     2  stm32f4xx_hal_uart.o(i.HAL_UART_RxHalfCpltCallback)
    HAL_UART_Transmit                        0x0800480d   Thumb Code   204  stm32f4xx_hal_uart.o(i.HAL_UART_Transmit)
    HAL_UART_Transmit_DMA                    0x080048d9   Thumb Code   130  stm32f4xx_hal_uart.o(i.HAL_UART_Transmit_DMA)
    HAL_UART_TxCpltCallback                  0x08004969   Thumb Code    14  uart_dma.o(i.HAL_UART_TxCpltCallback)
    HAL_UART_TxHalfCpltCallback              0x08004981   Thumb Code     2  stm32f4xx_hal_uart.o(i.HAL_UART_TxHalfCpltCallback)
    HardFault_Handler                        0x08004983   Thumb Code     2  stm32f4xx_it.o(i.HardFault_Handler)
    IIC_Ack                                  0x08004985   Thumb Code    58  myiic.o(i.IIC_Ack)
    IIC_Init                                 0x080049cd   Thumb Code    16  myiic.o(i.IIC_Init)
    IIC_NAck                                 0x080049e5   Thumb Code    58  myiic.o(i.IIC_NAck)
    IIC_Read_Byte                            0x08004a2d   Thumb Code   100  myiic.o(i.IIC_Read_Byte)
    IIC_Send_Byte                            0x08004a9d   Thumb Code    90  myiic.o(i.IIC_Send_Byte)
    IIC_Start                                0x08004b05   Thumb Code    62  myiic.o(i.IIC_Start)
    IIC_Stop                                 0x08004b51   Thumb Code    64  myiic.o(i.IIC_Stop)
    IIC_Wait_Ack                             0x08004b9d   Thumb Code    80  myiic.o(i.IIC_Wait_Ack)
    IMU_getValues                            0x08004f0d   Thumb Code   306  attitude_solution.o(i.IMU_getValues)
    IMU_getValues_mpu6050                    0x08005075   Thumb Code   330  attitude_solution.o(i.IMU_getValues_mpu6050)
    IMU_quaterToEulerianAngles               0x080051f5   Thumb Code   316  attitude_solution.o(i.IMU_quaterToEulerianAngles)
    IMU_quaterToEulerianAngles_mpu6050       0x08005349   Thumb Code   316  attitude_solution.o(i.IMU_quaterToEulerianAngles_mpu6050)
    Init_To_Auto1                            0x0800549d   Thumb Code    68  status_transmit.o(i.Init_To_Auto1)
    Init_To_Auto2                            0x080054f9   Thumb Code    80  status_transmit.o(i.Init_To_Auto2)
    Init_To_Follow                           0x08005565   Thumb Code    68  status_transmit.o(i.Init_To_Follow)
    Init_To_Manual                           0x080055c1   Thumb Code   998  status_transmit.o(i.Init_To_Manual)
    KEY_Init                                 0x08005a2d   Thumb Code    80  key.o(i.KEY_Init)
    LCD_Clear                                0x08005a89   Thumb Code    58  lcd.o(i.LCD_Clear)
    LCD_Display_Dir                          0x08005ad1   Thumb Code   234  lcd.o(i.LCD_Display_Dir)
    LCD_DrawLine                             0x08005bc5   Thumb Code   154  lcd.o(i.LCD_DrawLine)
    LCD_DrawPoint                            0x08005c61   Thumb Code    36  lcd.o(i.LCD_DrawPoint)
    LCD_DrawRectangle                        0x08005c91   Thumb Code    58  lcd.o(i.LCD_DrawRectangle)
    LCD_Draw_Circle                          0x08005ccb   Thumb Code   176  lcd.o(i.LCD_Draw_Circle)
    LCD_Fast_DrawPoint                       0x08005d7d   Thumb Code   232  lcd.o(i.LCD_Fast_DrawPoint)
    LCD_Init                                 0x08005e71   Thumb Code  9094  lcd.o(i.LCD_Init)
    LCD_Pow                                  0x080081fd   Thumb Code    16  lcd.o(i.LCD_Pow)
    LCD_RD_DATA                              0x0800820d   Thumb Code    16  lcd.o(i.LCD_RD_DATA)
    LCD_SSD_BackLightSet                     0x08008221   Thumb Code    72  lcd.o(i.LCD_SSD_BackLightSet)
    LCD_Scan_Dir                             0x08008271   Thumb Code   434  lcd.o(i.LCD_Scan_Dir)
    LCD_SetCursor                            0x08008429   Thumb Code   254  lcd.o(i.LCD_SetCursor)
    LCD_ShowChar                             0x0800852d   Thumb Code   204  lcd.o(i.LCD_ShowChar)
    LCD_ShowNum                              0x08008611   Thumb Code   118  lcd.o(i.LCD_ShowNum)
    LCD_ShowString                           0x08008687   Thumb Code    84  lcd.o(i.LCD_ShowString)
    LCD_ShowxNum                             0x080086db   Thumb Code   134  lcd.o(i.LCD_ShowxNum)
    LCD_WR_DATA                              0x08008761   Thumb Code    20  lcd.o(i.LCD_WR_DATA)
    LCD_WR_REG                               0x08008779   Thumb Code    20  lcd.o(i.LCD_WR_REG)
    LCD_WriteRAM_Prepare                     0x08008791   Thumb Code    10  lcd.o(i.LCD_WriteRAM_Prepare)
    LCD_WriteReg                             0x080087a5   Thumb Code    10  lcd.o(i.LCD_WriteReg)
    LED_Init                                 0x080087b5   Thumb Code    68  led.o(i.LED_Init)
    LTDC_Clear                               0x08008801   Thumb Code    28  ltdc.o(i.LTDC_Clear)
    LTDC_Clk_Set                             0x08008821   Thumb Code    30  ltdc.o(i.LTDC_Clk_Set)
    LTDC_Display_Dir                         0x08008841   Thumb Code    32  ltdc.o(i.LTDC_Display_Dir)
    LTDC_Draw_Point                          0x08008865   Thumb Code    52  ltdc.o(i.LTDC_Draw_Point)
    LTDC_Fill                                0x080088a1   Thumb Code   162  ltdc.o(i.LTDC_Fill)
    LTDC_Init                                0x08008955   Thumb Code   458  ltdc.o(i.LTDC_Init)
    LTDC_Layer_Parameter_Config              0x08008b39   Thumb Code    86  ltdc.o(i.LTDC_Layer_Parameter_Config)
    LTDC_Layer_Window_Config                 0x08008b95   Thumb Code    32  ltdc.o(i.LTDC_Layer_Window_Config)
    LTDC_PanelID_Read                        0x08008bb9   Thumb Code   170  ltdc.o(i.LTDC_PanelID_Read)
    MANUAL_Action                            0x08008dd5   Thumb Code    82  gun_action.o(i.MANUAL_Action)
    MPU_Get_Accelerometer                    0x08008e3d   Thumb Code    50  mpu6050.o(i.MPU_Get_Accelerometer)
    MPU_Get_Gyroscope                        0x08008e6f   Thumb Code    50  mpu6050.o(i.MPU_Get_Gyroscope)
    MPU_Init                                 0x08008ea1   Thumb Code   128  mpu6050.o(i.MPU_Init)
    MPU_Read_Byte                            0x08008f31   Thumb Code    58  mpu6050.o(i.MPU_Read_Byte)
    MPU_Read_Len                             0x08008f6d   Thumb Code   108  mpu6050.o(i.MPU_Read_Len)
    MPU_Set_Accel_Fsr                        0x08008fd9   Thumb Code    10  mpu6050.o(i.MPU_Set_Accel_Fsr)
    MPU_Set_Gyro_Fsr                         0x08008fe3   Thumb Code    10  mpu6050.o(i.MPU_Set_Gyro_Fsr)
    MPU_Set_LPF                              0x08008fed   Thumb Code    48  mpu6050.o(i.MPU_Set_LPF)
    MPU_Set_Rate                             0x0800901d   Thumb Code    46  mpu6050.o(i.MPU_Set_Rate)
    MPU_Write_Byte                           0x0800904b   Thumb Code    60  mpu6050.o(i.MPU_Write_Byte)
    MX_DMA_Init                              0x08009089   Thumb Code   104  dma.o(i.MX_DMA_Init)
    MX_GPIO_Init                             0x080090f5   Thumb Code   352  gpio.o(i.MX_GPIO_Init)
    MX_SPI1_Init                             0x0800926d   Thumb Code    58  spi.o(i.MX_SPI1_Init)
    MX_TIM10_Init                            0x080092b1   Thumb Code    90  tim.o(i.MX_TIM10_Init)
    MX_TIM11_Init                            0x08009315   Thumb Code    90  tim.o(i.MX_TIM11_Init)
    MX_TIM13_Init                            0x08009379   Thumb Code    78  tim.o(i.MX_TIM13_Init)
    MX_TIM2_Init                             0x080093d1   Thumb Code    74  tim.o(i.MX_TIM2_Init)
    MX_USART1_UART_Init                      0x08009421   Thumb Code    32  usart.o(i.MX_USART1_UART_Init)
    MX_USART3_UART_Init                      0x08009449   Thumb Code    32  usart.o(i.MX_USART3_UART_Init)
    MX_USART6_UART_Init                      0x08009471   Thumb Code    32  usart.o(i.MX_USART6_UART_Init)
    Manual_To_Init                           0x08009499   Thumb Code    40  status_transmit.o(i.Manual_To_Init)
    MemManage_Handler                        0x080094d1   Thumb Code     2  stm32f4xx_it.o(i.MemManage_Handler)
    NMI_Handler                              0x080094d3   Thumb Code     2  stm32f4xx_it.o(i.NMI_Handler)
    OTT2001A_Init                            0x080094f5   Thumb Code   152  ott2001a.o(i.OTT2001A_Init)
    OTT2001A_RD_Reg                          0x080095a9   Thumb Code    96  ott2001a.o(i.OTT2001A_RD_Reg)
    OTT2001A_Scan                            0x08009609   Thumb Code   350  ott2001a.o(i.OTT2001A_Scan)
    OTT2001A_SensorControl                   0x0800978d   Thumb Code    30  ott2001a.o(i.OTT2001A_SensorControl)
    OTT2001A_WR_Reg                          0x080097ab   Thumb Code    82  ott2001a.o(i.OTT2001A_WR_Reg)
    PIDCalc                                  0x080097fd   Thumb Code   184  actuator.o(i.PIDCalc)
    PIDInit                                  0x080098c1   Thumb Code     6  main.o(i.PIDInit)
    PendSV_Handler                           0x080098c7   Thumb Code     2  stm32f4xx_it.o(i.PendSV_Handler)
    Pitch_Angle                              0x080098c9   Thumb Code    48  gun_action.o(i.Pitch_Angle)
    ProcessData                              0x0800990d   Thumb Code    60  uart_dma.o(i.ProcessData)
    SDRAM_Init                               0x08009955   Thumb Code    86  sdram.o(i.SDRAM_Init)
    SDRAM_Initialization_Sequence            0x080099b5   Thumb Code    74  sdram.o(i.SDRAM_Initialization_Sequence)
    SDRAM_Send_Cmd                           0x08009a05   Thumb Code    48  sdram.o(i.SDRAM_Send_Cmd)
    STACKInit                                0x08009ad7   Thumb Code     6  main.o(i.STACKInit)
    SVC_Handler                              0x08009add   Thumb Code     2  stm32f4xx_it.o(i.SVC_Handler)
    StartUartRxDMA                           0x08009ae1   Thumb Code    10  uart_dma.o(i.StartUartRxDMA)
    StartUartTxDMA                           0x08009af5   Thumb Code    12  uart_dma.o(i.StartUartTxDMA)
    Stm32_Clock_Init                         0x08009b0d   Thumb Code   122  sys.o(i.Stm32_Clock_Init)
    SysTick_Handler                          0x08009b91   Thumb Code     4  stm32f4xx_it.o(i.SysTick_Handler)
    SystemInit                               0x08009b95   Thumb Code    66  system_stm32f4xx.o(i.SystemInit)
    TIM2_IRQHandler                          0x08009be9   Thumb Code     6  stm32f4xx_it.o(i.TIM2_IRQHandler)
    TIM_Base_SetConfig                       0x08009bf5   Thumb Code   148  stm32f4xx_hal_tim.o(i.TIM_Base_SetConfig)
    TIM_CCxChannelCmd                        0x08009cb5   Thumb Code    22  stm32f4xx_hal_tim.o(i.TIM_CCxChannelCmd)
    TIM_OC2_SetConfig                        0x08009d49   Thumb Code    90  stm32f4xx_hal_tim.o(i.TIM_OC2_SetConfig)
    TP_Adj_Info_Show                         0x08009ea5   Thumb Code   326  touch.o(i.TP_Adj_Info_Show)
    TP_Adjust                                0x0800a01d   Thumb Code  1430  touch.o(i.TP_Adjust)
    TP_Drow_Touch_Point                      0x0800a5e5   Thumb Code   106  touch.o(i.TP_Drow_Touch_Point)
    TP_Get_Adjdata                           0x0800a655   Thumb Code   132  touch.o(i.TP_Get_Adjdata)
    TP_Init                                  0x0800a6e1   Thumb Code   294  touch.o(i.TP_Init)
    TP_Read_AD                               0x0800a82d   Thumb Code   130  touch.o(i.TP_Read_AD)
    TP_Read_XOY                              0x0800a8bd   Thumb Code   100  touch.o(i.TP_Read_XOY)
    TP_Read_XY                               0x0800a921   Thumb Code    34  touch.o(i.TP_Read_XY)
    TP_Read_XY2                              0x0800a949   Thumb Code   122  touch.o(i.TP_Read_XY2)
    TP_Save_Adjdata                          0x0800a9c5   Thumb Code   110  touch.o(i.TP_Save_Adjdata)
    TP_Scan                                  0x0800aa3d   Thumb Code   182  touch.o(i.TP_Scan)
    TP_Write_Byte                            0x0800aafd   Thumb Code    64  touch.o(i.TP_Write_Byte)
    USART2_IRQHandler                        0x0800aef5   Thumb Code     6  stm32f4xx_it.o(i.USART2_IRQHandler)
    USART3_IRQHandler                        0x0800af01   Thumb Code    28  stm32f4xx_it.o(i.USART3_IRQHandler)
    USART6_IRQHandler                        0x0800af21   Thumb Code     6  stm32f4xx_it.o(i.USART6_IRQHandler)
    UartRxData                               0x0800af2d   Thumb Code    32  uart_dma.o(i.UartRxData)
    UartTxData                               0x0800af4d   Thumb Code    38  uart_dma.o(i.UartTxData)
    UsageFault_Handler                       0x0800af79   Thumb Code     2  stm32f4xx_it.o(i.UsageFault_Handler)
    Yaw_Angle                                0x0800af7d   Thumb Code    56  gun_action.o(i.Yaw_Angle)
    __0printf                                0x0800afc9   Thumb Code    22  printfa.o(i.__0printf)
    __1printf                                0x0800afc9   Thumb Code     0  printfa.o(i.__0printf)
    __2printf                                0x0800afc9   Thumb Code     0  printfa.o(i.__0printf)
    __c89printf                              0x0800afc9   Thumb Code     0  printfa.o(i.__0printf)
    printf                                   0x0800afc9   Thumb Code     0  printfa.o(i.__0printf)
    __ARM_fpclassify                         0x0800afe9   Thumb Code    48  fpclassify.o(i.__ARM_fpclassify)
    __aeabi_errno_addr                       0x0800b019   Thumb Code     4  errno.o(i.__aeabi_errno_addr)
    __rt_errno_addr                          0x0800b019   Thumb Code     0  errno.o(i.__aeabi_errno_addr)
    __hardfp_asin                            0x0800b021   Thumb Code   770  asin.o(i.__hardfp_asin)
    __hardfp_atan                            0x0800b381   Thumb Code   622  atan.o(i.__hardfp_atan)
    __hardfp_atan2                           0x0800b659   Thumb Code   432  atan2.o(i.__hardfp_atan2)
    __hardfp_pow                             0x0800b849   Thumb Code  3072  pow.o(i.__hardfp_pow)
    __hardfp_sqrt                            0x0800c499   Thumb Code   122  sqrt.o(i.__hardfp_sqrt)
    __kernel_poly                            0x0800c513   Thumb Code   248  poly.o(i.__kernel_poly)
    __mathlib_dbl_divzero                    0x0800c611   Thumb Code    28  dunder.o(i.__mathlib_dbl_divzero)
    __mathlib_dbl_infnan                     0x0800c641   Thumb Code    20  dunder.o(i.__mathlib_dbl_infnan)
    __mathlib_dbl_infnan2                    0x0800c655   Thumb Code    20  dunder.o(i.__mathlib_dbl_infnan2)
    __mathlib_dbl_invalid                    0x0800c669   Thumb Code    24  dunder.o(i.__mathlib_dbl_invalid)
    __mathlib_dbl_overflow                   0x0800c689   Thumb Code    24  dunder.o(i.__mathlib_dbl_overflow)
    __mathlib_dbl_underflow                  0x0800c6a9   Thumb Code    24  dunder.o(i.__mathlib_dbl_underflow)
    __scatterload_copy                       0x0800c6c9   Thumb Code    14  handlers.o(i.__scatterload_copy)
    __scatterload_null                       0x0800c6d7   Thumb Code     2  handlers.o(i.__scatterload_null)
    __scatterload_zeroinit                   0x0800c6d9   Thumb Code    14  handlers.o(i.__scatterload_zeroinit)
    __set_errno                              0x0800c6e9   Thumb Code     6  errno.o(i.__set_errno)
    atan                                     0x0800cfa7   Thumb Code    16  atan.o(i.atan)
    delay_init                               0x0800cfb9   Thumb Code    16  delay.o(i.delay_init)
    delay_ms                                 0x0800cfcd   Thumb Code    26  delay.o(i.delay_ms)
    delay_us                                 0x0800cfe9   Thumb Code    48  delay.o(i.delay_us)
    fabs                                     0x0800d01d   Thumb Code    24  fabs.o(i.fabs)
    fire                                     0x0800d035   Thumb Code   114  actuator.o(i.fire)
    fputc                                    0x0800d0b1   Thumb Code    24  usart.o(i.fputc)
    get_icm20602_accdata_spi                 0x0800d0cd   Thumb Code    50  icm20602.o(i.get_icm20602_accdata_spi)
    get_icm20602_gyro_spi                    0x0800d105   Thumb Code    50  icm20602.o(i.get_icm20602_gyro_spi)
    icm20602_init_spi                        0x0800d13d   Thumb Code   106  icm20602.o(i.icm20602_init_spi)
    icm20602_self3_check                     0x0800d1a7   Thumb Code    32  icm20602.o(i.icm20602_self3_check)
    icm_spi_r_reg_byte                       0x0800d1c9   Thumb Code    68  icm20602.o(i.icm_spi_r_reg_byte)
    icm_spi_r_reg_bytes                      0x0800d215   Thumb Code    50  icm20602.o(i.icm_spi_r_reg_bytes)
    icm_spi_w_reg_byte                       0x0800d251   Thumb Code    52  icm20602.o(i.icm_spi_w_reg_byte)
    invSqrt                                  0x0800d28d   Thumb Code    40  attitude_solution.o(i.invSqrt)
    main                                     0x0800d2b9   Thumb Code   462  main.o(i.main)
    railgun_AUTO1_GUI_INIT                   0x0800d559   Thumb Code    72  screen_app.o(i.railgun_AUTO1_GUI_INIT)
    railgun_AUTO2_GUI_INIT                   0x0800d5b1   Thumb Code    72  screen_app.o(i.railgun_AUTO2_GUI_INIT)
    railgun_FOLLOW_GUI_INIT                  0x0800d609   Thumb Code    66  screen_app.o(i.railgun_FOLLOW_GUI_INIT)
    railgun_INIT_GUI_INIT                    0x0800d65d   Thumb Code   382  screen_app.o(i.railgun_INIT_GUI_INIT)
    railgun_MANUAL_GUI_INIT                  0x0800d819   Thumb Code  1596  screen_app.o(i.railgun_MANUAL_GUI_INIT)
    railgun_button                           0x0800de5d   Thumb Code    20  screen_app.o(i.railgun_button)
    sqrt                                     0x0800de81   Thumb Code   110  sqrt.o(i.sqrt)
    stack_pop                                0x0800deef   Thumb Code    22  stack.o(i.stack_pop)
    stack_push                               0x0800df05   Thumb Code    22  stack.o(i.stack_push)
    str2int                                  0x0800df1b   Thumb Code    68  numandstr.o(i.str2int)
    APBAHBPrescTable                         0x0800df5e   Data          16  stm32f4xx_hal_rcc.o(.constdata)
    asc2_1206                                0x0800df76   Data        1140  lcd.o(.constdata)
    asc2_1608                                0x0800e3ea   Data        1520  lcd.o(.constdata)
    asc2_2412                                0x0800e9da   Data        3420  lcd.o(.constdata)
    asc2_3216                                0x0800f736   Data       12160  lcd.o(.constdata)
    FT5206_TPX_TBL                           0x080126b6   Data          10  ft5206.o(.constdata)
    GT911_TPX_TBL                            0x080126c0   Data          10  ft5206.o(.constdata)
    GT9147_CFG_TBL                           0x080126ca   Data         184  gt9147.o(.constdata)
    GT9147_TPX_TBL                           0x08012782   Data          10  gt9147.o(.constdata)
    OTT_TPX_TBL                              0x0801278c   Data          10  ott2001a.o(.constdata)
    TP_REMIND_MSG_TBL                        0x08012798   Data           4  touch.o(.constdata)
    __mathlib_zero                           0x08012910   Data           8  qnan.o(.constdata)
    __ctype_table                            0x08012918   Data         129  ctype_o.o(.constdata)
    Region$$Table$$Base                      0x08012a64   Number         0  anon$$obj.o(Region$$Table)
    Region$$Table$$Limit                     0x08012a84   Number         0  anon$$obj.o(Region$$Table)
    staSystem                                0x20000000   Data           1  main.o(.data)
    temp_usart3                              0x20000001   Data           1  main.o(.data)
    cnt                                      0x20000002   Data           2  main.o(.data)
    manual_distance                          0x20000008   Data           8  main.o(.data)
    manual_angle                             0x20000010   Data           8  main.o(.data)
    tim_angle                                0x20000018   Data           4  main.o(.data)
    distance                                 0x2000001c   Data           4  main.o(.data)
    fire_distance                            0x20000020   Data           4  main.o(.data)
    difference                               0x20000024   Data           4  main.o(.data)
    pitch_Reach_flag                         0x20000028   Data           1  main.o(.data)
    track_flag                               0x2000002a   Data           2  main.o(.data)
    follow_flag                              0x2000002c   Data           2  main.o(.data)
    fire_flag                                0x2000002e   Data           1  main.o(.data)
    yaw_angle_now                            0x20000030   Data           2  main.o(.data)
    pitch_angle_now                          0x20000032   Data           2  main.o(.data)
    pitch_anle_icm20602                      0x20000034   Data           4  main.o(.data)
    aacx                                     0x20000038   Data           2  main.o(.data)
    aacy                                     0x2000003a   Data           2  main.o(.data)
    aacz                                     0x2000003c   Data           2  main.o(.data)
    gyrox                                    0x2000003e   Data           2  main.o(.data)
    gyroy                                    0x20000040   Data           2  main.o(.data)
    gyroz                                    0x20000042   Data           2  main.o(.data)
    SystemCoreClock                          0x20000044   Data           4  system_stm32f4xx.o(.data)
    AHBPrescTable                            0x20000048   Data          16  system_stm32f4xx.o(.data)
    POINT_COLOR                              0x20000060   Data           4  lcd.o(.data)
    BACK_COLOR                               0x20000064   Data           4  lcd.o(.data)
    ltdc_framebuf                            0x20000068   Data           8  ltdc.o(.data)
    g_gt_tnum                                0x20000070   Data           1  ft5206.o(.data)
    CIP                                      0x20000072   Data           5  ft5206.o(.data)
    CMD_RDX                                  0x2000007c   Data           1  touch.o(.data)
    CMD_RDY                                  0x2000007d   Data           1  touch.o(.data)
    tp_dev                                   0x20000080   Data          72  touch.o(.data)
    t                                        0x200000c8   Data           1  screen_app.o(.data)
    sendCompleteSign                         0x200000cc   Data           1  uart_dma.o(.data)
    TxLen                                    0x200000cd   Data           1  uart_dma.o(.data)
    distance_aver_cnt                        0x200000ce   Data           1  uart_dma.o(.data)
    a                                        0x200000d0   Data           4  uart_dma.o(.data)
    param_Kp                                 0x200000d4   Data           4  attitude_solution.o(.data)
    param_Ki                                 0x200000d8   Data           4  attitude_solution.o(.data)
    I_ex                                     0x200000dc   Data           4  attitude_solution.o(.data)
    I_ey                                     0x200000e0   Data           4  attitude_solution.o(.data)
    I_ez                                     0x200000e4   Data           4  attitude_solution.o(.data)
    Q_info                                   0x200000e8   Data          16  attitude_solution.o(.data)
    Q_info_mpu6050                           0x200000f8   Data          16  attitude_solution.o(.data)
    icm_gyro_x                               0x20000108   Data           4  icm20602.o(.data)
    icm_gyro_y                               0x2000010c   Data           4  icm20602.o(.data)
    icm_gyro_z                               0x20000110   Data           4  icm20602.o(.data)
    icm_acc_x                                0x20000114   Data           4  icm20602.o(.data)
    icm_acc_y                                0x20000118   Data           4  icm20602.o(.data)
    icm_acc_z                                0x2000011c   Data           4  icm20602.o(.data)
    unit_icm_acc_x                           0x20000120   Data           4  icm20602.o(.data)
    unit_icm_acc_y                           0x20000124   Data           4  icm20602.o(.data)
    unit_icm_acc_z                           0x20000128   Data           4  icm20602.o(.data)
    xiangzuo                                 0x2000012c   Data           1  actuator.o(.data)
    angle_flag                               0x2000012d   Data           1  actuator.o(.data)
    judge_cnt                                0x2000012e   Data           1  actuator.o(.data)
    judge_pitch_cnt                          0x2000012f   Data           1  actuator.o(.data)
    tim_cnt_50                               0x20000130   Data           2  actuator.o(.data)
    tim_cnt_10                               0x20000132   Data           2  actuator.o(.data)
    tim_cnt_40                               0x20000134   Data           2  actuator.o(.data)
    tim_cnt_5                                0x20000136   Data           2  actuator.o(.data)
    __stdout                                 0x20000138   Data           4  stdout.o(.data)
    sPID                                     0x20000140   Data          56  main.o(.bss)
    sPID_pitch                               0x20000178   Data          56  main.o(.bss)
    distance_stack                           0x200001b0   Data         104  main.o(.bss)
    temp                                     0x20000218   Data          64  main.o(.bss)
    huart1                                   0x20000258   Data          64  usart.o(.bss)
    huart3                                   0x20000298   Data          64  usart.o(.bss)
    huart2                                   0x200002d8   Data          64  usart.o(.bss)
    huart6                                   0x20000318   Data          64  usart.o(.bss)
    hdma_usart3_rx                           0x20000358   Data          88  usart.o(.bss)
    hdma_usart3_tx                           0x200003b0   Data          88  usart.o(.bss)
    hdma_usart6_rx                           0x20000408   Data          88  usart.o(.bss)
    hdma_usart6_tx                           0x20000460   Data          88  usart.o(.bss)
    SRAM_Handler                             0x200004b8   Data          80  lcd.o(.bss)
    lcddev                                   0x20000508   Data          14  lcd.o(.bss)
    SDRAM_Handler                            0x20000518   Data          52  sdram.o(.bss)
    LTDC_Handler                             0x2000054c   Data         168  ltdc.o(.bss)
    lcdltdc                                  0x200005f4   Data          32  ltdc.o(.bss)
    RxBuffer                                 0x20000614   Data         128  uart_dma.o(.bss)
    TxBuffer                                 0x20000694   Data         128  uart_dma.o(.bss)
    distance_aver                            0x20000714   Data          16  uart_dma.o(.bss)
    eulerAngle                               0x20000758   Data          12  attitude_solution.o(.bss)
    eulerAngle_mpu6050                       0x20000764   Data          12  attitude_solution.o(.bss)
    values                                   0x20000770   Data          40  attitude_solution.o(.bss)
    values_mpu6050                           0x20000798   Data          40  attitude_solution.o(.bss)
    hspi1                                    0x200007c0   Data          88  spi.o(.bss)
    judge_difference                         0x20000818   Data          40  actuator.o(.bss)
    judge_difference_pitch                   0x20000840   Data          60  actuator.o(.bss)
    htim10                                   0x2000087c   Data          60  tim.o(.bss)
    htim11                                   0x200008b8   Data          60  tim.o(.bss)
    htim2                                    0x200008f4   Data          60  tim.o(.bss)
    htim13                                   0x20000930   Data          60  tim.o(.bss)
    __initial_sp                             0x20000d70   Data           0  startup_stm32f429xx.o(STACK)
    ltdc_lcd_framebuf                        0xc0000000   Data       2048000  ltdc.o(.ARM.__AT_0xC0000000)



==============================================================================

Memory Map of the image

  Image Entry point : 0x080001ad

  Load Region LR_IROM1 (Base: 0x08000000, Size: 0x00012bc4, Max: 0x00100000, ABSOLUTE, COMPRESSED[0x00012ac4])

    Execution Region ER_IROM1 (Exec base: 0x08000000, Load base: 0x08000000, Size: 0x00012a84, Max: 0x00100000, ABSOLUTE)

    Exec Addr    Load Addr    Size         Type   Attr      Idx    E Section Name        Object

    0x08000000   0x08000000   0x000001ac   Data   RO          687    RESET               startup_stm32f429xx.o
    0x080001ac   0x080001ac   0x00000000   Code   RO         6477  * .ARM.Collect$$$$00000000  mc_w.l(entry.o)
    0x080001ac   0x080001ac   0x00000004   Code   RO         6816    .ARM.Collect$$$$00000001  mc_w.l(entry2.o)
    0x080001b0   0x080001b0   0x00000004   Code   RO         6819    .ARM.Collect$$$$00000004  mc_w.l(entry5.o)
    0x080001b4   0x080001b4   0x00000000   Code   RO         6821    .ARM.Collect$$$$00000008  mc_w.l(entry7b.o)
    0x080001b4   0x080001b4   0x00000000   Code   RO         6823    .ARM.Collect$$$$0000000A  mc_w.l(entry8b.o)
    0x080001b4   0x080001b4   0x00000008   Code   RO         6824    .ARM.Collect$$$$0000000B  mc_w.l(entry9a.o)
    0x080001bc   0x080001bc   0x00000000   Code   RO         6826    .ARM.Collect$$$$0000000D  mc_w.l(entry10a.o)
    0x080001bc   0x080001bc   0x00000000   Code   RO         6828    .ARM.Collect$$$$0000000F  mc_w.l(entry11a.o)
    0x080001bc   0x080001bc   0x00000004   Code   RO         6817    .ARM.Collect$$$$00002712  mc_w.l(entry2.o)
    0x080001c0   0x080001c0   0x00000024   Code   RO          688    .text               startup_stm32f429xx.o
    0x080001e4   0x080001e4   0x00000062   Code   RO         6480    .text               mc_w.l(ldiv.o)
    0x08000246   0x08000246   0x00000024   Code   RO         6482    .text               mc_w.l(memcpya.o)
    0x0800026a   0x0800026a   0x00000024   Code   RO         6484    .text               mc_w.l(memseta.o)
    0x0800028e   0x0800028e   0x0000001c   Code   RO         6486    .text               mc_w.l(strcmp.o)
    0x080002aa   0x080002aa   0x0000001a   Code   RO         6753    .text               mc_w.l(atoi.o)
    0x080002c4   0x080002c4   0x0000014e   Code   RO         6755    .text               mf_w.l(dadd.o)
    0x08000412   0x08000412   0x000000e4   Code   RO         6757    .text               mf_w.l(dmul.o)
    0x080004f6   0x080004f6   0x000000de   Code   RO         6759    .text               mf_w.l(ddiv.o)
    0x080005d4   0x080005d4   0x00000022   Code   RO         6761    .text               mf_w.l(dflti.o)
    0x080005f6   0x080005f6   0x0000001a   Code   RO         6763    .text               mf_w.l(dfltui.o)
    0x08000610   0x08000610   0x00000028   Code   RO         6765    .text               mf_w.l(dfltl.o)
    0x08000638   0x08000638   0x00000032   Code   RO         6767    .text               mf_w.l(dfixui.o)
    0x0800066a   0x0800066a   0x00000026   Code   RO         6769    .text               mf_w.l(f2d.o)
    0x08000690   0x08000690   0x00000030   Code   RO         6771    .text               mf_w.l(cdcmple.o)
    0x080006c0   0x080006c0   0x00000030   Code   RO         6773    .text               mf_w.l(cdrcmple.o)
    0x080006f0   0x080006f0   0x00000038   Code   RO         6775    .text               mf_w.l(d2f.o)
    0x08000728   0x08000728   0x0000002c   Code   RO         6831    .text               mc_w.l(uidiv.o)
    0x08000754   0x08000754   0x00000062   Code   RO         6833    .text               mc_w.l(uldiv.o)
    0x080007b6   0x080007b6   0x0000001e   Code   RO         6835    .text               mc_w.l(llshl.o)
    0x080007d4   0x080007d4   0x00000020   Code   RO         6837    .text               mc_w.l(llushr.o)
    0x080007f4   0x080007f4   0x00000024   Code   RO         6839    .text               mc_w.l(llsshr.o)
    0x08000818   0x08000818   0x00000070   Code   RO         6848    .text               mc_w.l(strtol.o)
    0x08000888   0x08000888   0x00000000   Code   RO         6850    .text               mc_w.l(iusefp.o)
    0x08000888   0x08000888   0x0000006e   Code   RO         6851    .text               mf_w.l(fepilogue.o)
    0x080008f6   0x080008f6   0x000000ba   Code   RO         6853    .text               mf_w.l(depilogue.o)
    0x080009b0   0x080009b0   0x0000002e   Code   RO         6857    .text               mf_w.l(dscalb.o)
    0x080009de   0x080009de   0x000000a2   Code   RO         6859    .text               mf_w.l(dsqrt.o)
    0x08000a80   0x08000a80   0x00000030   Code   RO         6861    .text               mf_w.l(dfixul.o)
    0x08000ab0   0x08000ab0   0x00000024   Code   RO         6863    .text               mc_w.l(init.o)
    0x08000ad4   0x08000ad4   0x00000008   Code   RO         6865    .text               mc_w.l(ctype_o.o)
    0x08000adc   0x08000adc   0x0000009e   Code   RO         6893    .text               mc_w.l(_strtoul.o)
    0x08000b7a   0x08000b7a   0x0000001c   Code   RO         6895    .text               mc_w.l(_chval.o)
    0x08000b96   0x08000b96   0x0000003a   Code   RO         6905    .text               mc_w.l(__dczerorl.o)
    0x08000bd0   0x08000bd0   0x00000004   Code   RO         4647    i.AT24CXX_Init      24cxx.o
    0x08000bd4   0x08000bd4   0x0000002a   Code   RO         4649    i.AT24CXX_ReadLenByte  24cxx.o
    0x08000bfe   0x08000bfe   0x00000042   Code   RO         4650    i.AT24CXX_ReadOneByte  24cxx.o
    0x08000c40   0x08000c40   0x0000002a   Code   RO         4652    i.AT24CXX_WriteLenByte  24cxx.o
    0x08000c6a   0x08000c6a   0x0000003e   Code   RO         4653    i.AT24CXX_WriteOneByte  24cxx.o
    0x08000ca8   0x08000ca8   0x00000088   Code   RO         5589    i.AUTO1_Action      gun_action.o
    0x08000d30   0x08000d30   0x00000006   Code   RO         5590    i.AUTO2_Action      gun_action.o
    0x08000d36   0x08000d36   0x00000002   PAD
    0x08000d38   0x08000d38   0x00000044   Code   RO         5523    i.Auto1_To_Init     status_transmit.o
    0x08000d7c   0x08000d7c   0x0000004c   Code   RO         5524    i.Auto2_To_Init     status_transmit.o
    0x08000dc8   0x08000dc8   0x00000044   Code   RO         5313    i.BEEP_Init         beep.o
    0x08000e0c   0x08000e0c   0x00000028   Code   RO         5314    i.BEEP_ONCE         beep.o
    0x08000e34   0x08000e34   0x00000002   Code   RO          390    i.BusFault_Handler  stm32f4xx_it.o
    0x08000e36   0x08000e36   0x00000002   PAD
    0x08000e38   0x08000e38   0x00000048   Code   RO         4716    i.CT_IIC_Ack        ctiic.o
    0x08000e80   0x08000e80   0x0000006c   Code   RO         4717    i.CT_IIC_Init       ctiic.o
    0x08000eec   0x08000eec   0x00000048   Code   RO         4718    i.CT_IIC_NAck       ctiic.o
    0x08000f34   0x08000f34   0x00000078   Code   RO         4719    i.CT_IIC_Read_Byte  ctiic.o
    0x08000fac   0x08000fac   0x00000068   Code   RO         4720    i.CT_IIC_Send_Byte  ctiic.o
    0x08001014   0x08001014   0x0000004c   Code   RO         4721    i.CT_IIC_Start      ctiic.o
    0x08001060   0x08001060   0x0000004c   Code   RO         4722    i.CT_IIC_Stop       ctiic.o
    0x080010ac   0x080010ac   0x00000054   Code   RO         4723    i.CT_IIC_Wait_Ack   ctiic.o
    0x08001100   0x08001100   0x0000000c   Code   RO          391    i.DMA1_Stream1_IRQHandler  stm32f4xx_it.o
    0x0800110c   0x0800110c   0x0000000c   Code   RO          392    i.DMA1_Stream3_IRQHandler  stm32f4xx_it.o
    0x08001118   0x08001118   0x0000000c   Code   RO          393    i.DMA2_Stream1_IRQHandler  stm32f4xx_it.o
    0x08001124   0x08001124   0x0000000c   Code   RO          394    i.DMA2_Stream6_IRQHandler  stm32f4xx_it.o
    0x08001130   0x08001130   0x00000028   Code   RO         1830    i.DMA_CalcBaseAndBitshift  stm32f4xx_hal_dma.o
    0x08001158   0x08001158   0x00000028   Code   RO         1831    i.DMA_SetConfig     stm32f4xx_hal_dma.o
    0x08001180   0x08001180   0x00000024   Code   RO         5165    i.DataProcess       uart_dma.o
    0x080011a4   0x080011a4   0x00000002   Code   RO          395    i.DebugMon_Handler  stm32f4xx_it.o
    0x080011a6   0x080011a6   0x00000006   Code   RO          396    i.EXTI2_IRQHandler  stm32f4xx_it.o
    0x080011ac   0x080011ac   0x00000006   Code   RO          397    i.EXTI3_IRQHandler  stm32f4xx_it.o
    0x080011b2   0x080011b2   0x00000006   Code   RO          398    i.EXTI9_5_IRQHandler  stm32f4xx_it.o
    0x080011b8   0x080011b8   0x00000040   Code   RO         2832    i.FMC_NORSRAM_Extended_Timing_Init  stm32f4xx_ll_fmc.o
    0x080011f8   0x080011f8   0x00000078   Code   RO         2833    i.FMC_NORSRAM_Init  stm32f4xx_ll_fmc.o
    0x08001270   0x08001270   0x0000005c   Code   RO         2834    i.FMC_NORSRAM_Timing_Init  stm32f4xx_ll_fmc.o
    0x080012cc   0x080012cc   0x0000004c   Code   RO         2844    i.FMC_SDRAM_Init    stm32f4xx_ll_fmc.o
    0x08001318   0x08001318   0x0000000c   Code   RO         2845    i.FMC_SDRAM_ProgramRefreshRate  stm32f4xx_ll_fmc.o
    0x08001324   0x08001324   0x00000048   Code   RO         2846    i.FMC_SDRAM_SendCommand  stm32f4xx_ll_fmc.o
    0x0800136c   0x0800136c   0x0000007c   Code   RO         2848    i.FMC_SDRAM_Timing_Init  stm32f4xx_ll_fmc.o
    0x080013e8   0x080013e8   0x00000014   Code   RO         5591    i.FOLLOW_Action     gun_action.o
    0x080013fc   0x080013fc   0x00000158   Code   RO         4790    i.FT5206_Init       ft5206.o
    0x08001554   0x08001554   0x00000056   Code   RO         4791    i.FT5206_RD_Reg     ft5206.o
    0x080015aa   0x080015aa   0x00000002   PAD
    0x080015ac   0x080015ac   0x00000268   Code   RO         4792    i.FT5206_Scan       ft5206.o
    0x08001814   0x08001814   0x00000048   Code   RO         4793    i.FT5206_WR_Reg     ft5206.o
    0x0800185c   0x0800185c   0x0000004c   Code   RO         5525    i.Follow_To_Init    status_transmit.o
    0x080018a8   0x080018a8   0x0000013c   Code   RO         4836    i.GT9147_Init       gt9147.o
    0x080019e4   0x080019e4   0x00000060   Code   RO         4837    i.GT9147_RD_Reg     gt9147.o
    0x08001a44   0x08001a44   0x00000208   Code   RO         4838    i.GT9147_Scan       gt9147.o
    0x08001c4c   0x08001c4c   0x00000050   Code   RO         4839    i.GT9147_Send_Cfg   gt9147.o
    0x08001c9c   0x08001c9c   0x00000052   Code   RO         4840    i.GT9147_WR_Reg     gt9147.o
    0x08001cee   0x08001cee   0x00000002   PAD
    0x08001cf0   0x08001cf0   0x00000054   Code   RO         1832    i.HAL_DMA_Abort     stm32f4xx_hal_dma.o
    0x08001d44   0x08001d44   0x000001a0   Code   RO         1836    i.HAL_DMA_IRQHandler  stm32f4xx_hal_dma.o
    0x08001ee4   0x08001ee4   0x00000078   Code   RO         1837    i.HAL_DMA_Init      stm32f4xx_hal_dma.o
    0x08001f5c   0x08001f5c   0x0000004e   Code   RO         1840    i.HAL_DMA_Start_IT  stm32f4xx_hal_dma.o
    0x08001faa   0x08001faa   0x00000016   Code   RO          702    i.HAL_Delay         stm32f4xx_hal.o
    0x08001fc0   0x08001fc0   0x0000004c   Code   RO         5644    i.HAL_GPIO_EXTI_Callback  actuator.o
    0x0800200c   0x0800200c   0x00000018   Code   RO          978    i.HAL_GPIO_EXTI_IRQHandler  stm32f4xx_hal_gpio.o
    0x08002024   0x08002024   0x000001cc   Code   RO          979    i.HAL_GPIO_Init     stm32f4xx_hal_gpio.o
    0x080021f0   0x080021f0   0x0000000a   Code   RO          981    i.HAL_GPIO_ReadPin  stm32f4xx_hal_gpio.o
    0x080021fa   0x080021fa   0x00000008   Code   RO          982    i.HAL_GPIO_TogglePin  stm32f4xx_hal_gpio.o
    0x08002202   0x08002202   0x0000000a   Code   RO          983    i.HAL_GPIO_WritePin  stm32f4xx_hal_gpio.o
    0x0800220c   0x0800220c   0x0000000c   Code   RO          710    i.HAL_GetTick       stm32f4xx_hal.o
    0x08002218   0x08002218   0x00000010   Code   RO          711    i.HAL_IncTick       stm32f4xx_hal.o
    0x08002228   0x08002228   0x00000034   Code   RO          712    i.HAL_Init          stm32f4xx_hal.o
    0x0800225c   0x0800225c   0x00000022   Code   RO          713    i.HAL_InitTick      stm32f4xx_hal.o
    0x0800227e   0x0800227e   0x00000052   Code   RO         3282    i.HAL_LTDC_ConfigLayer  stm32f4xx_hal_ltdc.o
    0x080022d0   0x080022d0   0x000000fc   Code   RO         3294    i.HAL_LTDC_Init     stm32f4xx_hal_ltdc.o
    0x080023cc   0x080023cc   0x000000f4   Code   RO         4466    i.HAL_LTDC_MspInit  ltdc.o
    0x080024c0   0x080024c0   0x00000054   Code   RO         3303    i.HAL_LTDC_SetWindowPosition  stm32f4xx_hal_ltdc.o
    0x08002514   0x08002514   0x00000054   Code   RO         3304    i.HAL_LTDC_SetWindowSize  stm32f4xx_hal_ltdc.o
    0x08002568   0x08002568   0x00000008   Code   RO          715    i.HAL_MspInit       stm32f4xx_hal.o
    0x08002570   0x08002570   0x00000016   Code   RO          856    i.HAL_NVIC_EnableIRQ  stm32f4xx_hal_cortex.o
    0x08002586   0x08002586   0x00000002   PAD
    0x08002588   0x08002588   0x00000040   Code   RO          862    i.HAL_NVIC_SetPriority  stm32f4xx_hal_cortex.o
    0x080025c8   0x080025c8   0x00000024   Code   RO          863    i.HAL_NVIC_SetPriorityGrouping  stm32f4xx_hal_cortex.o
    0x080025ec   0x080025ec   0x0000008c   Code   RO         1168    i.HAL_PWREx_EnableOverDrive  stm32f4xx_hal_pwr_ex.o
    0x08002678   0x08002678   0x000002a8   Code   RO         1340    i.HAL_RCCEx_PeriphCLKConfig  stm32f4xx_hal_rcc_ex.o
    0x08002920   0x08002920   0x0000020c   Code   RO         1235    i.HAL_RCC_ClockConfig  stm32f4xx_hal_rcc.o
    0x08002b2c   0x08002b2c   0x00000034   Code   RO         1240    i.HAL_RCC_GetHCLKFreq  stm32f4xx_hal_rcc.o
    0x08002b60   0x08002b60   0x0000002c   Code   RO         1242    i.HAL_RCC_GetPCLK1Freq  stm32f4xx_hal_rcc.o
    0x08002b8c   0x08002b8c   0x0000002c   Code   RO         1243    i.HAL_RCC_GetPCLK2Freq  stm32f4xx_hal_rcc.o
    0x08002bb8   0x08002bb8   0x00000074   Code   RO         1244    i.HAL_RCC_GetSysClockFreq  stm32f4xx_hal_rcc.o
    0x08002c2c   0x08002c2c   0x0000033c   Code   RO         1247    i.HAL_RCC_OscConfig  stm32f4xx_hal_rcc.o
    0x08002f68   0x08002f68   0x00000042   Code   RO         3130    i.HAL_SDRAM_Init    stm32f4xx_hal_sdram.o
    0x08002faa   0x08002faa   0x00000002   PAD
    0x08002fac   0x08002fac   0x000000dc   Code   RO         4408    i.HAL_SDRAM_MspInit  sdram.o
    0x08003088   0x08003088   0x00000022   Code   RO         3133    i.HAL_SDRAM_ProgramRefreshRate  stm32f4xx_hal_sdram.o
    0x080030aa   0x080030aa   0x00000002   PAD
    0x080030ac   0x080030ac   0x00000030   Code   RO         3139    i.HAL_SDRAM_SendCommand  stm32f4xx_hal_sdram.o
    0x080030dc   0x080030dc   0x00000084   Code   RO         3622    i.HAL_SPI_Init      stm32f4xx_hal_spi.o
    0x08003160   0x08003160   0x00000068   Code   RO         5482    i.HAL_SPI_MspInit   spi.o
    0x080031c8   0x080031c8   0x00000144   Code   RO         3630    i.HAL_SPI_Transmit  stm32f4xx_hal_spi.o
    0x0800330c   0x0800330c   0x000002aa   Code   RO         3631    i.HAL_SPI_TransmitReceive  stm32f4xx_hal_spi.o
    0x080035b6   0x080035b6   0x00000056   Code   RO         3008    i.HAL_SRAM_Init     stm32f4xx_hal_sram.o
    0x0800360c   0x0800360c   0x00000078   Code   RO         4179    i.HAL_SRAM_MspInit  lcd.o
    0x08003684   0x08003684   0x00000018   Code   RO          865    i.HAL_SYSTICK_CLKSourceConfig  stm32f4xx_hal_cortex.o
    0x0800369c   0x0800369c   0x00000028   Code   RO          867    i.HAL_SYSTICK_Config  stm32f4xx_hal_cortex.o
    0x080036c4   0x080036c4   0x00000002   Code   RO         2585    i.HAL_TIMEx_BreakCallback  stm32f4xx_hal_tim_ex.o
    0x080036c6   0x080036c6   0x00000002   Code   RO         2586    i.HAL_TIMEx_CommutationCallback  stm32f4xx_hal_tim_ex.o
    0x080036c8   0x080036c8   0x00000050   Code   RO         2602    i.HAL_TIMEx_MasterConfigSynchronization  stm32f4xx_hal_tim_ex.o
    0x08003718   0x08003718   0x00000036   Code   RO         1956    i.HAL_TIM_Base_Init  stm32f4xx_hal_tim.o
    0x0800374e   0x0800374e   0x00000002   PAD
    0x08003750   0x08003750   0x0000008c   Code   RO         5696    i.HAL_TIM_Base_MspInit  tim.o
    0x080037dc   0x080037dc   0x00000018   Code   RO         1961    i.HAL_TIM_Base_Start_IT  stm32f4xx_hal_tim.o
    0x080037f4   0x080037f4   0x000000f2   Code   RO         1965    i.HAL_TIM_ConfigClockSource  stm32f4xx_hal_tim.o
    0x080038e6   0x080038e6   0x00000002   Code   RO         1985    i.HAL_TIM_IC_CaptureCallback  stm32f4xx_hal_tim.o
    0x080038e8   0x080038e8   0x00000166   Code   RO         1998    i.HAL_TIM_IRQHandler  stm32f4xx_hal_tim.o
    0x08003a4e   0x08003a4e   0x00000002   PAD
    0x08003a50   0x08003a50   0x000000ac   Code   RO         5697    i.HAL_TIM_MspPostInit  tim.o
    0x08003afc   0x08003afc   0x00000002   Code   RO         2001    i.HAL_TIM_OC_DelayElapsedCallback  stm32f4xx_hal_tim.o
    0x08003afe   0x08003afe   0x000000d0   Code   RO         2022    i.HAL_TIM_PWM_ConfigChannel  stm32f4xx_hal_tim.o
    0x08003bce   0x08003bce   0x00000036   Code   RO         2025    i.HAL_TIM_PWM_Init  stm32f4xx_hal_tim.o
    0x08003c04   0x08003c04   0x00000002   Code   RO         2027    i.HAL_TIM_PWM_MspInit  stm32f4xx_hal_tim.o
    0x08003c06   0x08003c06   0x00000002   Code   RO         2028    i.HAL_TIM_PWM_PulseFinishedCallback  stm32f4xx_hal_tim.o
    0x08003c08   0x08003c08   0x00000038   Code   RO         2029    i.HAL_TIM_PWM_Start  stm32f4xx_hal_tim.o
    0x08003c40   0x08003c40   0x0000050c   Code   RO         5645    i.HAL_TIM_PeriodElapsedCallback  actuator.o
    0x0800414c   0x0800414c   0x00000002   Code   RO         2039    i.HAL_TIM_TriggerCallback  stm32f4xx_hal_tim.o
    0x0800414e   0x0800414e   0x00000032   Code   RO         1385    i.HAL_UART_DMAStop  stm32f4xx_hal_uart.o
    0x08004180   0x08004180   0x00000002   Code   RO         1387    i.HAL_UART_ErrorCallback  stm32f4xx_hal_uart.o
    0x08004182   0x08004182   0x00000002   PAD
    0x08004184   0x08004184   0x000000f6   Code   RO         1390    i.HAL_UART_IRQHandler  stm32f4xx_hal_uart.o
    0x0800427a   0x0800427a   0x0000001a   Code   RO         5166    i.HAL_UART_IdleCallback  uart_dma.o
    0x08004294   0x08004294   0x0000005e   Code   RO         1391    i.HAL_UART_Init     stm32f4xx_hal_uart.o
    0x080042f2   0x080042f2   0x00000002   PAD
    0x080042f4   0x080042f4   0x00000230   Code   RO         4017    i.HAL_UART_MspInit  usart.o
    0x08004524   0x08004524   0x00000088   Code   RO         1395    i.HAL_UART_Receive_DMA  stm32f4xx_hal_uart.o
    0x080045ac   0x080045ac   0x0000006a   Code   RO         1396    i.HAL_UART_Receive_IT  stm32f4xx_hal_uart.o
    0x08004616   0x08004616   0x00000002   PAD
    0x08004618   0x08004618   0x000001f0   Code   RO         5167    i.HAL_UART_RxCpltCallback  uart_dma.o
    0x08004808   0x08004808   0x00000002   Code   RO         1398    i.HAL_UART_RxHalfCpltCallback  stm32f4xx_hal_uart.o
    0x0800480a   0x0800480a   0x00000002   PAD
    0x0800480c   0x0800480c   0x000000cc   Code   RO         1399    i.HAL_UART_Transmit  stm32f4xx_hal_uart.o
    0x080048d8   0x080048d8   0x00000090   Code   RO         1400    i.HAL_UART_Transmit_DMA  stm32f4xx_hal_uart.o
    0x08004968   0x08004968   0x00000018   Code   RO         5168    i.HAL_UART_TxCpltCallback  uart_dma.o
    0x08004980   0x08004980   0x00000002   Code   RO         1403    i.HAL_UART_TxHalfCpltCallback  stm32f4xx_hal_uart.o
    0x08004982   0x08004982   0x00000002   Code   RO          399    i.HardFault_Handler  stm32f4xx_it.o
    0x08004984   0x08004984   0x00000048   Code   RO         4580    i.IIC_Ack           myiic.o
    0x080049cc   0x080049cc   0x00000018   Code   RO         4581    i.IIC_Init          myiic.o
    0x080049e4   0x080049e4   0x00000048   Code   RO         4582    i.IIC_NAck          myiic.o
    0x08004a2c   0x08004a2c   0x00000070   Code   RO         4583    i.IIC_Read_Byte     myiic.o
    0x08004a9c   0x08004a9c   0x00000068   Code   RO         4584    i.IIC_Send_Byte     myiic.o
    0x08004b04   0x08004b04   0x0000004c   Code   RO         4585    i.IIC_Start         myiic.o
    0x08004b50   0x08004b50   0x0000004c   Code   RO         4586    i.IIC_Stop          myiic.o
    0x08004b9c   0x08004b9c   0x0000005c   Code   RO         4587    i.IIC_Wait_Ack      myiic.o
    0x08004bf8   0x08004bf8   0x00000170   Code   RO         5343    i.IMU_AHRSupdate_noMagnetic  attitude_solution.o
    0x08004d68   0x08004d68   0x000001a4   Code   RO         5344    i.IMU_AHRSupdate_noMagnetic_mpu6050  attitude_solution.o
    0x08004f0c   0x08004f0c   0x00000168   Code   RO         5345    i.IMU_getValues     attitude_solution.o
    0x08005074   0x08005074   0x00000180   Code   RO         5346    i.IMU_getValues_mpu6050  attitude_solution.o
    0x080051f4   0x080051f4   0x00000154   Code   RO         5347    i.IMU_quaterToEulerianAngles  attitude_solution.o
    0x08005348   0x08005348   0x00000154   Code   RO         5348    i.IMU_quaterToEulerianAngles_mpu6050  attitude_solution.o
    0x0800549c   0x0800549c   0x0000005c   Code   RO         5526    i.Init_To_Auto1     status_transmit.o
    0x080054f8   0x080054f8   0x0000006c   Code   RO         5527    i.Init_To_Auto2     status_transmit.o
    0x08005564   0x08005564   0x0000005c   Code   RO         5528    i.Init_To_Follow    status_transmit.o
    0x080055c0   0x080055c0   0x0000046c   Code   RO         5529    i.Init_To_Manual    status_transmit.o
    0x08005a2c   0x08005a2c   0x0000005c   Code   RO         4148    i.KEY_Init          key.o
    0x08005a88   0x08005a88   0x00000048   Code   RO         4181    i.LCD_Clear         lcd.o
    0x08005ad0   0x08005ad0   0x000000f4   Code   RO         4185    i.LCD_Display_Dir   lcd.o
    0x08005bc4   0x08005bc4   0x0000009a   Code   RO         4186    i.LCD_DrawLine      lcd.o
    0x08005c5e   0x08005c5e   0x00000002   PAD
    0x08005c60   0x08005c60   0x00000030   Code   RO         4187    i.LCD_DrawPoint     lcd.o
    0x08005c90   0x08005c90   0x0000003a   Code   RO         4188    i.LCD_DrawRectangle  lcd.o
    0x08005cca   0x08005cca   0x000000b0   Code   RO         4189    i.LCD_Draw_Circle   lcd.o
    0x08005d7a   0x08005d7a   0x00000002   PAD
    0x08005d7c   0x08005d7c   0x000000f4   Code   RO         4190    i.LCD_Fast_DrawPoint  lcd.o
    0x08005e70   0x08005e70   0x0000238c   Code   RO         4192    i.LCD_Init          lcd.o
    0x080081fc   0x080081fc   0x00000010   Code   RO         4193    i.LCD_Pow           lcd.o
    0x0800820c   0x0800820c   0x00000014   Code   RO         4194    i.LCD_RD_DATA       lcd.o
    0x08008220   0x08008220   0x00000050   Code   RO         4197    i.LCD_SSD_BackLightSet  lcd.o
    0x08008270   0x08008270   0x000001b8   Code   RO         4198    i.LCD_Scan_Dir      lcd.o
    0x08008428   0x08008428   0x00000104   Code   RO         4199    i.LCD_SetCursor     lcd.o
    0x0800852c   0x0800852c   0x000000e4   Code   RO         4201    i.LCD_ShowChar      lcd.o
    0x08008610   0x08008610   0x00000076   Code   RO         4202    i.LCD_ShowNum       lcd.o
    0x08008686   0x08008686   0x00000054   Code   RO         4203    i.LCD_ShowString    lcd.o
    0x080086da   0x080086da   0x00000086   Code   RO         4204    i.LCD_ShowxNum      lcd.o
    0x08008760   0x08008760   0x00000018   Code   RO         4205    i.LCD_WR_DATA       lcd.o
    0x08008778   0x08008778   0x00000018   Code   RO         4206    i.LCD_WR_REG        lcd.o
    0x08008790   0x08008790   0x00000014   Code   RO         4208    i.LCD_WriteRAM_Prepare  lcd.o
    0x080087a4   0x080087a4   0x00000010   Code   RO         4209    i.LCD_WriteReg      lcd.o
    0x080087b4   0x080087b4   0x0000004c   Code   RO         4124    i.LED_Init          led.o
    0x08008800   0x08008800   0x00000020   Code   RO         4467    i.LTDC_Clear        ltdc.o
    0x08008820   0x08008820   0x0000001e   Code   RO         4468    i.LTDC_Clk_Set      ltdc.o
    0x0800883e   0x0800883e   0x00000002   PAD
    0x08008840   0x08008840   0x00000024   Code   RO         4470    i.LTDC_Display_Dir  ltdc.o
    0x08008864   0x08008864   0x0000003c   Code   RO         4471    i.LTDC_Draw_Point   ltdc.o
    0x080088a0   0x080088a0   0x000000b4   Code   RO         4472    i.LTDC_Fill         ltdc.o
    0x08008954   0x08008954   0x000001e4   Code   RO         4473    i.LTDC_Init         ltdc.o
    0x08008b38   0x08008b38   0x0000005c   Code   RO         4474    i.LTDC_Layer_Parameter_Config  ltdc.o
    0x08008b94   0x08008b94   0x00000024   Code   RO         4476    i.LTDC_Layer_Window_Config  ltdc.o
    0x08008bb8   0x08008bb8   0x000000b8   Code   RO         4477    i.LTDC_PanelID_Read  ltdc.o
    0x08008c70   0x08008c70   0x00000162   Code   RO         3305    i.LTDC_SetConfig    stm32f4xx_hal_ltdc.o
    0x08008dd2   0x08008dd2   0x00000002   PAD
    0x08008dd4   0x08008dd4   0x00000068   Code   RO         5592    i.MANUAL_Action     gun_action.o
    0x08008e3c   0x08008e3c   0x00000032   Code   RO         5815    i.MPU_Get_Accelerometer  mpu6050.o
    0x08008e6e   0x08008e6e   0x00000032   Code   RO         5816    i.MPU_Get_Gyroscope  mpu6050.o
    0x08008ea0   0x08008ea0   0x00000090   Code   RO         5818    i.MPU_Init          mpu6050.o
    0x08008f30   0x08008f30   0x0000003a   Code   RO         5819    i.MPU_Read_Byte     mpu6050.o
    0x08008f6a   0x08008f6a   0x00000002   PAD
    0x08008f6c   0x08008f6c   0x0000006c   Code   RO         5820    i.MPU_Read_Len      mpu6050.o
    0x08008fd8   0x08008fd8   0x0000000a   Code   RO         5821    i.MPU_Set_Accel_Fsr  mpu6050.o
    0x08008fe2   0x08008fe2   0x0000000a   Code   RO         5822    i.MPU_Set_Gyro_Fsr  mpu6050.o
    0x08008fec   0x08008fec   0x00000030   Code   RO         5823    i.MPU_Set_LPF       mpu6050.o
    0x0800901c   0x0800901c   0x0000002e   Code   RO         5824    i.MPU_Set_Rate      mpu6050.o
    0x0800904a   0x0800904a   0x0000003c   Code   RO         5825    i.MPU_Write_Byte    mpu6050.o
    0x08009086   0x08009086   0x00000002   PAD
    0x08009088   0x08009088   0x0000006c   Code   RO         5265    i.MX_DMA_Init       dma.o
    0x080090f4   0x080090f4   0x00000178   Code   RO         5289    i.MX_GPIO_Init      gpio.o
    0x0800926c   0x0800926c   0x00000044   Code   RO         5483    i.MX_SPI1_Init      spi.o
    0x080092b0   0x080092b0   0x00000064   Code   RO         5698    i.MX_TIM10_Init     tim.o
    0x08009314   0x08009314   0x00000064   Code   RO         5699    i.MX_TIM11_Init     tim.o
    0x08009378   0x08009378   0x00000058   Code   RO         5700    i.MX_TIM13_Init     tim.o
    0x080093d0   0x080093d0   0x00000050   Code   RO         5701    i.MX_TIM2_Init      tim.o
    0x08009420   0x08009420   0x00000028   Code   RO         4018    i.MX_USART1_UART_Init  usart.o
    0x08009448   0x08009448   0x00000028   Code   RO         4020    i.MX_USART3_UART_Init  usart.o
    0x08009470   0x08009470   0x00000028   Code   RO         4021    i.MX_USART6_UART_Init  usart.o
    0x08009498   0x08009498   0x00000038   Code   RO         5530    i.Manual_To_Init    status_transmit.o
    0x080094d0   0x080094d0   0x00000002   Code   RO          400    i.MemManage_Handler  stm32f4xx_it.o
    0x080094d2   0x080094d2   0x00000002   Code   RO          401    i.NMI_Handler       stm32f4xx_it.o
    0x080094d4   0x080094d4   0x00000020   Code   RO          869    i.NVIC_SetPriority  stm32f4xx_hal_cortex.o
    0x080094f4   0x080094f4   0x000000b4   Code   RO         4888    i.OTT2001A_Init     ott2001a.o
    0x080095a8   0x080095a8   0x00000060   Code   RO         4889    i.OTT2001A_RD_Reg   ott2001a.o
    0x08009608   0x08009608   0x00000184   Code   RO         4890    i.OTT2001A_Scan     ott2001a.o
    0x0800978c   0x0800978c   0x0000001e   Code   RO         4891    i.OTT2001A_SensorControl  ott2001a.o
    0x080097aa   0x080097aa   0x00000052   Code   RO         4892    i.OTT2001A_WR_Reg   ott2001a.o
    0x080097fc   0x080097fc   0x000000c4   Code   RO         5646    i.PIDCalc           actuator.o
    0x080098c0   0x080098c0   0x00000006   Code   RO            4    i.PIDInit           main.o
    0x080098c6   0x080098c6   0x00000002   Code   RO          402    i.PendSV_Handler    stm32f4xx_it.o
    0x080098c8   0x080098c8   0x00000044   Code   RO         5593    i.Pitch_Angle       gun_action.o
    0x0800990c   0x0800990c   0x00000048   Code   RO         5169    i.ProcessData       uart_dma.o
    0x08009954   0x08009954   0x00000060   Code   RO         4409    i.SDRAM_Init        sdram.o
    0x080099b4   0x080099b4   0x00000050   Code   RO         4410    i.SDRAM_Initialization_Sequence  sdram.o
    0x08009a04   0x08009a04   0x00000034   Code   RO         4411    i.SDRAM_Send_Cmd    sdram.o
    0x08009a38   0x08009a38   0x0000009e   Code   RO         3653    i.SPI_WaitOnFlagUntilTimeout  stm32f4xx_hal_spi.o
    0x08009ad6   0x08009ad6   0x00000006   Code   RO            5    i.STACKInit         main.o
    0x08009adc   0x08009adc   0x00000002   Code   RO          403    i.SVC_Handler       stm32f4xx_it.o
    0x08009ade   0x08009ade   0x00000002   PAD
    0x08009ae0   0x08009ae0   0x00000014   Code   RO         5170    i.StartUartRxDMA    uart_dma.o
    0x08009af4   0x08009af4   0x00000018   Code   RO         5171    i.StartUartTxDMA    uart_dma.o
    0x08009b0c   0x08009b0c   0x00000084   Code   RO         3989    i.Stm32_Clock_Init  sys.o
    0x08009b90   0x08009b90   0x00000004   Code   RO          404    i.SysTick_Handler   stm32f4xx_it.o
    0x08009b94   0x08009b94   0x00000054   Code   RO          553    i.SystemInit        system_stm32f4xx.o
    0x08009be8   0x08009be8   0x0000000c   Code   RO          405    i.TIM2_IRQHandler   stm32f4xx_it.o
    0x08009bf4   0x08009bf4   0x000000c0   Code   RO         2040    i.TIM_Base_SetConfig  stm32f4xx_hal_tim.o
    0x08009cb4   0x08009cb4   0x00000016   Code   RO         2041    i.TIM_CCxChannelCmd  stm32f4xx_hal_tim.o
    0x08009cca   0x08009cca   0x00000014   Code   RO         2047    i.TIM_ETR_SetConfig  stm32f4xx_hal_tim.o
    0x08009cde   0x08009cde   0x00000010   Code   RO         2048    i.TIM_ITRx_SetConfig  stm32f4xx_hal_tim.o
    0x08009cee   0x08009cee   0x00000002   PAD
    0x08009cf0   0x08009cf0   0x00000058   Code   RO         2049    i.TIM_OC1_SetConfig  stm32f4xx_hal_tim.o
    0x08009d48   0x08009d48   0x00000064   Code   RO         2050    i.TIM_OC2_SetConfig  stm32f4xx_hal_tim.o
    0x08009dac   0x08009dac   0x00000060   Code   RO         2051    i.TIM_OC3_SetConfig  stm32f4xx_hal_tim.o
    0x08009e0c   0x08009e0c   0x00000050   Code   RO         2052    i.TIM_OC4_SetConfig  stm32f4xx_hal_tim.o
    0x08009e5c   0x08009e5c   0x00000022   Code   RO         2054    i.TIM_TI1_ConfigInputStage  stm32f4xx_hal_tim.o
    0x08009e7e   0x08009e7e   0x00000024   Code   RO         2056    i.TIM_TI2_ConfigInputStage  stm32f4xx_hal_tim.o
    0x08009ea2   0x08009ea2   0x00000002   PAD
    0x08009ea4   0x08009ea4   0x00000178   Code   RO         4940    i.TP_Adj_Info_Show  touch.o
    0x0800a01c   0x0800a01c   0x000005c8   Code   RO         4941    i.TP_Adjust         touch.o
    0x0800a5e4   0x0800a5e4   0x00000070   Code   RO         4943    i.TP_Drow_Touch_Point  touch.o
    0x0800a654   0x0800a654   0x0000008c   Code   RO         4944    i.TP_Get_Adjdata    touch.o
    0x0800a6e0   0x0800a6e0   0x0000014c   Code   RO         4945    i.TP_Init           touch.o
    0x0800a82c   0x0800a82c   0x00000090   Code   RO         4946    i.TP_Read_AD        touch.o
    0x0800a8bc   0x0800a8bc   0x00000064   Code   RO         4947    i.TP_Read_XOY       touch.o
    0x0800a920   0x0800a920   0x00000028   Code   RO         4948    i.TP_Read_XY        touch.o
    0x0800a948   0x0800a948   0x0000007a   Code   RO         4949    i.TP_Read_XY2       touch.o
    0x0800a9c2   0x0800a9c2   0x00000002   PAD
    0x0800a9c4   0x0800a9c4   0x00000078   Code   RO         4950    i.TP_Save_Adjdata   touch.o
    0x0800aa3c   0x0800aa3c   0x000000c0   Code   RO         4951    i.TP_Scan           touch.o
    0x0800aafc   0x0800aafc   0x00000048   Code   RO         4952    i.TP_Write_Byte     touch.o
    0x0800ab44   0x0800ab44   0x0000001e   Code   RO         1404    i.UART_DMAError     stm32f4xx_hal_uart.o
    0x0800ab62   0x0800ab62   0x00000002   PAD
    0x0800ab64   0x0800ab64   0x00000036   Code   RO         1405    i.UART_DMAReceiveCplt  stm32f4xx_hal_uart.o
    0x0800ab9a   0x0800ab9a   0x0000000a   Code   RO         1406    i.UART_DMARxHalfCplt  stm32f4xx_hal_uart.o
    0x0800aba4   0x0800aba4   0x0000002e   Code   RO         1407    i.UART_DMATransmitCplt  stm32f4xx_hal_uart.o
    0x0800abd2   0x0800abd2   0x0000000a   Code   RO         1408    i.UART_DMATxHalfCplt  stm32f4xx_hal_uart.o
    0x0800abdc   0x0800abdc   0x000000a8   Code   RO         1409    i.UART_Receive_IT   stm32f4xx_hal_uart.o
    0x0800ac84   0x0800ac84   0x00000178   Code   RO         1410    i.UART_SetConfig    stm32f4xx_hal_uart.o
    0x0800adfc   0x0800adfc   0x00000066   Code   RO         1411    i.UART_Transmit_IT  stm32f4xx_hal_uart.o
    0x0800ae62   0x0800ae62   0x00000092   Code   RO         1412    i.UART_WaitOnFlagUntilTimeout  stm32f4xx_hal_uart.o
    0x0800aef4   0x0800aef4   0x0000000c   Code   RO          406    i.USART2_IRQHandler  stm32f4xx_it.o
    0x0800af00   0x0800af00   0x00000020   Code   RO          407    i.USART3_IRQHandler  stm32f4xx_it.o
    0x0800af20   0x0800af20   0x0000000c   Code   RO          408    i.USART6_IRQHandler  stm32f4xx_it.o
    0x0800af2c   0x0800af2c   0x00000020   Code   RO         5174    i.UartRxData        uart_dma.o
    0x0800af4c   0x0800af4c   0x0000002c   Code   RO         5175    i.UartTxData        uart_dma.o
    0x0800af78   0x0800af78   0x00000002   Code   RO          409    i.UsageFault_Handler  stm32f4xx_it.o
    0x0800af7a   0x0800af7a   0x00000002   PAD
    0x0800af7c   0x0800af7c   0x0000004c   Code   RO         5594    i.Yaw_Angle         gun_action.o
    0x0800afc8   0x0800afc8   0x00000020   Code   RO         6725    i.__0printf         mc_w.l(printfa.o)
    0x0800afe8   0x0800afe8   0x00000030   Code   RO         6811    i.__ARM_fpclassify  m_wm.l(fpclassify.o)
    0x0800b018   0x0800b018   0x00000008   Code   RO         6841    i.__aeabi_errno_addr  mc_w.l(errno.o)
    0x0800b020   0x0800b020   0x00000360   Code   RO         6425    i.__hardfp_asin     m_wm.l(asin.o)
    0x0800b380   0x0800b380   0x000002d8   Code   RO         6777    i.__hardfp_atan     m_wm.l(atan.o)
    0x0800b658   0x0800b658   0x000001f0   Code   RO         6439    i.__hardfp_atan2    m_wm.l(atan2.o)
    0x0800b848   0x0800b848   0x00000c50   Code   RO         6451    i.__hardfp_pow      m_wm.l(pow.o)
    0x0800c498   0x0800c498   0x0000007a   Code   RO         6465    i.__hardfp_sqrt     m_wm.l(sqrt.o)
    0x0800c512   0x0800c512   0x000000f8   Code   RO         6813    i.__kernel_poly     m_wm.l(poly.o)
    0x0800c60a   0x0800c60a   0x00000006   PAD
    0x0800c610   0x0800c610   0x00000030   Code   RO         6791    i.__mathlib_dbl_divzero  m_wm.l(dunder.o)
    0x0800c640   0x0800c640   0x00000014   Code   RO         6792    i.__mathlib_dbl_infnan  m_wm.l(dunder.o)
    0x0800c654   0x0800c654   0x00000014   Code   RO         6793    i.__mathlib_dbl_infnan2  m_wm.l(dunder.o)
    0x0800c668   0x0800c668   0x00000020   Code   RO         6794    i.__mathlib_dbl_invalid  m_wm.l(dunder.o)
    0x0800c688   0x0800c688   0x00000020   Code   RO         6795    i.__mathlib_dbl_overflow  m_wm.l(dunder.o)
    0x0800c6a8   0x0800c6a8   0x00000020   Code   RO         6797    i.__mathlib_dbl_underflow  m_wm.l(dunder.o)
    0x0800c6c8   0x0800c6c8   0x0000000e   Code   RO         6899    i.__scatterload_copy  mc_w.l(handlers.o)
    0x0800c6d6   0x0800c6d6   0x00000002   Code   RO         6900    i.__scatterload_null  mc_w.l(handlers.o)
    0x0800c6d8   0x0800c6d8   0x0000000e   Code   RO         6901    i.__scatterload_zeroinit  mc_w.l(handlers.o)
    0x0800c6e6   0x0800c6e6   0x00000002   PAD
    0x0800c6e8   0x0800c6e8   0x0000000c   Code   RO         6843    i.__set_errno       mc_w.l(errno.o)
    0x0800c6f4   0x0800c6f4   0x00000184   Code   RO         6732    i._fp_digits        mc_w.l(printfa.o)
    0x0800c878   0x0800c878   0x000006dc   Code   RO         6733    i._printf_core      mc_w.l(printfa.o)
    0x0800cf54   0x0800cf54   0x00000024   Code   RO         6734    i._printf_post_padding  mc_w.l(printfa.o)
    0x0800cf78   0x0800cf78   0x0000002e   Code   RO         6735    i._printf_pre_padding  mc_w.l(printfa.o)
    0x0800cfa6   0x0800cfa6   0x00000010   Code   RO         6779    i.atan              m_wm.l(atan.o)
    0x0800cfb6   0x0800cfb6   0x00000002   PAD
    0x0800cfb8   0x0800cfb8   0x00000014   Code   RO         4086    i.delay_init        delay.o
    0x0800cfcc   0x0800cfcc   0x0000001a   Code   RO         4087    i.delay_ms          delay.o
    0x0800cfe6   0x0800cfe6   0x00000002   PAD
    0x0800cfe8   0x0800cfe8   0x00000034   Code   RO         4088    i.delay_us          delay.o
    0x0800d01c   0x0800d01c   0x00000018   Code   RO         6807    i.fabs              m_wm.l(fabs.o)
    0x0800d034   0x0800d034   0x0000007c   Code   RO         5647    i.fire              actuator.o
    0x0800d0b0   0x0800d0b0   0x0000001c   Code   RO         4022    i.fputc             usart.o
    0x0800d0cc   0x0800d0cc   0x00000038   Code   RO         5408    i.get_icm20602_accdata_spi  icm20602.o
    0x0800d104   0x0800d104   0x00000038   Code   RO         5409    i.get_icm20602_gyro_spi  icm20602.o
    0x0800d13c   0x0800d13c   0x0000006a   Code   RO         5411    i.icm20602_init_spi  icm20602.o
    0x0800d1a6   0x0800d1a6   0x00000020   Code   RO         5412    i.icm20602_self3_check  icm20602.o
    0x0800d1c6   0x0800d1c6   0x00000002   PAD
    0x0800d1c8   0x0800d1c8   0x0000004c   Code   RO         5413    i.icm_spi_r_reg_byte  icm20602.o
    0x0800d214   0x0800d214   0x0000003c   Code   RO         5414    i.icm_spi_r_reg_bytes  icm20602.o
    0x0800d250   0x0800d250   0x0000003c   Code   RO         5415    i.icm_spi_w_reg_byte  icm20602.o
    0x0800d28c   0x0800d28c   0x0000002c   Code   RO         5349    i.invSqrt           attitude_solution.o
    0x0800d2b8   0x0800d2b8   0x000002a0   Code   RO            6    i.main              main.o
    0x0800d558   0x0800d558   0x00000058   Code   RO         5048    i.railgun_AUTO1_GUI_INIT  screen_app.o
    0x0800d5b0   0x0800d5b0   0x00000058   Code   RO         5049    i.railgun_AUTO2_GUI_INIT  screen_app.o
    0x0800d608   0x0800d608   0x00000054   Code   RO         5050    i.railgun_FOLLOW_GUI_INIT  screen_app.o
    0x0800d65c   0x0800d65c   0x000001bc   Code   RO         5051    i.railgun_INIT_GUI_INIT  screen_app.o
    0x0800d818   0x0800d818   0x00000644   Code   RO         5052    i.railgun_MANUAL_GUI_INIT  screen_app.o
    0x0800de5c   0x0800de5c   0x00000024   Code   RO         5053    i.railgun_button    screen_app.o
    0x0800de80   0x0800de80   0x0000006e   Code   RO         6467    i.sqrt              m_wm.l(sqrt.o)
    0x0800deee   0x0800deee   0x00000016   Code   RO         5779    i.stack_pop         stack.o
    0x0800df04   0x0800df04   0x00000016   Code   RO         5780    i.stack_push        stack.o
    0x0800df1a   0x0800df1a   0x00000044   Code   RO         5133    i.str2int           numandstr.o
    0x0800df5e   0x0800df5e   0x00000010   Data   RO         1248    .constdata          stm32f4xx_hal_rcc.o
    0x0800df6e   0x0800df6e   0x00000008   Data   RO         1841    .constdata          stm32f4xx_hal_dma.o
    0x0800df76   0x0800df76   0x00004740   Data   RO         4212    .constdata          lcd.o
    0x080126b6   0x080126b6   0x00000014   Data   RO         4794    .constdata          ft5206.o
    0x080126ca   0x080126ca   0x000000c2   Data   RO         4841    .constdata          gt9147.o
    0x0801278c   0x0801278c   0x0000000a   Data   RO         4893    .constdata          ott2001a.o
    0x08012796   0x08012796   0x00000002   PAD
    0x08012798   0x08012798   0x00000004   Data   RO         4953    .constdata          touch.o
    0x0801279c   0x0801279c   0x00000004   PAD
    0x080127a0   0x080127a0   0x00000050   Data   RO         6428    .constdata          m_wm.l(asin.o)
    0x080127f0   0x080127f0   0x00000088   Data   RO         6454    .constdata          m_wm.l(pow.o)
    0x08012878   0x08012878   0x00000098   Data   RO         6780    .constdata          m_wm.l(atan.o)
    0x08012910   0x08012910   0x00000008   Data   RO         6815    .constdata          m_wm.l(qnan.o)
    0x08012918   0x08012918   0x00000081   Data   RO         6866    .constdata          mc_w.l(ctype_o.o)
    0x08012999   0x08012999   0x00000003   PAD
    0x0801299c   0x0801299c   0x00000004   Data   RO         6867    .constdata          mc_w.l(ctype_o.o)
    0x080129a0   0x080129a0   0x00000079   Data   RO         4954    .conststring        touch.o
    0x08012a19   0x08012a19   0x00000003   PAD
    0x08012a1c   0x08012a1c   0x00000048   Data   RO         5649    .conststring        actuator.o
    0x08012a64   0x08012a64   0x00000020   Data   RO         6897    Region$$Table       anon$$obj.o


    Execution Region RW_IRAM1 (Exec base: 0x20000000, Load base: 0x08012a84, Size: 0x00000d70, Max: 0x00030000, ABSOLUTE, COMPRESSED[0x00000040])

    Exec Addr    Load Addr    Size         Type   Attr      Idx    E Section Name        Object

    0x20000000   COMPRESSED   0x00000004   Data   RW            8    .data               main.o
    0x20000004   COMPRESSED   0x00000004   PAD
    0x20000008   COMPRESSED   0x00000008   Data   RW            9    .data               main.o
    0x20000010   COMPRESSED   0x00000008   Data   RW           10    .data               main.o
    0x20000018   COMPRESSED   0x00000004   Data   RW           11    .data               main.o
    0x2000001c   COMPRESSED   0x00000004   Data   RW           12    .data               main.o
    0x20000020   COMPRESSED   0x00000004   Data   RW           13    .data               main.o
    0x20000024   COMPRESSED   0x00000004   Data   RW           14    .data               main.o
    0x20000028   COMPRESSED   0x00000001   Data   RW           15    .data               main.o
    0x20000029   COMPRESSED   0x00000001   PAD
    0x2000002a   COMPRESSED   0x00000002   Data   RW           16    .data               main.o
    0x2000002c   COMPRESSED   0x00000002   Data   RW           17    .data               main.o
    0x2000002e   COMPRESSED   0x00000001   Data   RW           18    .data               main.o
    0x2000002f   COMPRESSED   0x00000001   PAD
    0x20000030   COMPRESSED   0x00000002   Data   RW           19    .data               main.o
    0x20000032   COMPRESSED   0x00000002   Data   RW           20    .data               main.o
    0x20000034   COMPRESSED   0x00000004   Data   RW           21    .data               main.o
    0x20000038   COMPRESSED   0x00000002   Data   RW           25    .data               main.o
    0x2000003a   COMPRESSED   0x00000002   Data   RW           26    .data               main.o
    0x2000003c   COMPRESSED   0x00000002   Data   RW           27    .data               main.o
    0x2000003e   COMPRESSED   0x00000002   Data   RW           28    .data               main.o
    0x20000040   COMPRESSED   0x00000002   Data   RW           29    .data               main.o
    0x20000042   COMPRESSED   0x00000002   Data   RW           30    .data               main.o
    0x20000044   COMPRESSED   0x00000014   Data   RW          554    .data               system_stm32f4xx.o
    0x20000058   COMPRESSED   0x00000004   Data   RW          718    .data               stm32f4xx_hal.o
    0x2000005c   COMPRESSED   0x00000004   Data   RW         4089    .data               delay.o
    0x20000060   COMPRESSED   0x00000008   Data   RW         4213    .data               lcd.o
    0x20000068   COMPRESSED   0x00000008   Data   RW         4484    .data               ltdc.o
    0x20000070   COMPRESSED   0x00000007   Data   RW         4795    .data               ft5206.o
    0x20000077   COMPRESSED   0x00000001   Data   RW         4842    .data               gt9147.o
    0x20000078   COMPRESSED   0x00000001   Data   RW         4894    .data               ott2001a.o
    0x20000079   COMPRESSED   0x00000003   PAD
    0x2000007c   COMPRESSED   0x0000004c   Data   RW         4955    .data               touch.o
    0x200000c8   COMPRESSED   0x00000001   Data   RW         5055    .data               screen_app.o
    0x200000c9   COMPRESSED   0x00000003   PAD
    0x200000cc   COMPRESSED   0x00000008   Data   RW         5177    .data               uart_dma.o
    0x200000d4   COMPRESSED   0x00000034   Data   RW         5351    .data               attitude_solution.o
    0x20000108   COMPRESSED   0x00000024   Data   RW         5416    .data               icm20602.o
    0x2000012c   COMPRESSED   0x0000000c   Data   RW         5650    .data               actuator.o
    0x20000138   COMPRESSED   0x00000004   Data   RW         6830    .data               mc_w.l(stdout.o)
    0x2000013c   COMPRESSED   0x00000004   Data   RW         6844    .data               mc_w.l(errno.o)
    0x20000140        -       0x00000118   Zero   RW            7    .bss                main.o
    0x20000258        -       0x00000260   Zero   RW         4023    .bss                usart.o
    0x200004b8        -       0x0000005e   Zero   RW         4211    .bss                lcd.o
    0x20000516   COMPRESSED   0x00000002   PAD
    0x20000518        -       0x00000034   Zero   RW         4412    .bss                sdram.o
    0x2000054c        -       0x000000c8   Zero   RW         4482    .bss                ltdc.o
    0x20000614        -       0x00000110   Zero   RW         5176    .bss                uart_dma.o
    0x20000724   COMPRESSED   0x00000004   PAD
    0x20000728        -       0x00000098   Zero   RW         5350    .bss                attitude_solution.o
    0x200007c0        -       0x00000058   Zero   RW         5484    .bss                spi.o
    0x20000818        -       0x00000064   Zero   RW         5648    .bss                actuator.o
    0x2000087c        -       0x000000f0   Zero   RW         5702    .bss                tim.o
    0x2000096c   COMPRESSED   0x00000004   PAD
    0x20000970        -       0x00000400   Zero   RW          685    STACK               startup_stm32f429xx.o



  Load Region LR$$.ARM.__AT_0xC0000000 (Base: 0xc0000000, Size: 0x00000000, Max: 0x001f4000, ABSOLUTE)

    Execution Region ER$$.ARM.__AT_0xC0000000 (Exec base: 0xc0000000, Load base: 0xc0000000, Size: 0x001f4000, Max: 0x001f4000, ABSOLUTE, UNINIT)

    Exec Addr    Load Addr    Size         Type   Attr      Idx    E Section Name        Object

    0xc0000000        -       0x001f4000   Zero   RW         4481    .ARM.__AT_0xC0000000  ltdc.o


==============================================================================

Image component sizes


      Code (inc. data)   RO Data    RW Data    ZI Data      Debug   Object Name

       216          0          0          0          0       3129   24cxx.o
      1688        224         72         12        100       4277   actuator.o
      2256        188          0         52        152       7361   attitude_solution.o
       108         14          0          0          0       1364   beep.o
       712        116          0          0          0       5417   ctiic.o
        98          8          0          4          0       1923   delay.o
       108          4          0          0          0        850   dma.o
      1118         68         20          7          0       4505   ft5206.o
       376         24          0          0          0       1151   gpio.o
      1094         84        194          1          0       4862   gt9147.o
       410        100          0          0          0       3372   gun_action.o
       446         38          0         36          0       5424   icm20602.o
        92         12          0          0          0        927   key.o
     11680        188      18240          8         94      24151   lcd.o
        76          8          0          0          0        851   led.o
      1378        116          0          8    2048200       9288   ltdc.o
       684        210          0         62        280     444652   main.o
       584         16          0          0          0       7057   mpu6050.o
       628        100          0          0          0       4486   myiic.o
        68          0          0          0          0       1118   numandstr.o
       776         66         10          1          0       4555   ott2001a.o
      2344        162          0          1          0       5203   screen_app.o
       448         46          0          0         52       3326   sdram.o
       172         22          0          0         88       1681   spi.o
        44          0          0          0          0       1497   stack.o
        36          8        428          0       1024        812   startup_stm32f429xx.o
      1700        300          0          0          0       4584   status_transmit.o
       144         16          0          4          0       4668   stm32f4xx_hal.o
       218         14          0          0          0      30889   stm32f4xx_hal_cortex.o
       778         14          8          0          0       5259   stm32f4xx_hal_dma.o
       512         58          0          0          0       4399   stm32f4xx_hal_gpio.o
       856          4          0          0          0       4709   stm32f4xx_hal_ltdc.o
       140         14          0          0          0       1272   stm32f4xx_hal_pwr_ex.o
      1608         74         16          0          0       6127   stm32f4xx_hal_rcc.o
       680         36          0          0          0       1568   stm32f4xx_hal_rcc_ex.o
       148          0          0          0          0       2696   stm32f4xx_hal_sdram.o
      1296          0          0          0          0       4944   stm32f4xx_hal_spi.o
        86          0          0          0          0       1204   stm32f4xx_hal_sram.o
      1690         88          0          0          0      16200   stm32f4xx_hal_tim.o
        84          0          0          0          0       2390   stm32f4xx_hal_tim_ex.o
      1928         38          0          0          0      14731   stm32f4xx_hal_uart.o
       154         46          0          0          0      11349   stm32f4xx_it.o
       560         20          0          0          0       5772   stm32f4xx_ll_fmc.o
       132         10          0          0          0       1127   sys.o
        84         18          0         20          0       1021   system_stm32f4xx.o
       680         74          0          0        240       4621   tim.o
      3230        248        125         76          0      10881   touch.o
       774        100          0          8        272       6929   uart_dma.o
       708         74          0          0        608       6992   usart.o

    ----------------------------------------------------------------------
     45884       3068      19154        312    2051120     707571   Object Totals
         0          0         32          0          0          0   (incl. Generated)
        54          0          9         12         10          0   (incl. Padding)

    ----------------------------------------------------------------------

      Code (inc. data)   RO Data    RW Data    ZI Data      Debug   Library Member Name

       864         94         80          0          0        280   asin.o
       744        106        152          0          0        352   atan.o
       496         64          0          0          0        192   atan2.o
       184         44          0          0          0        744   dunder.o
        24          0          0          0          0        124   fabs.o
        48          0          0          0          0        124   fpclassify.o
       248          0          0          0          0        152   poly.o
      3152        296        136          0          0        352   pow.o
         0          0          8          0          0          0   qnan.o
       232          0          0          0          0        296   sqrt.o
        58          0          0          0          0          0   __dczerorl.o
        28          0          0          0          0         68   _chval.o
       158          0          0          0          0         92   _strtoul.o
        26          0          0          0          0         80   atoi.o
         8          4        133          0          0         68   ctype_o.o
         0          0          0          0          0          0   entry.o
         0          0          0          0          0          0   entry10a.o
         0          0          0          0          0          0   entry11a.o
         8          4          0          0          0          0   entry2.o
         4          0          0          0          0          0   entry5.o
         0          0          0          0          0          0   entry7b.o
         0          0          0          0          0          0   entry8b.o
         8          4          0          0          0          0   entry9a.o
        20         10          0          4          0        136   errno.o
        30          0          0          0          0          0   handlers.o
        36          8          0          0          0         68   init.o
         0          0          0          0          0          0   iusefp.o
        98          0          0          0          0         84   ldiv.o
        30          0          0          0          0         68   llshl.o
        36          0          0          0          0         68   llsshr.o
        32          0          0          0          0         68   llushr.o
        36          0          0          0          0         68   memcpya.o
        36          0          0          0          0        108   memseta.o
      2258         90          0          0          0        452   printfa.o
         0          0          0          4          0          0   stdout.o
        28          0          0          0          0         76   strcmp.o
       112          0          0          0          0         88   strtol.o
        44          0          0          0          0         80   uidiv.o
        98          0          0          0          0         92   uldiv.o
        48          0          0          0          0         68   cdcmple.o
        48          0          0          0          0         68   cdrcmple.o
        56          0          0          0          0         88   d2f.o
       334          0          0          0          0        148   dadd.o
       222          0          0          0          0        100   ddiv.o
       186          0          0          0          0        176   depilogue.o
        50          0          0          0          0         76   dfixui.o
        48          0          0          0          0         68   dfixul.o
        34          0          0          0          0         76   dflti.o
        40          0          0          0          0         80   dfltl.o
        26          0          0          0          0         76   dfltui.o
       228          0          0          0          0         96   dmul.o
        46          0          0          0          0         80   dscalb.o
       162          0          0          0          0        100   dsqrt.o
        38          0          0          0          0         68   f2d.o
       110          0          0          0          0        168   fepilogue.o

    ----------------------------------------------------------------------
     10870        724        512          8          0       5916   Library Totals
        10          0          3          0          0          0   (incl. Padding)

    ----------------------------------------------------------------------

      Code (inc. data)   RO Data    RW Data    ZI Data      Debug   Library Name

      5992        604        376          0          0       2616   m_wm.l
      3192        120        133          8          0       1764   mc_w.l
      1676          0          0          0          0       1536   mf_w.l

    ----------------------------------------------------------------------
     10870        724        512          8          0       5916   Library Totals

    ----------------------------------------------------------------------

==============================================================================


      Code (inc. data)   RO Data    RW Data    ZI Data      Debug   

     56754       3792      19666        320    2051120     682803   Grand Totals
     56754       3792      19666         64    2051120     682803   ELF Image Totals (compressed)
     56754       3792      19666         64          0          0   ROM Totals

==============================================================================

    Total RO  Size (Code + RO Data)                76420 (  74.63kB)
    Total RW  Size (RW Data + ZI Data)           2051440 (2003.36kB)
    Total ROM Size (Code + RO Data + RW Data)      76484 (  74.69kB)

==============================================================================

