<html>
<body>
<pre>
<h1>礦ision Build Log</h1>
<h2>Tool Versions:</h2>
IDE-Version: μVision V5.26.2.0
Copyright (C) 2018 ARM Ltd and ARM Germany GmbH. All rights reserved.
License Information: riMon B,  , LIC=TIVNB-2QZGP-IIR5V-PZFPX-GH9E0-WW8NQ
 
Tool Versions:
Toolchain:       MDK-ARM Plus  Version: 5.26.2.0
Toolchain Path:  D:\app\keilARM\ARM\ARMCC\Bin
C Compiler:      Armcc.exe V5.06 update 6 (build 750)
Assembler:       Armasm.exe V5.06 update 6 (build 750)
Linker/Locator:  ArmLink.exe V5.06 update 6 (build 750)
Library Manager: ArmAr.exe V5.06 update 6 (build 750)
Hex Converter:   FromElf.exe V5.06 update 6 (build 750)
CPU DLL:         SARMCM3.DLL V5.26.2.0
Dialog DLL:      DCM.DLL V1.17.2.0
Target DLL:      STLink\ST-LINKIII-KEIL_SWO.dll V3.0.5.0
Dialog DLL:      TCM.DLL V1.36.1.0
 
<h2>Project:</h2>
D:\_软件项目\电赛准备\RAILGUN\USER\TOUCH.uvprojx
Project File Date:  07/16/2021

<h2>Output:</h2>
*** Using Compiler 'V5.06 update 6 (build 750)', folder: 'D:\app\keilARM\ARM\ARMCC\Bin'
Build target 'TOUCH'
compiling main.c...
compiling ott2001a.c...
compiling screen_app.c...
compiling lcd.c...
compiling myiic.c...
compiling gt9147.c...
compiling usart.c...
compiling ft5206.c...
compiling 24cxx.c...
compiling stm32f4xx_it.c...
compiling touch.c...
compiling dma.c...
compiling attitude_solution.c...
compiling uart_dma.c...
compiling gpio.c...
compiling numandstr.c...
..\HARDWARE\uart\numandstr.c(23): warning:  #167-D: argument of type "uint8_t *" is incompatible with parameter of type "const char *"
  	return atoi(NumTemp);  // atoi函数将字符串转换成int
..\HARDWARE\uart\numandstr.c(62): warning:  #167-D: argument of type "uint8_t *" is incompatible with parameter of type "const char *"
  	OutputNum = (double)atoi(NumTemp_int);
..\HARDWARE\uart\numandstr.c: 2 warnings, 0 errors
compiling icm20602.c...
compiling spi.c...
compiling status_transmit.c...
compiling gun_action.c...
..\HARDWARE\gun_action\gun_action.c(78): warning:  #128-D: loop is not reachable
  		while(fire_flag == 0);
..\HARDWARE\gun_action\gun_action.c: 1 warning, 0 errors
compiling actuator.c...
compiling tim.c...
compiling senser.c...
compiling stack.c...
compiling mpu6050.c...
compiling inv_mpu_dmp_motion_driver.c...
compiling inv_mpu.c...
linking...
Program Size: Code=56298 RO-data=19666 RW-data=320 ZI-data=2051000  
FromELF: creating hex file...
"..\OBJ\TOUCH.axf" - 0 Error(s), 3 Warning(s).

<h2>Software Packages used:</h2>

Package Vendor: Keil
                http://www.keil.com/pack/Keil.STM32F4xx_DFP.2.12.0.pack
                Keil.STM32F4xx_DFP.2.12.0
                STMicroelectronics STM32F4 Series Device Support, Drivers and Examples

<h2>Collection of Component include folders:</h2>
  .\RTE\_TOUCH
  D:\app\keilARM\ARM\PACK\Keil\STM32F4xx_DFP\2.12.0\Drivers\CMSIS\Device\ST\STM32F4xx\Include

<h2>Collection of Component Files used:</h2>
Build Time Elapsed:  00:00:14
</pre>
</body>
</html>
